Archive member included to satisfy reference by file (symbol)

/usr/local/Caskroom/gcc-arm-embedded/7-2018-q2-update/gcc-arm-none-eabi-7-2018-q2-update/bin/../lib/gcc/arm-none-eabi/7.3.1/../../../../arm-none-eabi/lib/thumb/v7e-m/fpv4-sp/hard/libc.a(lib_a-exit.o)
                              /usr/local/Caskroom/gcc-arm-embedded/7-2018-q2-update/gcc-arm-none-eabi-7-2018-q2-update/bin/../lib/gcc/arm-none-eabi/7.3.1/../../../../arm-none-eabi/lib/thumb/v7e-m/fpv4-sp/hard/crt0.o (exit)
/usr/local/Caskroom/gcc-arm-embedded/7-2018-q2-update/gcc-arm-none-eabi-7-2018-q2-update/bin/../lib/gcc/arm-none-eabi/7.3.1/../../../../arm-none-eabi/lib/thumb/v7e-m/fpv4-sp/hard/libc.a(lib_a-gmtime.o)
                              _build/ab1815.o (gmtime)
/usr/local/Caskroom/gcc-arm-embedded/7-2018-q2-update/gcc-arm-none-eabi-7-2018-q2-update/bin/../lib/gcc/arm-none-eabi/7.3.1/../../../../arm-none-eabi/lib/thumb/v7e-m/fpv4-sp/hard/libc.a(lib_a-gmtime_r.o)
                              /usr/local/Caskroom/gcc-arm-embedded/7-2018-q2-update/gcc-arm-none-eabi-7-2018-q2-update/bin/../lib/gcc/arm-none-eabi/7.3.1/../../../../arm-none-eabi/lib/thumb/v7e-m/fpv4-sp/hard/libc.a(lib_a-gmtime.o) (gmtime_r)
/usr/local/Caskroom/gcc-arm-embedded/7-2018-q2-update/gcc-arm-none-eabi-7-2018-q2-update/bin/../lib/gcc/arm-none-eabi/7.3.1/../../../../arm-none-eabi/lib/thumb/v7e-m/fpv4-sp/hard/libc.a(lib_a-impure.o)
                              /usr/local/Caskroom/gcc-arm-embedded/7-2018-q2-update/gcc-arm-none-eabi-7-2018-q2-update/bin/../lib/gcc/arm-none-eabi/7.3.1/../../../../arm-none-eabi/lib/thumb/v7e-m/fpv4-sp/hard/libc.a(lib_a-exit.o) (_global_impure_ptr)
/usr/local/Caskroom/gcc-arm-embedded/7-2018-q2-update/gcc-arm-none-eabi-7-2018-q2-update/bin/../lib/gcc/arm-none-eabi/7.3.1/../../../../arm-none-eabi/lib/thumb/v7e-m/fpv4-sp/hard/libc.a(lib_a-init.o)
                              /usr/local/Caskroom/gcc-arm-embedded/7-2018-q2-update/gcc-arm-none-eabi-7-2018-q2-update/bin/../lib/gcc/arm-none-eabi/7.3.1/../../../../arm-none-eabi/lib/thumb/v7e-m/fpv4-sp/hard/crt0.o (__libc_init_array)
/usr/local/Caskroom/gcc-arm-embedded/7-2018-q2-update/gcc-arm-none-eabi-7-2018-q2-update/bin/../lib/gcc/arm-none-eabi/7.3.1/../../../../arm-none-eabi/lib/thumb/v7e-m/fpv4-sp/hard/libc.a(lib_a-locale.o)
                              _build/nrf_log_str_formatter.o (__locale_ctype_ptr)
/usr/local/Caskroom/gcc-arm-embedded/7-2018-q2-update/gcc-arm-none-eabi-7-2018-q2-update/bin/../lib/gcc/arm-none-eabi/7.3.1/../../../../arm-none-eabi/lib/thumb/v7e-m/fpv4-sp/hard/libc.a(lib_a-mbtowc_r.o)
                              /usr/local/Caskroom/gcc-arm-embedded/7-2018-q2-update/gcc-arm-none-eabi-7-2018-q2-update/bin/../lib/gcc/arm-none-eabi/7.3.1/../../../../arm-none-eabi/lib/thumb/v7e-m/fpv4-sp/hard/libc.a(lib_a-locale.o) (__ascii_mbtowc)
/usr/local/Caskroom/gcc-arm-embedded/7-2018-q2-update/gcc-arm-none-eabi-7-2018-q2-update/bin/../lib/gcc/arm-none-eabi/7.3.1/../../../../arm-none-eabi/lib/thumb/v7e-m/fpv4-sp/hard/libc.a(lib_a-memcmp.o)
                              _build/nrf_twi_mngr.o (memcmp)
/usr/local/Caskroom/gcc-arm-embedded/7-2018-q2-update/gcc-arm-none-eabi-7-2018-q2-update/bin/../lib/gcc/arm-none-eabi/7.3.1/../../../../arm-none-eabi/lib/thumb/v7e-m/fpv4-sp/hard/libc.a(lib_a-memcpy.o)
                              _build/ab1815.o (memcpy)
/usr/local/Caskroom/gcc-arm-embedded/7-2018-q2-update/gcc-arm-none-eabi-7-2018-q2-update/bin/../lib/gcc/arm-none-eabi/7.3.1/../../../../arm-none-eabi/lib/thumb/v7e-m/fpv4-sp/hard/libc.a(lib_a-memset.o)
                              /usr/local/Caskroom/gcc-arm-embedded/7-2018-q2-update/gcc-arm-none-eabi-7-2018-q2-update/bin/../lib/gcc/arm-none-eabi/7.3.1/../../../../arm-none-eabi/lib/thumb/v7e-m/fpv4-sp/hard/crt0.o (memset)
/usr/local/Caskroom/gcc-arm-embedded/7-2018-q2-update/gcc-arm-none-eabi-7-2018-q2-update/bin/../lib/gcc/arm-none-eabi/7.3.1/../../../../arm-none-eabi/lib/thumb/v7e-m/fpv4-sp/hard/libc.a(lib_a-mktime.o)
                              _build/ab1815.o (mktime)
/usr/local/Caskroom/gcc-arm-embedded/7-2018-q2-update/gcc-arm-none-eabi-7-2018-q2-update/bin/../lib/gcc/arm-none-eabi/7.3.1/../../../../arm-none-eabi/lib/thumb/v7e-m/fpv4-sp/hard/libc.a(lib_a-printf.o)
                              _build/main.o (printf)
/usr/local/Caskroom/gcc-arm-embedded/7-2018-q2-update/gcc-arm-none-eabi-7-2018-q2-update/bin/../lib/gcc/arm-none-eabi/7.3.1/../../../../arm-none-eabi/lib/thumb/v7e-m/fpv4-sp/hard/libc.a(lib_a-setbuf.o)
                              _build/before_startup.o (setbuf)
/usr/local/Caskroom/gcc-arm-embedded/7-2018-q2-update/gcc-arm-none-eabi-7-2018-q2-update/bin/../lib/gcc/arm-none-eabi/7.3.1/../../../../arm-none-eabi/lib/thumb/v7e-m/fpv4-sp/hard/libc.a(lib_a-setvbuf.o)
                              /usr/local/Caskroom/gcc-arm-embedded/7-2018-q2-update/gcc-arm-none-eabi-7-2018-q2-update/bin/../lib/gcc/arm-none-eabi/7.3.1/../../../../arm-none-eabi/lib/thumb/v7e-m/fpv4-sp/hard/libc.a(lib_a-setbuf.o) (setvbuf)
[...]
Memory Configuration

Name             Origin             Length             Attributes
FLASH            0x0000000000026000 0x00000000000d9000 xr
RAM              0x00000000200094b8 0x0000000000036b48 xrw
bootloader_settings_page 0x00000000000ff000 0x0000000000001000 r
uicr_bootloader_start_address 0x0000000010001014 0x0000000000000004 r
*default*        0x0000000000000000 0xffffffffffffffff

Linker script and memory map


.text           0x0000000000026000     0xad78
 *(.isr_vector)
 .isr_vector    0x0000000000026000      0x200 _build/gcc_startup_nrf52840.os
                0x0000000000026000                __isr_vector
 *(.text*)
 .text          0x0000000000026200       0x40 /usr/local/Caskroom/gcc-arm-embedded/7-2018-q2-update/gcc-arm-none-eabi-7-2018-q2-update/bin/../lib/gcc/arm-none-eabi/7.3.1/thumb/v7e-m/fpv4-sp/hard/crtbegin.o
 .text          0x0000000000026240       0x74 /usr/local/Caskroom/gcc-arm-embedded/7-2018-q2-update/gcc-arm-none-eabi-7-2018-q2-update/bin/../lib/gcc/arm-none-eabi/7.3.1/../../../../arm-none-eabi/lib/thumb/v7e-m/fpv4-sp/hard/crt0.o
                0x0000000000026240                _mainCRTStartup
                0x0000000000026240                _start
 *fill*         0x00000000000262b4        0x4 
 .text.startup.main
                0x00000000000262b8       0xb8 _build/main.o
                0x00000000000262b8                main
 .text.nrf_delay_ms.part.0
                0x0000000000026370       0x1c _build/better_error_handling.o
 .text.app_error_fault_handler
                0x000000000002638c      0x104 _build/better_error_handling.o
                0x000000000002638c                app_error_fault_handler
 .text.HardFault_process
                0x0000000000026490       0x9a _build/better_error_handling.o
                0x0000000000026490                HardFault_process
 *fill*         0x000000000002652a        0x2 
 .text.nrf_gpio_pin_port_decode
                0x000000000002652c       0x30 _build/ab1815.o
 .text.ab1815_write_reg.part.2
                0x000000000002655c       0x54 _build/ab1815.o
 .text.ab1815_read_reg.part.0
                0x00000000000265b0       0x5c _build/ab1815.o
 .text.ab1815_init
                0x000000000002660c       0x58 _build/ab1815.o
                0x000000000002660c                ab1815_init
 .text.ab1815_set_config
                0x0000000000026664       0x68 _build/ab1815.o
                0x0000000000026664                ab1815_set_config
 .text.ab1815_get_config
                0x00000000000266cc       0x40 _build/ab1815.o
                0x00000000000266cc                ab1815_get_config
 .text.ab1815_form_time_buffer
                0x000000000002670c      0x18c _build/ab1815.o
                0x000000000002670c                ab1815_form_time_buffer
 .text.ab1815_set_time
                0x0000000000026898       0x3c _build/ab1815.o
                0x0000000000026898                ab1815_set_time
 .text.ab1815_get_time
                0x00000000000268d4       0xb2 _build/ab1815.o
                0x00000000000268d4                ab1815_get_time
 .text.unix_to_ab1815
                0x0000000000026986       0x4c _build/ab1815.o
                0x0000000000026986                unix_to_ab1815
 .text.app_error_handler
                0x00000000000269d2       0x1a _build/app_error_handler_gcc.o
                0x00000000000269d2                app_error_handler
 .text.user_op_alloc
                0x00000000000269ec       0x2c _build/app_timer.o
 .text.timer_stop_op_schedule
                0x0000000000026a18       0x48 _build/app_timer.o
 .text.nrfx_coredep_delay_us.constprop.3
                0x0000000000026a60       0x10 _build/app_timer.o
 .text.RTC1_IRQHandler
                0x0000000000026a70       0x9c _build/app_timer.o
                0x0000000000026a70                RTC1_IRQHandler
 .text.SWI0_EGU0_IRQHandler
                0x0000000000026b0c      0x2a4 _build/app_timer.o
                0x0000000000026b0c                SWI0_EGU0_IRQHandler
 .text.app_timer_start
                0x0000000000026db0       0x84 _build/app_timer.o
                0x0000000000026db0                app_timer_start
 .text.app_timer_stop
                0x0000000000026e34       0x20 _build/app_timer.o
                0x0000000000026e34                app_timer_stop
 .text.app_util_disable_irq
                0x0000000000026e54       0x10 _build/app_util_platform.o
                0x0000000000026e54                app_util_disable_irq
 .text.app_util_enable_irq
                0x0000000000026e64       0x14 _build/app_util_platform.o
                0x0000000000026e64                app_util_enable_irq
 .text.privilege_level_get
                0x0000000000026e78       0x1a _build/app_util_platform.o
                0x0000000000026e78                privilege_level_get
 *fill*         0x0000000000026e92        0x2 
 .text.app_util_critical_region_enter
                0x0000000000026e94       0x20 _build/app_util_platform.o
                0x0000000000026e94                app_util_critical_region_enter
 .text.app_util_critical_region_exit
                0x0000000000026eb4       0x20 _build/app_util_platform.o
                0x0000000000026eb4                app_util_critical_region_exit
 .text.startup.called_first
                0x0000000000026ed4       0x10 _build/before_startup.o
                0x0000000000026ed4                called_first
 .text.HardFault_Handler
                0x0000000000026ee4       0x34 _build/hardfault_handler_gcc.o
                0x0000000000026ee4                HardFault_Handler
 .text.HardFault_c_handler
                0x0000000000026f18      0x104 _build/hardfault_implementation.o
                0x0000000000026f18                HardFault_c_handler
 .text.nrf_atomic_u32_fetch_store
                0x000000000002701c       0x14 _build/nrf_atomic.o
                0x000000000002701c                nrf_atomic_u32_fetch_store
 .text.nrf_atomic_u32_or
                0x0000000000027030       0x16 _build/nrf_atomic.o
                0x0000000000027030                nrf_atomic_u32_or
 .text.nrf_atomic_u32_fetch_and
                0x0000000000027046       0x16 _build/nrf_atomic.o
                0x0000000000027046                nrf_atomic_u32_fetch_and
 .text.nrf_atomic_u32_add
                0x000000000002705c       0x16 _build/nrf_atomic.o
                0x000000000002705c                nrf_atomic_u32_add
 .text.nrf_atomic_u32_sub
                0x0000000000027072       0x16 _build/nrf_atomic.o
                0x0000000000027072                nrf_atomic_u32_sub
 .text.nrf_atomic_flag_set
                0x0000000000027088        0x6 _build/nrf_atomic.o
                0x0000000000027088                nrf_atomic_flag_set
 .text.nrf_atomic_flag_clear_fetch
                0x000000000002708e        0x6 _build/nrf_atomic.o
                0x000000000002708e                nrf_atomic_flag_clear_fetch
 .text.nrf_balloc_alloc
                0x0000000000027094       0x54 _build/nrf_balloc.o
                0x0000000000027094                nrf_balloc_alloc
 .text.nrf_balloc_free
                0x00000000000270e8       0x48 _build/nrf_balloc.o
                0x00000000000270e8                nrf_balloc_free
 .text.spim_evt_handler
                0x0000000000027130       0x3c _build/nrf_drv_spi.o
 .text.nrf_drv_spi_init
                0x000000000002716c       0x80 _build/nrf_drv_spi.o
                0x000000000002716c                nrf_drv_spi_init
 .text.invalid_packets_omit
                0x00000000000271ec       0x3a _build/nrf_log_frontend.o
 *fill*         0x0000000000027226        0x2 
 .text.buf_prealloc
                0x0000000000027228      0x130 _build/nrf_log_frontend.o
 .text.buffer_is_empty
                0x0000000000027358       0x14 _build/nrf_log_frontend.o
                0x0000000000027358                buffer_is_empty
 .text.nrf_log_frontend_dequeue
                0x000000000002736c      0x220 _build/nrf_log_frontend.o
                0x000000000002736c                nrf_log_frontend_dequeue
 .text.std_n    0x000000000002758c       0xd8 _build/nrf_log_frontend.o
 .text.nrf_log_frontend_std_0
                0x0000000000027664        0x8 _build/nrf_log_frontend.o
                0x0000000000027664                nrf_log_frontend_std_0
 .text.nrf_log_frontend_std_1
                0x000000000002766c       0x14 _build/nrf_log_frontend.o
                0x000000000002766c                nrf_log_frontend_std_1
 .text.nrf_log_frontend_std_2
                0x0000000000027680       0x14 _build/nrf_log_frontend.o
                0x0000000000027680                nrf_log_frontend_std_2
 .text.nrf_log_frontend_std_3
                0x0000000000027694       0x18 _build/nrf_log_frontend.o
                0x0000000000027694                nrf_log_frontend_std_3
 .text.nrf_log_frontend_std_4
                0x00000000000276ac       0x1c _build/nrf_log_frontend.o
                0x00000000000276ac                nrf_log_frontend_std_4
 .text.nrf_log_panic
                0x00000000000276c8       0x2c _build/nrf_log_frontend.o
                0x00000000000276c8                nrf_log_panic
 .text.memobj_op
                0x00000000000276f4       0xa4 _build/nrf_memobj.o
 .text.nrf_memobj_free
                0x0000000000027798       0x2c _build/nrf_memobj.o
                0x0000000000027798                nrf_memobj_free
 .text.nrf_memobj_alloc
                0x00000000000277c4       0x5e _build/nrf_memobj.o
                0x00000000000277c4                nrf_memobj_alloc
 .text.nrf_memobj_get
                0x0000000000027822        0x8 _build/nrf_memobj.o
                0x0000000000027822                nrf_memobj_get
 .text.nrf_memobj_put
                0x000000000002782a       0x1e _build/nrf_memobj.o
                0x000000000002782a                nrf_memobj_put
 .text.nrf_memobj_write
                0x0000000000027848       0x2c _build/nrf_memobj.o
                0x0000000000027848                nrf_memobj_write
 .text.nrf_section_iter_init
                0x0000000000027874       0x30 _build/nrf_section_iter.o
                0x0000000000027874                nrf_section_iter_init
 .text.nrf_section_iter_next
                0x00000000000278a4       0x38 _build/nrf_section_iter.o
                0x00000000000278a4                nrf_section_iter_next
 .text.nrf_strerror_find
                0x00000000000278dc       0x3c _build/nrf_strerror.o
                0x00000000000278dc                nrf_strerror_find
 .text.nrf_strerror_get
                0x0000000000027918       0x14 _build/nrf_strerror.o
                0x0000000000027918                nrf_strerror_get
 .text.nrf_gpiote_event_clear
                0x000000000002792c       0x18 _build/nrfx_gpiote.o
 .text.channel_free
                0x0000000000027944       0x1c _build/nrfx_gpiote.o
 .text.nrf_gpio_pin_port_decode
                0x0000000000027960       0x30 _build/nrfx_gpiote.o
 .text.nrf_gpio_cfg_sense_set
                0x0000000000027990       0x32 _build/nrfx_gpiote.o
 *fill*         0x00000000000279c2        0x2 
 .text.nrf_gpio_ports_read.constprop.2
                0x00000000000279c4       0x18 _build/nrfx_gpiote.o
 .text.nrfx_gpiote_init
                0x00000000000279dc       0x6c _build/nrfx_gpiote.o
                0x00000000000279dc                nrfx_gpiote_init
 .text.nrfx_gpiote_is_init
                0x0000000000027a48       0x14 _build/nrfx_gpiote.o
                0x0000000000027a48                nrfx_gpiote_is_init
 .text.nrfx_gpiote_out_init
                0x0000000000027a5c      0x11c _build/nrfx_gpiote.o
                0x0000000000027a5c                nrfx_gpiote_out_init
 .text.nrfx_gpiote_out_set
                0x0000000000027b78       0x5c _build/nrfx_gpiote.o
                0x0000000000027b78                nrfx_gpiote_out_set
 .text.nrfx_gpiote_out_clear
                0x0000000000027bd4       0x5c _build/nrfx_gpiote.o
                0x0000000000027bd4                nrfx_gpiote_out_clear
 .text.GPIOTE_IRQHandler
                0x0000000000027c30      0x198 _build/nrfx_gpiote.o
                0x0000000000027c30                GPIOTE_IRQHandler
 .text.nrf_saadc_event_clear
                0x0000000000027dc8       0x18 _build/nrfx_saadc.o
 .text.SAADC_IRQHandler
                0x0000000000027de0      0x164 _build/nrfx_saadc.o
                0x0000000000027de0                SAADC_IRQHandler
 .text.irq_handler.constprop.0
                0x0000000000027f44       0x4c _build/nrfx_timer.o
 .text.TIMER0_IRQHandler
                0x0000000000027f90       0x10 _build/nrfx_timer.o
                0x0000000000027f90                TIMER0_IRQHandler
 .text.TIMER1_IRQHandler
                0x0000000000027fa0       0x10 _build/nrfx_timer.o
                0x0000000000027fa0                TIMER1_IRQHandler
 .text.nrf_twim_event_clear
                0x0000000000027fb0       0x10 _build/nrfx_twim.o
 .text.SPIM0_SPIS0_TWIM0_TWIS0_SPI0_TWI0_IRQHandler
                0x0000000000027fc0      0x158 _build/nrfx_twim.o
                0x0000000000027fc0                SPIM0_SPIS0_TWIM0_TWIS0_SPI0_TWI0_IRQHandler
 .text.nrf_gpio_pin_port_decode
                0x0000000000028118       0x30 _build/nrfx_spim.o
 .text.nrf_gpio_pin_clear
                0x0000000000028148       0x1e _build/nrfx_spim.o
 .text.nrf_gpio_pin_set
                0x0000000000028166       0x1e _build/nrfx_spim.o
 .text.SPIM1_SPIS1_TWIM1_TWIS1_SPI1_TWI1_IRQHandler
                0x0000000000028184       0x64 _build/nrfx_spim.o
                0x0000000000028184                SPIM1_SPIS1_TWIM1_TWIS1_SPI1_TWI1_IRQHandler
 .text.nrfx_spim_init
                0x00000000000281e8      0x208 _build/nrfx_spim.o
                0x00000000000281e8                nrfx_spim_init
 .text.nrfx_spim_uninit
                0x00000000000283f0       0xbc _build/nrfx_spim.o
                0x00000000000283f0                nrfx_spim_uninit
 .text.nrfx_spim_xfer
                0x00000000000284ac      0x174 _build/nrfx_spim.o
                0x00000000000284ac                nrfx_spim_xfer
 .text.POWER_CLOCK_IRQHandler
                0x0000000000028620       0x64 _build/nrfx_clock.o
                0x0000000000028620                POWER_CLOCK_IRQHandler
 .text.UARTE0_UART0_IRQHandler
                0x0000000000028684       0x20 _build/nrfx_prs.o
                0x0000000000028684                UARTE0_UART0_IRQHandler
 .text.nrfx_prs_acquire
                0x00000000000286a4       0x44 _build/nrfx_prs.o
                0x00000000000286a4                nrfx_prs_acquire
 .text.nrfx_prs_release
                0x00000000000286e8       0x28 _build/nrfx_prs.o
                0x00000000000286e8                nrfx_prs_release
 .text.nrf_pwm_event_clear
                0x0000000000028710       0x10 _build/nrfx_pwm.o
 .text.irq_handler
                0x0000000000028720       0x80 _build/nrfx_pwm.o
 .text.PWM0_IRQHandler
                0x00000000000287a0       0x10 _build/nrfx_pwm.o
                0x00000000000287a0                PWM0_IRQHandler
 .text.PWM1_IRQHandler
                0x00000000000287b0       0x10 _build/nrfx_pwm.o
                0x00000000000287b0                PWM1_IRQHandler
 .text.PWM2_IRQHandler
                0x00000000000287c0       0x10 _build/nrfx_pwm.o
                0x00000000000287c0                PWM2_IRQHandler
 .text._GetAvailWriteSpace
                0x00000000000287d0       0x1c _build/SEGGER_RTT.o
 .text._WriteNoCheck
                0x00000000000287ec       0x3a _build/SEGGER_RTT.o
 .text._WriteBlocking
                0x0000000000028826       0x52 _build/SEGGER_RTT.o
 .text._DoInit  0x0000000000028878       0x60 _build/SEGGER_RTT.o
 .text.SEGGER_RTT_WriteNoLock
                0x00000000000288d8       0x68 _build/SEGGER_RTT.o
                0x00000000000288d8                SEGGER_RTT_WriteNoLock
 .text.SEGGER_RTT_Write
                0x0000000000028940       0x34 _build/SEGGER_RTT.o
                0x0000000000028940                SEGGER_RTT_Write
 .text._write_r
                0x0000000000028974       0x12 _build/SEGGER_RTT_Syscalls_GCC.o
                0x0000000000028974                _write_r
 *fill*         0x0000000000028986        0x2 
 .text.nrf_sdh_evts_poll
                0x0000000000028988       0x28 _build/nrf_sdh.o
                0x0000000000028988                nrf_sdh_evts_poll
 .text.SWI2_EGU2_IRQHandler
                0x00000000000289b0        0x4 _build/nrf_sdh.o
                0x00000000000289b0                SWI2_EGU2_IRQHandler
 .text.ble_advdata_search
                0x00000000000289b4       0x38 _build/ble_advdata.o
                0x00000000000289b4                ble_advdata_search
 .text.ble_advdata_parse
                0x00000000000289ec       0x20 _build/ble_advdata.o
                0x00000000000289ec                ble_advdata_parse
 .text.sd_ble_gap_adv_set_configure
                0x0000000000028a0c        0x4 _build/ble_advertising.o
 .text.sd_ble_gap_adv_start
                0x0000000000028a10        0x4 _build/ble_advertising.o
 .text.flags_set
                0x0000000000028a14       0x2c _build/ble_advertising.o
 .text.ble_advertising_start
                0x0000000000028a40      0x21c _build/ble_advertising.o
                0x0000000000028a40                ble_advertising_start
 .text.ble_advertising_on_ble_evt
                0x0000000000028c5c       0x6a _build/ble_advertising.o
                0x0000000000028c5c                ble_advertising_on_ble_evt
 .text.ble_advertising_on_sys_evt
                0x0000000000028cc6        0x2 _build/ble_advertising.o
                0x0000000000028cc6                ble_advertising_on_sys_evt
 .text.instance_get
                0x0000000000028cc8       0x14 _build/ble_conn_params.o
 .text.send_error_evt
                0x0000000000028cdc       0x10 _build/ble_conn_params.o
 .text.conn_params_negotiation
                0x0000000000028cec       0x48 _build/ble_conn_params.o
 .text.is_conn_params_ok.constprop.3
                0x0000000000028d34       0x3a _build/ble_conn_params.o
 *fill*         0x0000000000028d6e        0x2 
 .text.ble_evt_handler
                0x0000000000028d70       0xe0 _build/ble_conn_params.o
 .text.ble_srv_is_notification_enabled
                0x0000000000028e50        0x8 _build/ble_srv_common.o
                0x0000000000028e50                ble_srv_is_notification_enabled
 .text.sd_ble_gap_data_length_update
                0x0000000000028e58        0x4 _build/nrf_ble_gatt.o
 .text.sd_ble_gattc_exchange_mtu_request
                0x0000000000028e5c        0x4 _build/nrf_ble_gatt.o
 .text.sd_ble_gatts_exchange_mtu_reply
                0x0000000000028e60        0x4 _build/nrf_ble_gatt.o
 .text.data_length_update
                0x0000000000028e64       0x7c _build/nrf_ble_gatt.o
 .text.nrf_ble_gatt_on_ble_evt
                0x0000000000028ee0      0x1b0 _build/nrf_ble_gatt.o
                0x0000000000028ee0                nrf_ble_gatt_on_ble_evt
 .text.sd_ble_gatts_rw_authorize_reply
                0x0000000000029090        0x4 _build/nrf_ble_qwr.o
 .text.sd_ble_user_mem_reply
                0x0000000000029094        0x4 _build/nrf_ble_qwr.o
 .text.user_mem_reply.part.0
                0x0000000000029098       0x24 _build/nrf_ble_qwr.o
 .text.nrf_ble_qwr_conn_handle_assign
                0x00000000000290bc       0x16 _build/nrf_ble_qwr.o
                0x00000000000290bc                nrf_ble_qwr_conn_handle_assign
 .text.nrf_ble_qwr_on_ble_evt
                0x00000000000290d2       0xa0 _build/nrf_ble_qwr.o
                0x00000000000290d2                nrf_ble_qwr_on_ble_evt
 .text.sd_ble_evt_get
                0x0000000000029172        0x4 _build/nrf_sdh_ble.o
 *fill*         0x0000000000029176        0x2 
 .text.nrf_sdh_ble_evts_poll.part.0
                0x0000000000029178       0x58 _build/nrf_sdh_ble.o
 .text.nrf_sdh_ble_evts_poll
                0x00000000000291d0       0x10 _build/nrf_sdh_ble.o
 .text.sd_ble_gap_disconnect
                0x00000000000291e0        0x4 _build/simple_ble.o
 .text.sd_ble_gap_sec_params_reply
                0x00000000000291e4        0x4 _build/simple_ble.o
 .text.sd_ble_gap_sec_info_reply
                0x00000000000291e8        0x4 _build/simple_ble.o
 .text.sd_ble_gap_scan_start
                0x00000000000291ec        0x4 _build/simple_ble.o
 .text.sd_ble_gap_phy_update
                0x00000000000291f0        0x4 _build/simple_ble.o
 .text.sd_ble_gatts_sys_attr_set
                0x00000000000291f4        0x4 _build/simple_ble.o
 .text.sd_power_system_off
                0x00000000000291f8        0x4 _build/simple_ble.o
 .text.on_ble_evt
                0x00000000000291fc      0x1d0 _build/simple_ble.o
 .text.assert_nrf_callback
                0x00000000000293cc       0x20 _build/simple_ble.o
                0x00000000000293cc                assert_nrf_callback
 .text.errata_98
                0x00000000000293ec       0x20 _build/system_nrf52840.o
 .text.SystemInit
                0x000000000002940c      0x1b8 _build/system_nrf52840.o
                0x000000000002940c                SystemInit
 .text          0x00000000000295c4       0x3c _build/gcc_startup_nrf52840.os
                0x00000000000295c4                Reset_Handler
                0x00000000000295ec                NMI_Handler
                0x00000000000295f0                MemoryManagement_Handler
                0x00000000000295f2                BusFault_Handler
                0x00000000000295f4                UsageFault_Handler
                0x00000000000295f6                SVC_Handler
                0x00000000000295f8                DebugMon_Handler
                0x00000000000295fa                PendSV_Handler
                0x00000000000295fc                SysTick_Handler
                0x00000000000295fe                USBD_IRQHandler
                0x00000000000295fe                TIMER4_IRQHandler
                0x00000000000295fe                CRYPTOCELL_IRQHandler
                0x00000000000295fe                I2S_IRQHandler
                0x00000000000295fe                SWI4_EGU4_IRQHandler
                0x00000000000295fe                UARTE1_IRQHandler
                0x00000000000295fe                SPIM3_IRQHandler
                0x00000000000295fe                ECB_IRQHandler
                0x00000000000295fe                Default_Handler
                0x00000000000295fe                CCM_AAR_IRQHandler
                0x00000000000295fe                WDT_IRQHandler
                0x00000000000295fe                SWI5_EGU5_IRQHandler
                0x00000000000295fe                RNG_IRQHandler
                0x00000000000295fe                RTC2_IRQHandler
                0x00000000000295fe                SWI3_EGU3_IRQHandler
                0x00000000000295fe                SWI1_EGU1_IRQHandler
                0x00000000000295fe                SPIM2_SPIS2_SPI2_IRQHandler
                0x00000000000295fe                NFCT_IRQHandler
                0x00000000000295fe                MWU_IRQHandler
                0x00000000000295fe                QSPI_IRQHandler
                0x00000000000295fe                TIMER2_IRQHandler
                0x00000000000295fe                COMP_LPCOMP_IRQHandler
                0x00000000000295fe                RTC0_IRQHandler
                0x00000000000295fe                RADIO_IRQHandler
                0x00000000000295fe                PDM_IRQHandler
                0x00000000000295fe                TEMP_IRQHandler
                0x00000000000295fe                QDEC_IRQHandler
                0x00000000000295fe                TIMER3_IRQHandler
                0x00000000000295fe                PWM3_IRQHandler
                0x00000000000295fe                FPU_IRQHandler
 .text.exit     0x0000000000029600       0x20 /usr/local/Caskroom/gcc-arm-embedded/7-2018-q2-update/gcc-arm-none-eabi-7-2018-q2-update/bin/../lib/gcc/arm-none-eabi/7.3.1/../../../../arm-none-eabi/lib/thumb/v7e-m/fpv4-sp/hard/libc.a(lib_a-exit.o)
                0x0000000000029600                exit
 .text.gmtime   0x0000000000029620       0x10 /usr/local/Caskroom/gcc-arm-embedded/7-2018-q2-update/gcc-arm-none-eabi-7-2018-q2-update/bin/../lib/gcc/arm-none-eabi/7.3.1/../../../../arm-none-eabi/lib/thumb/v7e-m/fpv4-sp/hard/libc.a(lib_a-gmtime.o)
                0x0000000000029620                gmtime
 .text.gmtime_r
                0x0000000000029630      0x1cc /usr/local/Caskroom/gcc-arm-embedded/7-2018-q2-update/gcc-arm-none-eabi-7-2018-q2-update/bin/../lib/gcc/arm-none-eabi/7.3.1/../../../../arm-none-eabi/lib/thumb/v7e-m/fpv4-sp/hard/libc.a(lib_a-gmtime_r.o)
                0x0000000000029630                gmtime_r
 .text.__libc_init_array
                0x00000000000297fc       0x48 /usr/local/Caskroom/gcc-arm-embedded/7-2018-q2-update/gcc-arm-none-eabi-7-2018-q2-update/bin/../lib/gcc/arm-none-eabi/7.3.1/../../../../arm-none-eabi/lib/thumb/v7e-m/fpv4-sp/hard/libc.a(lib_a-init.o)
                0x00000000000297fc                __libc_init_array
 .text.__locale_mb_cur_max
                0x0000000000029844       0x1c /usr/local/Caskroom/gcc-arm-embedded/7-2018-q2-update/gcc-arm-none-eabi-7-2018-q2-update/bin/../lib/gcc/arm-none-eabi/7.3.1/../../../../arm-none-eabi/lib/thumb/v7e-m/fpv4-sp/hard/libc.a(lib_a-locale.o)
                0x0000000000029844                __locale_mb_cur_max
 .text.__ascii_mbtowc
                0x0000000000029860       0x2c /usr/local/Caskroom/gcc-arm-embedded/7-2018-q2-update/gcc-arm-none-eabi-7-2018-q2-update/bin/../lib/gcc/arm-none-eabi/7.3.1/../../../../arm-none-eabi/lib/thumb/v7e-m/fpv4-sp/hard/libc.a(lib_a-mbtowc_r.o)
                0x0000000000029860                __ascii_mbtowc
 .text          0x000000000002988c      0x134 /usr/local/Caskroom/gcc-arm-embedded/7-2018-q2-update/gcc-arm-none-eabi-7-2018-q2-update/bin/../lib/gcc/arm-none-eabi/7.3.1/../../../../arm-none-eabi/lib/thumb/v7e-m/fpv4-sp/hard/libc.a(lib_a-memcpy.o)
                0x000000000002988c                memcpy
 .text.memset   0x00000000000299c0       0x94 /usr/local/Caskroom/gcc-arm-embedded/7-2018-q2-update/gcc-arm-none-eabi-7-2018-q2-update/bin/../lib/gcc/arm-none-eabi/7.3.1/../../../../arm-none-eabi/lib/thumb/v7e-m/fpv4-sp/hard/libc.a(lib_a-memset.o)
                0x00000000000299c0                memset
 .text.printf   0x0000000000029a54       0x28 /usr/local/Caskroom/gcc-arm-embedded/7-2018-q2-update/gcc-arm-none-eabi-7-2018-q2-update/bin/../lib/gcc/arm-none-eabi/7.3.1/../../../../arm-none-eabi/lib/thumb/v7e-m/fpv4-sp/hard/libc.a(lib_a-printf.o)
                0x0000000000029a54                printf
 .text.setbuf   0x0000000000029a7c       0x10 /usr/local/Caskroom/gcc-arm-embedded/7-2018-q2-update/gcc-arm-none-eabi-7-2018-q2-update/bin/../lib/gcc/arm-none-eabi/7.3.1/../../../../arm-none-eabi/lib/thumb/v7e-m/fpv4-sp/hard/libc.a(lib_a-setbuf.o)
                0x0000000000029a7c                setbuf
 .text.setvbuf  0x0000000000029a8c      0x180 /usr/local/Caskroom/gcc-arm-embedded/7-2018-q2-update/gcc-arm-none-eabi-7-2018-q2-update/bin/../lib/gcc/arm-none-eabi/7.3.1/../../../../arm-none-eabi/lib/thumb/v7e-m/fpv4-sp/hard/libc.a(lib_a-setvbuf.o)
                0x0000000000029a8c                setvbuf
 .text.strcpy   0x0000000000029c0c       0xbc /usr/local/Caskroom/gcc-arm-embedded/7-2018-q2-update/gcc-arm-none-eabi-7-2018-q2-update/bin/../lib/gcc/arm-none-eabi/7.3.1/../../../../arm-none-eabi/lib/thumb/v7e-m/fpv4-sp/hard/libc.a(lib_a-strcpy.o)
                0x0000000000029c0c                strcpy
 *fill*         0x0000000000029cc8       0x38 
 .text          0x0000000000029d00       0xdc /usr/local/Caskroom/gcc-arm-embedded/7-2018-q2-update/gcc-arm-none-eabi-7-2018-q2-update/bin/../lib/gcc/arm-none-eabi/7.3.1/../../../../arm-none-eabi/lib/thumb/v7e-m/fpv4-sp/hard/libc.a(lib_a-strlen.o)
                0x0000000000029d00                strlen
 *fill*         0x0000000000029ddc        0x4 
 .text._vfprintf_r
                0x0000000000029de0     0x1a7c /usr/local/Caskroom/gcc-arm-embedded/7-2018-q2-update/gcc-arm-none-eabi-7-2018-q2-update/bin/../lib/gcc/arm-none-eabi/7.3.1/../../../../arm-none-eabi/lib/thumb/v7e-m/fpv4-sp/hard/libc.a(lib_a-vfprintf.o)
                0x0000000000029de0                _vfprintf_r
 .text.__sbprintf
                0x000000000002b85c       0x84 /usr/local/Caskroom/gcc-arm-embedded/7-2018-q2-update/gcc-arm-none-eabi-7-2018-q2-update/bin/../lib/gcc/arm-none-eabi/7.3.1/../../../../arm-none-eabi/lib/thumb/v7e-m/fpv4-sp/hard/libc.a(lib_a-vfprintf.o)
 .text.__ascii_wctomb
                0x000000000002b8e0       0x1c /usr/local/Caskroom/gcc-arm-embedded/7-2018-q2-update/gcc-arm-none-eabi-7-2018-q2-update/bin/../lib/gcc/arm-none-eabi/7.3.1/../../../../arm-none-eabi/lib/thumb/v7e-m/fpv4-sp/hard/libc.a(lib_a-wctomb_r.o)
                0x000000000002b8e0                __ascii_wctomb
 .text.__swsetup_r
                0x000000000002b8fc       0xcc /usr/local/Caskroom/gcc-arm-embedded/7-2018-q2-update/gcc-arm-none-eabi-7-2018-q2-update/bin/../lib/gcc/arm-none-eabi/7.3.1/../../../../arm-none-eabi/lib/thumb/v7e-m/fpv4-sp/hard/libc.a(lib_a-wsetup.o)
                0x000000000002b8fc                __swsetup_r
 .text.startup.register_fini
                0x000000000002b9c8       0x14 /usr/local/Caskroom/gcc-arm-embedded/7-2018-q2-update/gcc-arm-none-eabi-7-2018-q2-update/bin/../lib/gcc/arm-none-eabi/7.3.1/../../../../arm-none-eabi/lib/thumb/v7e-m/fpv4-sp/hard/libc.a(lib_a-__call_atexit.o)
 .text.__call_exitprocs
                0x000000000002b9dc       0xe8 /usr/local/Caskroom/gcc-arm-embedded/7-2018-q2-update/gcc-arm-none-eabi-7-2018-q2-update/bin/../lib/gcc/arm-none-eabi/7.3.1/../../../../arm-none-eabi/lib/thumb/v7e-m/fpv4-sp/hard/libc.a(lib_a-__call_atexit.o)
                0x000000000002b9dc                __call_exitprocs
 .text.atexit   0x000000000002bac4        0xc /usr/local/Caskroom/gcc-arm-embedded/7-2018-q2-update/gcc-arm-none-eabi-7-2018-q2-update/bin/../lib/gcc/arm-none-eabi/7.3.1/../../../../arm-none-eabi/lib/thumb/v7e-m/fpv4-sp/hard/libc.a(lib_a-atexit.o)
                0x000000000002bac4                atexit
 .text.quorem   0x000000000002bad0      0x124 /usr/local/Caskroom/gcc-arm-embedded/7-2018-q2-update/gcc-arm-none-eabi-7-2018-q2-update/bin/../lib/gcc/arm-none-eabi/7.3.1/../../../../arm-none-eabi/lib/thumb/v7e-m/fpv4-sp/hard/libc.a(lib_a-dtoa.o)
 *fill*         0x000000000002bbf4        0x4 
 .text._dtoa_r  0x000000000002bbf8      0xe20 /usr/local/Caskroom/gcc-arm-embedded/7-2018-q2-update/gcc-arm-none-eabi-7-2018-q2-update/bin/../lib/gcc/arm-none-eabi/7.3.1/../../../../arm-none-eabi/lib/thumb/v7e-m/fpv4-sp/hard/libc.a(lib_a-dtoa.o)
                0x000000000002bbf8                _dtoa_r
 .text.__sflush_r
                0x000000000002ca18      0x154 /usr/local/Caskroom/gcc-arm-embedded/7-2018-q2-update/gcc-arm-none-eabi-7-2018-q2-update/bin/../lib/gcc/arm-none-eabi/7.3.1/../../../../arm-none-eabi/lib/thumb/v7e-m/fpv4-sp/hard/libc.a(lib_a-fflush.o)
                0x000000000002ca18                __sflush_r
 .text._fflush_r
                0x000000000002cb6c       0x5c /usr/local/Caskroom/gcc-arm-embedded/7-2018-q2-update/gcc-arm-none-eabi-7-2018-q2-update/bin/../lib/gcc/arm-none-eabi/7.3.1/../../../../arm-none-eabi/lib/thumb/v7e-m/fpv4-sp/hard/libc.a(lib_a-fflush.o)
                0x000000000002cb6c                _fflush_r
 .text.std      0x000000000002cbc8       0x50 /usr/local/Caskroom/gcc-arm-embedded/7-2018-q2-update/gcc-arm-none-eabi-7-2018-q2-update/bin/../lib/gcc/arm-none-eabi/7.3.1/../../../../arm-none-eabi/lib/thumb/v7e-m/fpv4-sp/hard/libc.a(lib_a-findfp.o)
 .text._cleanup_r
                0x000000000002cc18        0xc /usr/local/Caskroom/gcc-arm-embedded/7-2018-q2-update/gcc-arm-none-eabi-7-2018-q2-update/bin/../lib/gcc/arm-none-eabi/7.3.1/../../../../arm-none-eabi/lib/thumb/v7e-m/fpv4-sp/hard/libc.a(lib_a-findfp.o)
                0x000000000002cc18                _cleanup_r
 .text.__sinit  0x000000000002cc24       0x58 /usr/local/Caskroom/gcc-arm-embedded/7-2018-q2-update/gcc-arm-none-eabi-7-2018-q2-update/bin/../lib/gcc/arm-none-eabi/7.3.1/../../../../arm-none-eabi/lib/thumb/v7e-m/fpv4-sp/hard/libc.a(lib_a-findfp.o)
                0x000000000002cc24                __sinit
 .text.__sfp_lock_acquire
                0x000000000002cc7c        0xc /usr/local/Caskroom/gcc-arm-embedded/7-2018-q2-update/gcc-arm-none-eabi-7-2018-q2-update/bin/../lib/gcc/arm-none-eabi/7.3.1/../../../../arm-none-eabi/lib/thumb/v7e-m/fpv4-sp/hard/libc.a(lib_a-findfp.o)
                0x000000000002cc7c                __sfp_lock_acquire
 .text.__sfp_lock_release
                0x000000000002cc88        0xc /usr/local/Caskroom/gcc-arm-embedded/7-2018-q2-update/gcc-arm-none-eabi-7-2018-q2-update/bin/../lib/gcc/arm-none-eabi/7.3.1/../../../../arm-none-eabi/lib/thumb/v7e-m/fpv4-sp/hard/libc.a(lib_a-findfp.o)
                0x000000000002cc88                __sfp_lock_release
 .text.__libc_fini_array
                0x000000000002cc94       0x34 /usr/local/Caskroom/gcc-arm-embedded/7-2018-q2-update/gcc-arm-none-eabi-7-2018-q2-update/bin/../lib/gcc/arm-none-eabi/7.3.1/../../../../arm-none-eabi/lib/thumb/v7e-m/fpv4-sp/hard/libc.a(lib_a-fini.o)
                0x000000000002cc94                __libc_fini_array
 .text._malloc_trim_r
                0x000000000002ccc8       0xa0 /usr/local/Caskroom/gcc-arm-embedded/7-2018-q2-update/gcc-arm-none-eabi-7-2018-q2-update/bin/../lib/gcc/arm-none-eabi/7.3.1/../../../../arm-none-eabi/lib/thumb/v7e-m/fpv4-sp/hard/libc.a(lib_a-freer.o)
                0x000000000002ccc8                _malloc_trim_r
 .text._free_r  0x000000000002cd68      0x1e8 /usr/local/Caskroom/gcc-arm-embedded/7-2018-q2-update/gcc-arm-none-eabi-7-2018-q2-update/bin/../lib/gcc/arm-none-eabi/7.3.1/../../../../arm-none-eabi/lib/thumb/v7e-m/fpv4-sp/hard/libc.a(lib_a-freer.o)
                0x000000000002cd68                _free_r
 .text._fwalk_reent
                0x000000000002cf50       0x54 /usr/local/Caskroom/gcc-arm-embedded/7-2018-q2-update/gcc-arm-none-eabi-7-2018-q2-update/bin/../lib/gcc/arm-none-eabi/7.3.1/../../../../arm-none-eabi/lib/thumb/v7e-m/fpv4-sp/hard/libc.a(lib_a-fwalk.o)
                0x000000000002cf50                _fwalk_reent
 .text._localeconv_r
                0x000000000002cfa4       0x1c /usr/local/Caskroom/gcc-arm-embedded/7-2018-q2-update/gcc-arm-none-eabi-7-2018-q2-update/bin/../lib/gcc/arm-none-eabi/7.3.1/../../../../arm-none-eabi/lib/thumb/v7e-m/fpv4-sp/hard/libc.a(lib_a-localeconv.o)
                0x000000000002cfa4                _localeconv_r
 .text.__retarget_lock_init_recursive
                0x000000000002cfc0        0x4 /usr/local/Caskroom/gcc-arm-embedded/7-2018-q2-update/gcc-arm-none-eabi-7-2018-q2-update/bin/../lib/gcc/arm-none-eabi/7.3.1/../../../../arm-none-eabi/lib/thumb/v7e-m/fpv4-sp/hard/libc.a(lib_a-lock.o)
                0x000000000002cfc0                __retarget_lock_init_recursive
 .text.__retarget_lock_close_recursive
                0x000000000002cfc4        0x4 /usr/local/Caskroom/gcc-arm-embedded/7-2018-q2-update/gcc-arm-none-eabi-7-2018-q2-update/bin/../lib/gcc/arm-none-eabi/7.3.1/../../../../arm-none-eabi/lib/thumb/v7e-m/fpv4-sp/hard/libc.a(lib_a-lock.o)
                0x000000000002cfc4                __retarget_lock_close_recursive
 .text.__retarget_lock_acquire_recursive
                0x000000000002cfc8        0x4 /usr/local/Caskroom/gcc-arm-embedded/7-2018-q2-update/gcc-arm-none-eabi-7-2018-q2-update/bin/../lib/gcc/arm-none-eabi/7.3.1/../../../../arm-none-eabi/lib/thumb/v7e-m/fpv4-sp/hard/libc.a(lib_a-lock.o)
                0x000000000002cfc8                __retarget_lock_acquire_recursive
 .text.__retarget_lock_release_recursive
                0x000000000002cfcc        0x4 /usr/local/Caskroom/gcc-arm-embedded/7-2018-q2-update/gcc-arm-none-eabi-7-2018-q2-update/bin/../lib/gcc/arm-none-eabi/7.3.1/../../../../arm-none-eabi/lib/thumb/v7e-m/fpv4-sp/hard/libc.a(lib_a-lock.o)
                0x000000000002cfcc                __retarget_lock_release_recursive
 .text.__swhatbuf_r
                0x000000000002cfd0       0x5c /usr/local/Caskroom/gcc-arm-embedded/7-2018-q2-update/gcc-arm-none-eabi-7-2018-q2-update/bin/../lib/gcc/arm-none-eabi/7.3.1/../../../../arm-none-eabi/lib/thumb/v7e-m/fpv4-sp/hard/libc.a(lib_a-makebuf.o)
                0x000000000002cfd0                __swhatbuf_r
 .text.__smakebuf_r
                0x000000000002d02c       0x94 /usr/local/Caskroom/gcc-arm-embedded/7-2018-q2-update/gcc-arm-none-eabi-7-2018-q2-update/bin/../lib/gcc/arm-none-eabi/7.3.1/../../../../arm-none-eabi/lib/thumb/v7e-m/fpv4-sp/hard/libc.a(lib_a-makebuf.o)
                0x000000000002d02c                __smakebuf_r
 .text.malloc   0x000000000002d0c0       0x10 /usr/local/Caskroom/gcc-arm-embedded/7-2018-q2-update/gcc-arm-none-eabi-7-2018-q2-update/bin/../lib/gcc/arm-none-eabi/7.3.1/../../../../arm-none-eabi/lib/thumb/v7e-m/fpv4-sp/hard/libc.a(lib_a-malloc.o)
                0x000000000002d0c0                malloc
 .text.free     0x000000000002d0d0       0x10 /usr/local/Caskroom/gcc-arm-embedded/7-2018-q2-update/gcc-arm-none-eabi-7-2018-q2-update/bin/../lib/gcc/arm-none-eabi/7.3.1/../../../../arm-none-eabi/lib/thumb/v7e-m/fpv4-sp/hard/libc.a(lib_a-malloc.o)
                0x000000000002d0d0                free
 .text._malloc_r
                0x000000000002d0e0      0x548 /usr/local/Caskroom/gcc-arm-embedded/7-2018-q2-update/gcc-arm-none-eabi-7-2018-q2-update/bin/../lib/gcc/arm-none-eabi/7.3.1/../../../../arm-none-eabi/lib/thumb/v7e-m/fpv4-sp/hard/libc.a(lib_a-mallocr.o)
                0x000000000002d0e0                _malloc_r
 *fill*         0x000000000002d628        0x8 
 .text          0x000000000002d630       0xa0 /usr/local/Caskroom/gcc-arm-embedded/7-2018-q2-update/gcc-arm-none-eabi-7-2018-q2-update/bin/../lib/gcc/arm-none-eabi/7.3.1/../../../../arm-none-eabi/lib/thumb/v7e-m/fpv4-sp/hard/libc.a(lib_a-memchr.o)
                0x000000000002d630                memchr
 .text.__malloc_lock
                0x000000000002d6d0        0xc /usr/local/Caskroom/gcc-arm-embedded/7-2018-q2-update/gcc-arm-none-eabi-7-2018-q2-update/bin/../lib/gcc/arm-none-eabi/7.3.1/../../../../arm-none-eabi/lib/thumb/v7e-m/fpv4-sp/hard/libc.a(lib_a-mlock.o)
                0x000000000002d6d0                __malloc_lock
 .text.__malloc_unlock
                0x000000000002d6dc        0xc /usr/local/Caskroom/gcc-arm-embedded/7-2018-q2-update/gcc-arm-none-eabi-7-2018-q2-update/bin/../lib/gcc/arm-none-eabi/7.3.1/../../../../arm-none-eabi/lib/thumb/v7e-m/fpv4-sp/hard/libc.a(lib_a-mlock.o)
                0x000000000002d6dc                __malloc_unlock
 .text._Balloc  0x000000000002d6e8       0x4c /usr/local/Caskroom/gcc-arm-embedded/7-2018-q2-update/gcc-arm-none-eabi-7-2018-q2-update/bin/../lib/gcc/arm-none-eabi/7.3.1/../../../../arm-none-eabi/lib/thumb/v7e-m/fpv4-sp/hard/libc.a(lib_a-mprec.o)
                0x000000000002d6e8                _Balloc
 .text._Bfree   0x000000000002d734       0x14 /usr/local/Caskroom/gcc-arm-embedded/7-2018-q2-update/gcc-arm-none-eabi-7-2018-q2-update/bin/../lib/gcc/arm-none-eabi/7.3.1/../../../../arm-none-eabi/lib/thumb/v7e-m/fpv4-sp/hard/libc.a(lib_a-mprec.o)
                0x000000000002d734                _Bfree
 .text.__multadd
                0x000000000002d748       0x80 /usr/local/Caskroom/gcc-arm-embedded/7-2018-q2-update/gcc-arm-none-eabi-7-2018-q2-update/bin/../lib/gcc/arm-none-eabi/7.3.1/../../../../arm-none-eabi/lib/thumb/v7e-m/fpv4-sp/hard/libc.a(lib_a-mprec.o)
                0x000000000002d748                __multadd
 .text.__hi0bits
                0x000000000002d7c8       0x40 /usr/local/Caskroom/gcc-arm-embedded/7-2018-q2-update/gcc-arm-none-eabi-7-2018-q2-update/bin/../lib/gcc/arm-none-eabi/7.3.1/../../../../arm-none-eabi/lib/thumb/v7e-m/fpv4-sp/hard/libc.a(lib_a-mprec.o)
                0x000000000002d7c8                __hi0bits
 .text.__lo0bits
                0x000000000002d808       0x60 /usr/local/Caskroom/gcc-arm-embedded/7-2018-q2-update/gcc-arm-none-eabi-7-2018-q2-update/bin/../lib/gcc/arm-none-eabi/7.3.1/../../../../arm-none-eabi/lib/thumb/v7e-m/fpv4-sp/hard/libc.a(lib_a-mprec.o)
                0x000000000002d808                __lo0bits
 .text.__i2b    0x000000000002d868       0x14 /usr/local/Caskroom/gcc-arm-embedded/7-2018-q2-update/gcc-arm-none-eabi-7-2018-q2-update/bin/../lib/gcc/arm-none-eabi/7.3.1/../../../../arm-none-eabi/lib/thumb/v7e-m/fpv4-sp/hard/libc.a(lib_a-mprec.o)
                0x000000000002d868                __i2b
 .text.__multiply
                0x000000000002d87c      0x14c /usr/local/Caskroom/gcc-arm-embedded/7-2018-q2-update/gcc-arm-none-eabi-7-2018-q2-update/bin/../lib/gcc/arm-none-eabi/7.3.1/../../../../arm-none-eabi/lib/thumb/v7e-m/fpv4-sp/hard/libc.a(lib_a-mprec.o)
                0x000000000002d87c                __multiply
 .text.__pow5mult
                0x000000000002d9c8       0xa0 /usr/local/Caskroom/gcc-arm-embedded/7-2018-q2-update/gcc-arm-none-eabi-7-2018-q2-update/bin/../lib/gcc/arm-none-eabi/7.3.1/../../../../arm-none-eabi/lib/thumb/v7e-m/fpv4-sp/hard/libc.a(lib_a-mprec.o)
                0x000000000002d9c8                __pow5mult
 .text.__lshift
                0x000000000002da68       0xac /usr/local/Caskroom/gcc-arm-embedded/7-2018-q2-update/gcc-arm-none-eabi-7-2018-q2-update/bin/../lib/gcc/arm-none-eabi/7.3.1/../../../../arm-none-eabi/lib/thumb/v7e-m/fpv4-sp/hard/libc.a(lib_a-mprec.o)
                0x000000000002da68                __lshift
 .text.__mcmp   0x000000000002db14       0x38 /usr/local/Caskroom/gcc-arm-embedded/7-2018-q2-update/gcc-arm-none-eabi-7-2018-q2-update/bin/../lib/gcc/arm-none-eabi/7.3.1/../../../../arm-none-eabi/lib/thumb/v7e-m/fpv4-sp/hard/libc.a(lib_a-mprec.o)
                0x000000000002db14                __mcmp
 .text.__mdiff  0x000000000002db4c       0xec /usr/local/Caskroom/gcc-arm-embedded/7-2018-q2-update/gcc-arm-none-eabi-7-2018-q2-update/bin/../lib/gcc/arm-none-eabi/7.3.1/../../../../arm-none-eabi/lib/thumb/v7e-m/fpv4-sp/hard/libc.a(lib_a-mprec.o)
                0x000000000002db4c                __mdiff
 .text.__d2b    0x000000000002dc38       0xc4 /usr/local/Caskroom/gcc-arm-embedded/7-2018-q2-update/gcc-arm-none-eabi-7-2018-q2-update/bin/../lib/gcc/arm-none-eabi/7.3.1/../../../../arm-none-eabi/lib/thumb/v7e-m/fpv4-sp/hard/libc.a(lib_a-mprec.o)
                0x000000000002dc38                __d2b
 .text.frexp    0x000000000002dcfc       0x68 /usr/local/Caskroom/gcc-arm-embedded/7-2018-q2-update/gcc-arm-none-eabi-7-2018-q2-update/bin/../lib/gcc/arm-none-eabi/7.3.1/../../../../arm-none-eabi/lib/thumb/v7e-m/fpv4-sp/hard/libc.a(lib_a-s_frexp.o)
                0x000000000002dcfc                frexp
 .text._sbrk_r  0x000000000002dd64       0x24 /usr/local/Caskroom/gcc-arm-embedded/7-2018-q2-update/gcc-arm-none-eabi-7-2018-q2-update/bin/../lib/gcc/arm-none-eabi/7.3.1/../../../../arm-none-eabi/lib/thumb/v7e-m/fpv4-sp/hard/libc.a(lib_a-sbrkr.o)
                0x000000000002dd64                _sbrk_r
 .text.__sread  0x000000000002dd88       0x24 /usr/local/Caskroom/gcc-arm-embedded/7-2018-q2-update/gcc-arm-none-eabi-7-2018-q2-update/bin/../lib/gcc/arm-none-eabi/7.3.1/../../../../arm-none-eabi/lib/thumb/v7e-m/fpv4-sp/hard/libc.a(lib_a-stdio.o)
                0x000000000002dd88                __sread
 .text.__swrite
                0x000000000002ddac       0x3c /usr/local/Caskroom/gcc-arm-embedded/7-2018-q2-update/gcc-arm-none-eabi-7-2018-q2-update/bin/../lib/gcc/arm-none-eabi/7.3.1/../../../../arm-none-eabi/lib/thumb/v7e-m/fpv4-sp/hard/libc.a(lib_a-stdio.o)
                0x000000000002ddac                __swrite
 .text.__sseek  0x000000000002dde8       0x20 /usr/local/Caskroom/gcc-arm-embedded/7-2018-q2-update/gcc-arm-none-eabi-7-2018-q2-update/bin/../lib/gcc/arm-none-eabi/7.3.1/../../../../arm-none-eabi/lib/thumb/v7e-m/fpv4-sp/hard/libc.a(lib_a-stdio.o)
                0x000000000002dde8                __sseek
 .text.__sclose
                0x000000000002de08        0x8 /usr/local/Caskroom/gcc-arm-embedded/7-2018-q2-update/gcc-arm-none-eabi-7-2018-q2-update/bin/../lib/gcc/arm-none-eabi/7.3.1/../../../../arm-none-eabi/lib/thumb/v7e-m/fpv4-sp/hard/libc.a(lib_a-stdio.o)
                0x000000000002de08                __sclose
 .text.strncpy  0x000000000002de10       0x64 /usr/local/Caskroom/gcc-arm-embedded/7-2018-q2-update/gcc-arm-none-eabi-7-2018-q2-update/bin/../lib/gcc/arm-none-eabi/7.3.1/../../../../arm-none-eabi/lib/thumb/v7e-m/fpv4-sp/hard/libc.a(lib_a-strncpy.o)
                0x000000000002de10                strncpy
 .text.__sprint_r.part.0
                0x000000000002de74       0x78 /usr/local/Caskroom/gcc-arm-embedded/7-2018-q2-update/gcc-arm-none-eabi-7-2018-q2-update/bin/../lib/gcc/arm-none-eabi/7.3.1/../../../../arm-none-eabi/lib/thumb/v7e-m/fpv4-sp/hard/libc.a(lib_a-vfiprintf.o)
 .text.__sprint_r
                0x000000000002deec       0x14 /usr/local/Caskroom/gcc-arm-embedded/7-2018-q2-update/gcc-arm-none-eabi-7-2018-q2-update/bin/../lib/gcc/arm-none-eabi/7.3.1/../../../../arm-none-eabi/lib/thumb/v7e-m/fpv4-sp/hard/libc.a(lib_a-vfiprintf.o)
                0x000000000002deec                __sprint_r
 .text.__register_exitproc
                0x000000000002df00       0xc0 /usr/local/Caskroom/gcc-arm-embedded/7-2018-q2-update/gcc-arm-none-eabi-7-2018-q2-update/bin/../lib/gcc/arm-none-eabi/7.3.1/../../../../arm-none-eabi/lib/thumb/v7e-m/fpv4-sp/hard/libc.a(lib_a-__atexit.o)
                0x000000000002df00                __register_exitproc
 .text._calloc_r
                0x000000000002dfc0       0x68 /usr/local/Caskroom/gcc-arm-embedded/7-2018-q2-update/gcc-arm-none-eabi-7-2018-q2-update/bin/../lib/gcc/arm-none-eabi/7.3.1/../../../../arm-none-eabi/lib/thumb/v7e-m/fpv4-sp/hard/libc.a(lib_a-callocr.o)
                0x000000000002dfc0                _calloc_r
 .text._close_r
                0x000000000002e028       0x24 /usr/local/Caskroom/gcc-arm-embedded/7-2018-q2-update/gcc-arm-none-eabi-7-2018-q2-update/bin/../lib/gcc/arm-none-eabi/7.3.1/../../../../arm-none-eabi/lib/thumb/v7e-m/fpv4-sp/hard/libc.a(lib_a-closer.o)
                0x000000000002e028                _close_r
 .text._fclose_r
                0x000000000002e04c       0xd0 /usr/local/Caskroom/gcc-arm-embedded/7-2018-q2-update/gcc-arm-none-eabi-7-2018-q2-update/bin/../lib/gcc/arm-none-eabi/7.3.1/../../../../arm-none-eabi/lib/thumb/v7e-m/fpv4-sp/hard/libc.a(lib_a-fclose.o)
                0x000000000002e04c                _fclose_r
 .text.__fputwc
                0x000000000002e11c       0xa0 /usr/local/Caskroom/gcc-arm-embedded/7-2018-q2-update/gcc-arm-none-eabi-7-2018-q2-update/bin/../lib/gcc/arm-none-eabi/7.3.1/../../../../arm-none-eabi/lib/thumb/v7e-m/fpv4-sp/hard/libc.a(lib_a-fputwc.o)
                0x000000000002e11c                __fputwc
 .text._fputwc_r
                0x000000000002e1bc       0x64 /usr/local/Caskroom/gcc-arm-embedded/7-2018-q2-update/gcc-arm-none-eabi-7-2018-q2-update/bin/../lib/gcc/arm-none-eabi/7.3.1/../../../../arm-none-eabi/lib/thumb/v7e-m/fpv4-sp/hard/libc.a(lib_a-fputwc.o)
                0x000000000002e1bc                _fputwc_r
 .text._fstat_r
                0x000000000002e220       0x28 /usr/local/Caskroom/gcc-arm-embedded/7-2018-q2-update/gcc-arm-none-eabi-7-2018-q2-update/bin/../lib/gcc/arm-none-eabi/7.3.1/../../../../arm-none-eabi/lib/thumb/v7e-m/fpv4-sp/hard/libc.a(lib_a-fstatr.o)
                0x000000000002e220                _fstat_r
 .text.__sfvwrite_r
                0x000000000002e248      0x2fc /usr/local/Caskroom/gcc-arm-embedded/7-2018-q2-update/gcc-arm-none-eabi-7-2018-q2-update/bin/../lib/gcc/arm-none-eabi/7.3.1/../../../../arm-none-eabi/lib/thumb/v7e-m/fpv4-sp/hard/libc.a(lib_a-fvwrite.o)
                0x000000000002e248                __sfvwrite_r
 .text._isatty_r
                0x000000000002e544       0x24 /usr/local/Caskroom/gcc-arm-embedded/7-2018-q2-update/gcc-arm-none-eabi-7-2018-q2-update/bin/../lib/gcc/arm-none-eabi/7.3.1/../../../../arm-none-eabi/lib/thumb/v7e-m/fpv4-sp/hard/libc.a(lib_a-isattyr.o)
                0x000000000002e544                _isatty_r
 .text._lseek_r
                0x000000000002e568       0x2c /usr/local/Caskroom/gcc-arm-embedded/7-2018-q2-update/gcc-arm-none-eabi-7-2018-q2-update/bin/../lib/gcc/arm-none-eabi/7.3.1/../../../../arm-none-eabi/lib/thumb/v7e-m/fpv4-sp/hard/libc.a(lib_a-lseekr.o)
                0x000000000002e568                _lseek_r
 .text.memmove  0x000000000002e594       0xc8 /usr/local/Caskroom/gcc-arm-embedded/7-2018-q2-update/gcc-arm-none-eabi-7-2018-q2-update/bin/../lib/gcc/arm-none-eabi/7.3.1/../../../../arm-none-eabi/lib/thumb/v7e-m/fpv4-sp/hard/libc.a(lib_a-memmove.o)
                0x000000000002e594                memmove
 .text._read_r  0x000000000002e65c       0x2c /usr/local/Caskroom/gcc-arm-embedded/7-2018-q2-update/gcc-arm-none-eabi-7-2018-q2-update/bin/../lib/gcc/arm-none-eabi/7.3.1/../../../../arm-none-eabi/lib/thumb/v7e-m/fpv4-sp/hard/libc.a(lib_a-readr.o)
                0x000000000002e65c                _read_r
 .text._realloc_r
                0x000000000002e688      0x35c /usr/local/Caskroom/gcc-arm-embedded/7-2018-q2-update/gcc-arm-none-eabi-7-2018-q2-update/bin/../lib/gcc/arm-none-eabi/7.3.1/../../../../arm-none-eabi/lib/thumb/v7e-m/fpv4-sp/hard/libc.a(lib_a-reallocr.o)
                0x000000000002e688                _realloc_r
 .text.__swbuf_r
                0x000000000002e9e4       0xb0 /usr/local/Caskroom/gcc-arm-embedded/7-2018-q2-update/gcc-arm-none-eabi-7-2018-q2-update/bin/../lib/gcc/arm-none-eabi/7.3.1/../../../../arm-none-eabi/lib/thumb/v7e-m/fpv4-sp/hard/libc.a(lib_a-wbuf.o)
                0x000000000002e9e4                __swbuf_r
 .text._wcrtomb_r
                0x000000000002ea94       0x50 /usr/local/Caskroom/gcc-arm-embedded/7-2018-q2-update/gcc-arm-none-eabi-7-2018-q2-update/bin/../lib/gcc/arm-none-eabi/7.3.1/../../../../arm-none-eabi/lib/thumb/v7e-m/fpv4-sp/hard/libc.a(lib_a-wcrtomb.o)
                0x000000000002ea94                _wcrtomb_r
 .text._close   0x000000000002eae4       0x10 /usr/local/Caskroom/gcc-arm-embedded/7-2018-q2-update/gcc-arm-none-eabi-7-2018-q2-update/bin/../lib/gcc/arm-none-eabi/7.3.1/../../../../arm-none-eabi/lib/thumb/v7e-m/fpv4-sp/hard/libnosys.a(close.o)
                0x000000000002eae4                _close
 .text._fstat   0x000000000002eaf4       0x10 /usr/local/Caskroom/gcc-arm-embedded/7-2018-q2-update/gcc-arm-none-eabi-7-2018-q2-update/bin/../lib/gcc/arm-none-eabi/7.3.1/../../../../arm-none-eabi/lib/thumb/v7e-m/fpv4-sp/hard/libnosys.a(fstat.o)
                0x000000000002eaf4                _fstat
 .text._isatty  0x000000000002eb04       0x10 /usr/local/Caskroom/gcc-arm-embedded/7-2018-q2-update/gcc-arm-none-eabi-7-2018-q2-update/bin/../lib/gcc/arm-none-eabi/7.3.1/../../../../arm-none-eabi/lib/thumb/v7e-m/fpv4-sp/hard/libnosys.a(isatty.o)
                0x000000000002eb04                _isatty
 .text._lseek   0x000000000002eb14       0x10 /usr/local/Caskroom/gcc-arm-embedded/7-2018-q2-update/gcc-arm-none-eabi-7-2018-q2-update/bin/../lib/gcc/arm-none-eabi/7.3.1/../../../../arm-none-eabi/lib/thumb/v7e-m/fpv4-sp/hard/libnosys.a(lseek.o)
                0x000000000002eb14                _lseek
 .text._read    0x000000000002eb24       0x10 /usr/local/Caskroom/gcc-arm-embedded/7-2018-q2-update/gcc-arm-none-eabi-7-2018-q2-update/bin/../lib/gcc/arm-none-eabi/7.3.1/../../../../arm-none-eabi/lib/thumb/v7e-m/fpv4-sp/hard/libnosys.a(read.o)
                0x000000000002eb24                _read
 .text._sbrk    0x000000000002eb34       0x1c /usr/local/Caskroom/gcc-arm-embedded/7-2018-q2-update/gcc-arm-none-eabi-7-2018-q2-update/bin/../lib/gcc/arm-none-eabi/7.3.1/../../../../arm-none-eabi/lib/thumb/v7e-m/fpv4-sp/hard/libnosys.a(sbrk.o)
                0x000000000002eb34                _sbrk
 .text._exit    0x000000000002eb50        0x4 /usr/local/Caskroom/gcc-arm-embedded/7-2018-q2-update/gcc-arm-none-eabi-7-2018-q2-update/bin/../lib/gcc/arm-none-eabi/7.3.1/../../../../arm-none-eabi/lib/thumb/v7e-m/fpv4-sp/hard/libnosys.a(_exit.o)
                0x000000000002eb50                _exit
 .text          0x000000000002eb54      0x378 /usr/local/Caskroom/gcc-arm-embedded/7-2018-q2-update/gcc-arm-none-eabi-7-2018-q2-update/bin/../lib/gcc/arm-none-eabi/7.3.1/thumb/v7e-m/fpv4-sp/hard/libgcc.a(_arm_addsubdf3.o)
                0x000000000002eb54                __aeabi_drsub
                0x000000000002eb5c                __subdf3
                0x000000000002eb5c                __aeabi_dsub
                0x000000000002eb60                __aeabi_dadd
                0x000000000002eb60                __adddf3
                0x000000000002edd8                __aeabi_ui2d
                0x000000000002edd8                __floatunsidf
                0x000000000002edf8                __floatsidf
                0x000000000002edf8                __aeabi_i2d
                0x000000000002ee1c                __extendsfdf2
                0x000000000002ee1c                __aeabi_f2d
                0x000000000002ee60                __aeabi_ul2d
                0x000000000002ee60                __floatundidf
                0x000000000002ee70                __aeabi_l2d
                0x000000000002ee70                __floatdidf
 .text          0x000000000002eecc      0x424 /usr/local/Caskroom/gcc-arm-embedded/7-2018-q2-update/gcc-arm-none-eabi-7-2018-q2-update/bin/../lib/gcc/arm-none-eabi/7.3.1/thumb/v7e-m/fpv4-sp/hard/libgcc.a(_arm_muldivdf3.o)
                0x000000000002eecc                __aeabi_dmul
                0x000000000002eecc                __muldf3
                0x000000000002f120                __aeabi_ddiv
                0x000000000002f120                __divdf3
 .text          0x000000000002f2f0      0x110 /usr/local/Caskroom/gcc-arm-embedded/7-2018-q2-update/gcc-arm-none-eabi-7-2018-q2-update/bin/../lib/gcc/arm-none-eabi/7.3.1/thumb/v7e-m/fpv4-sp/hard/libgcc.a(_arm_cmpdf2.o)
                0x000000000002f2f0                __gedf2
                0x000000000002f2f0                __gtdf2
                0x000000000002f2f8                __ledf2
                0x000000000002f2f8                __ltdf2
                0x000000000002f300                __cmpdf2
                0x000000000002f300                __eqdf2
                0x000000000002f300                __nedf2
                0x000000000002f37c                __aeabi_cdrcmple
                0x000000000002f38c                __aeabi_cdcmple
                0x000000000002f38c                __aeabi_cdcmpeq
                0x000000000002f39c                __aeabi_dcmpeq
                0x000000000002f3b0                __aeabi_dcmplt
                0x000000000002f3c4                __aeabi_dcmple
                0x000000000002f3d8                __aeabi_dcmpge
                0x000000000002f3ec                __aeabi_dcmpgt
 .text          0x000000000002f400       0x2c /usr/local/Caskroom/gcc-arm-embedded/7-2018-q2-update/gcc-arm-none-eabi-7-2018-q2-update/bin/../lib/gcc/arm-none-eabi/7.3.1/thumb/v7e-m/fpv4-sp/hard/libgcc.a(_arm_unorddf2.o)
                0x000000000002f400                __aeabi_dcmpun
                0x000000000002f400                __unorddf2
 .text          0x000000000002f42c       0x50 /usr/local/Caskroom/gcc-arm-embedded/7-2018-q2-update/gcc-arm-none-eabi-7-2018-q2-update/bin/../lib/gcc/arm-none-eabi/7.3.1/thumb/v7e-m/fpv4-sp/hard/libgcc.a(_arm_fixdfsi.o)
                0x000000000002f42c                __fixdfsi
                0x000000000002f42c                __aeabi_d2iz
 .text          0x000000000002f47c       0xa0 /usr/local/Caskroom/gcc-arm-embedded/7-2018-q2-update/gcc-arm-none-eabi-7-2018-q2-update/bin/../lib/gcc/arm-none-eabi/7.3.1/thumb/v7e-m/fpv4-sp/hard/libgcc.a(_aeabi_ldivmod.o)
                0x000000000002f47c                __aeabi_ldivmod
 .text          0x000000000002f51c       0x30 /usr/local/Caskroom/gcc-arm-embedded/7-2018-q2-update/gcc-arm-none-eabi-7-2018-q2-update/bin/../lib/gcc/arm-none-eabi/7.3.1/thumb/v7e-m/fpv4-sp/hard/libgcc.a(_aeabi_uldivmod.o)
                0x000000000002f51c                __aeabi_uldivmod
 .text          0x000000000002f54c      0x2cc /usr/local/Caskroom/gcc-arm-embedded/7-2018-q2-update/gcc-arm-none-eabi-7-2018-q2-update/bin/../lib/gcc/arm-none-eabi/7.3.1/thumb/v7e-m/fpv4-sp/hard/libgcc.a(_udivmoddi4.o)
                0x000000000002f54c                __udivmoddi4
 .text          0x000000000002f818        0x4 /usr/local/Caskroom/gcc-arm-embedded/7-2018-q2-update/gcc-arm-none-eabi-7-2018-q2-update/bin/../lib/gcc/arm-none-eabi/7.3.1/thumb/v7e-m/fpv4-sp/hard/libgcc.a(_dvmd_tls.o)
                0x000000000002f818                __aeabi_ldiv0
                0x000000000002f818                __aeabi_idiv0
 *(.init)
 .init          0x000000000002f81c        0x4 /usr/local/Caskroom/gcc-arm-embedded/7-2018-q2-update/gcc-arm-none-eabi-7-2018-q2-update/bin/../lib/gcc/arm-none-eabi/7.3.1/thumb/v7e-m/fpv4-sp/hard/crti.o
                0x000000000002f81c                _init
 .init          0x000000000002f820        0x8 /usr/local/Caskroom/gcc-arm-embedded/7-2018-q2-update/gcc-arm-none-eabi-7-2018-q2-update/bin/../lib/gcc/arm-none-eabi/7.3.1/thumb/v7e-m/fpv4-sp/hard/crtn.o
 *(.fini)
 .fini          0x000000000002f828        0x4 /usr/local/Caskroom/gcc-arm-embedded/7-2018-q2-update/gcc-arm-none-eabi-7-2018-q2-update/bin/../lib/gcc/arm-none-eabi/7.3.1/thumb/v7e-m/fpv4-sp/hard/crti.o
                0x000000000002f828                _fini
 .fini          0x000000000002f82c        0x8 /usr/local/Caskroom/gcc-arm-embedded/7-2018-q2-update/gcc-arm-none-eabi-7-2018-q2-update/bin/../lib/gcc/arm-none-eabi/7.3.1/thumb/v7e-m/fpv4-sp/hard/crtn.o
 *crtbegin.o(.ctors)
 *crtbegin?.o(.ctors)
 *(EXCLUDE_FILE(*crtend.o *crtend?.o) .ctors)
 *(SORT_BY_NAME(.ctors.*))
 *(.ctors)
 *crtbegin.o(.dtors)
 *crtbegin?.o(.dtors)
 *(EXCLUDE_FILE(*crtend.o *crtend?.o) .dtors)
 *(SORT_BY_NAME(.dtors.*))
 *(.dtors)
 *(.rodata*)
 *fill*         0x000000000002f834        0xc 
 .rodata.delay_machine_code.8437
                0x000000000002f840        0x6 _build/main.o
 .rodata.main.str1.1
                0x000000000002f846       0x27 _build/main.o
 .rodata.app_error_fault_handler.str1.1
                0x000000000002f86d       0x78 _build/better_error_handling.o
 *fill*         0x000000000002f8e5        0xb 
 .rodata.delay_machine_code.8449
                0x000000000002f8f0        0x6 _build/better_error_handling.o
 .rodata.ab1815_form_time_buffer.str1.1
                0x000000000002f8f6       0x51 _build/ab1815.o
 .rodata.nrf_gpio_pin_port_decode.str1.1
                0x000000000002f947       0x49 _build/ab1815.o
 .rodata.delay_machine_code.9095
                0x000000000002f990        0x6 _build/app_timer.o
 .rodata.app_util_critical_region_enter.str1.1
                0x000000000002f996       0x5b _build/app_util_platform.o
 .rodata.HardFault_c_handler.str1.1
                0x000000000002f9f1      0x12e _build/hardfault_implementation.o
 *fill*         0x000000000002fb1f        0x1 
 .rodata.cfsr_msgs.9288
                0x000000000002fb20       0x68 _build/hardfault_implementation.o
 .rodata.str1.1
                0x000000000002fb88      0x4c0 _build/hardfault_implementation.o
 .rodata.nrf_balloc_init.str1.1
                0x0000000000030048       0x56 _build/nrf_balloc.o
 *fill*         0x000000000003009e        0x2 
 .rodata        0x00000000000300a0       0x10 _build/nrf_drv_spi.o
 .rodata.buf_prealloc.str1.1
                0x00000000000300b0       0x5d _build/nrf_log_frontend.o
 .rodata.nrf_log_frontend_dequeue.str1.1
                0x000000000003010d       0x11 _build/nrf_log_frontend.o
 .rodata.str1.1
                0x000000000003011e        0x4 _build/nrf_log_frontend.o
 .rodata.str1.1
                0x0000000000030122        0x9 _build/nrf_pwr_mgmt.o
 .rodata.memobj_op.str1.1
                0x000000000003012b       0x56 _build/nrf_memobj.o
 .rodata.nrf_section_iter_init.str1.1
                0x0000000000030181       0x6f _build/nrf_section_iter.o
 .rodata.m_unknown_str
                0x00000000000301f0       0x13 _build/nrf_strerror.o
 *fill*         0x0000000000030203        0x1 
 .rodata.nrf_strerror_array
                0x0000000000030204      0x118 _build/nrf_strerror.o
 .rodata.str1.1
                0x000000000003031c      0x391 _build/nrf_strerror.o
 .rodata.nrf_gpio_pin_port_decode.str1.1
                0x00000000000306ad       0x49 _build/nrfx_gpiote.o
 .rodata.nrfx_gpiote_out_init.str1.1
                0x00000000000306ad       0x54 _build/nrfx_gpiote.o
 .rodata.str1.1
                0x0000000000030701        0x7 _build/nrfx_gpiote.o
 .rodata.str1.1
                0x0000000000030708        0x6 _build/nrfx_saadc.o
 .rodata.str1.1
                0x000000000003070e        0x6 _build/nrfx_timer.o
 .rodata.SPIM0_SPIS0_TWIM0_TWIS0_SPI0_TWI0_IRQHandler.str1.1
                0x0000000000030714       0x52 _build/nrfx_twim.o
 .rodata.str1.1
                0x0000000000030766        0x5 _build/nrfx_twim.o
 .rodata.SPIM1_SPIS1_TWIM1_TWIS1_SPI1_TWI1_IRQHandler.str1.1
                0x000000000003076b       0x52 _build/nrfx_spim.o
 .rodata.nrf_gpio_pin_port_decode.str1.1
                0x00000000000307bd       0x49 _build/nrfx_spim.o
 .rodata.nrfx_spim_init.str1.1
                0x00000000000307bd       0x4a _build/nrfx_spim.o
 .rodata.str1.1
                0x0000000000030807        0x5 _build/nrfx_spim.o
 .rodata.str1.1
                0x000000000003080c        0x6 _build/nrfx_clock.o
 .rodata.str1.1
                0x0000000000030812        0x4 _build/nrfx_ppi.o
 .rodata.str1.1
                0x0000000000030816        0x5 _build/nrfx_uart.o
 .rodata.str1.1
                0x000000000003081b        0x6 _build/nrfx_uarte.o
 .rodata.UARTE0_UART0_IRQHandler.str1.1
                0x0000000000030821       0x55 _build/nrfx_prs.o
 .rodata.str1.1
                0x0000000000030876        0x4 _build/nrfx_prs.o
 .rodata.str1.1
                0x000000000003087a        0x4 _build/nrfx_pwm.o
 .rodata._DoInit.str1.1
                0x000000000003087e       0x14 _build/SEGGER_RTT.o
 .rodata.str1.1
                0x0000000000030892        0xd _build/nrf_fstorage.o
 *fill*         0x000000000003089f        0x1 
 .rodata.sdh_stack_observers
                0x00000000000308a0        0xc _build/nrf_sdh.o
 .rodata.str1.1
                0x00000000000308ac        0x8 _build/nrf_sdh.o
 .rodata.data_length_update.str1.1
                0x00000000000308b4       0xdf _build/nrf_ble_gatt.o
 .rodata.nrf_ble_gatt_on_ble_evt.str1.1
                0x0000000000030993       0x60 _build/nrf_ble_gatt.o
 .rodata.str1.1
                0x00000000000309f3        0xd _build/nrf_ble_gatt.o
 .rodata.nrf_sdh_ble_evts_poll.part.0.str1.1
                0x0000000000030a00       0x58 _build/nrf_sdh_ble.o
 .rodata.sdh_ble_observers
                0x0000000000030a58        0xc _build/nrf_sdh_ble.o
 .rodata.str1.1
                0x0000000000030a64        0xc _build/nrf_sdh_ble.o
 .rodata.assert_nrf_callback.str1.1
                0x0000000000030a70       0x25 _build/simple_ble.o
 .rodata.on_ble_evt.str1.1
                0x0000000000030a95       0x50 _build/simple_ble.o
 *fill*         0x0000000000030ae5        0x3 
 .rodata._global_impure_ptr
                0x0000000000030ae8        0x4 /usr/local/Caskroom/gcc-arm-embedded/7-2018-q2-update/gcc-arm-none-eabi-7-2018-q2-update/bin/../lib/gcc/arm-none-eabi/7.3.1/../../../../arm-none-eabi/lib/thumb/v7e-m/fpv4-sp/hard/libc.a(lib_a-impure.o)
                0x0000000000030ae8                _global_impure_ptr
 .rodata._setlocale_r.str1.4
                0x0000000000030aec        0xa /usr/local/Caskroom/gcc-arm-embedded/7-2018-q2-update/gcc-arm-none-eabi-7-2018-q2-update/bin/../lib/gcc/arm-none-eabi/7.3.1/../../../../arm-none-eabi/lib/thumb/v7e-m/fpv4-sp/hard/libc.a(lib_a-locale.o)
                                          0xd (size before relaxing)
 *fill*         0x0000000000030af6        0x2 
 .rodata.str1.4
                0x0000000000030af8        0x2 /usr/local/Caskroom/gcc-arm-embedded/7-2018-q2-update/gcc-arm-none-eabi-7-2018-q2-update/bin/../lib/gcc/arm-none-eabi/7.3.1/../../../../arm-none-eabi/lib/thumb/v7e-m/fpv4-sp/hard/libc.a(lib_a-locale.o)
 *fill*         0x0000000000030afa        0x2 
 .rodata._vfprintf_r.str1.4
                0x0000000000030afc       0x42 /usr/local/Caskroom/gcc-arm-embedded/7-2018-q2-update/gcc-arm-none-eabi-7-2018-q2-update/bin/../lib/gcc/arm-none-eabi/7.3.1/../../../../arm-none-eabi/lib/thumb/v7e-m/fpv4-sp/hard/libc.a(lib_a-vfprintf.o)
 *fill*         0x0000000000030b3e        0x2 
 .rodata.blanks.8605
                0x0000000000030b40       0x10 /usr/local/Caskroom/gcc-arm-embedded/7-2018-q2-update/gcc-arm-none-eabi-7-2018-q2-update/bin/../lib/gcc/arm-none-eabi/7.3.1/../../../../arm-none-eabi/lib/thumb/v7e-m/fpv4-sp/hard/libc.a(lib_a-vfprintf.o)
 .rodata.zeroes.8606
                0x0000000000030b50       0x10 /usr/local/Caskroom/gcc-arm-embedded/7-2018-q2-update/gcc-arm-none-eabi-7-2018-q2-update/bin/../lib/gcc/arm-none-eabi/7.3.1/../../../../arm-none-eabi/lib/thumb/v7e-m/fpv4-sp/hard/libc.a(lib_a-vfprintf.o)
 .rodata._ctype_
                0x0000000000030b60      0x101 /usr/local/Caskroom/gcc-arm-embedded/7-2018-q2-update/gcc-arm-none-eabi-7-2018-q2-update/bin/../lib/gcc/arm-none-eabi/7.3.1/../../../../arm-none-eabi/lib/thumb/v7e-m/fpv4-sp/hard/libc.a(lib_a-ctype_.o)
                0x0000000000030b60                _ctype_
 *fill*         0x0000000000030c61        0x3 
 .rodata._dtoa_r.str1.4
                0x0000000000030c64       0x10 /usr/local/Caskroom/gcc-arm-embedded/7-2018-q2-update/gcc-arm-none-eabi-7-2018-q2-update/bin/../lib/gcc/arm-none-eabi/7.3.1/../../../../arm-none-eabi/lib/thumb/v7e-m/fpv4-sp/hard/libc.a(lib_a-dtoa.o)
                                         0x12 (size before relaxing)
 *fill*         0x0000000000030c74        0x4 
 .rodata.__mprec_bigtens
                0x0000000000030c78       0x28 /usr/local/Caskroom/gcc-arm-embedded/7-2018-q2-update/gcc-arm-none-eabi-7-2018-q2-update/bin/../lib/gcc/arm-none-eabi/7.3.1/../../../../arm-none-eabi/lib/thumb/v7e-m/fpv4-sp/hard/libc.a(lib_a-mprec.o)
                0x0000000000030c78                __mprec_bigtens
 .rodata.__mprec_tens
                0x0000000000030ca0       0xc8 /usr/local/Caskroom/gcc-arm-embedded/7-2018-q2-update/gcc-arm-none-eabi-7-2018-q2-update/bin/../lib/gcc/arm-none-eabi/7.3.1/../../../../arm-none-eabi/lib/thumb/v7e-m/fpv4-sp/hard/libc.a(lib_a-mprec.o)
                0x0000000000030ca0                __mprec_tens
 .rodata.p05.7367
                0x0000000000030d68        0xc /usr/local/Caskroom/gcc-arm-embedded/7-2018-q2-update/gcc-arm-none-eabi-7-2018-q2-update/bin/../lib/gcc/arm-none-eabi/7.3.1/../../../../arm-none-eabi/lib/thumb/v7e-m/fpv4-sp/hard/libc.a(lib_a-mprec.o)
 *(.eh_frame*)
 .eh_frame      0x0000000000030d74        0x0 /usr/local/Caskroom/gcc-arm-embedded/7-2018-q2-update/gcc-arm-none-eabi-7-2018-q2-update/bin/../lib/gcc/arm-none-eabi/7.3.1/thumb/v7e-m/fpv4-sp/hard/crtbegin.o
 .eh_frame      0x0000000000030d74        0x4 /usr/local/Caskroom/gcc-arm-embedded/7-2018-q2-update/gcc-arm-none-eabi-7-2018-q2-update/bin/../lib/gcc/arm-none-eabi/7.3.1/thumb/v7e-m/fpv4-sp/hard/crtend.o

.glue_7         0x0000000000030d78        0x0
 .glue_7        0x0000000000030d78        0x0 linker stubs

.glue_7t        0x0000000000030d78        0x0
 .glue_7t       0x0000000000030d78        0x0 linker stubs

.vfp11_veneer   0x0000000000030d78        0x0
 .vfp11_veneer  0x0000000000030d78        0x0 linker stubs

.v4_bx          0x0000000000030d78        0x0
 .v4_bx         0x0000000000030d78        0x0 linker stubs

.iplt           0x0000000000030d78        0x0
 .iplt          0x0000000000030d78        0x0 /usr/local/Caskroom/gcc-arm-embedded/7-2018-q2-update/gcc-arm-none-eabi-7-2018-q2-update/bin/../lib/gcc/arm-none-eabi/7.3.1/thumb/v7e-m/fpv4-sp/hard/crtbegin.o

.mem_section_dummy_rom

.sdh_soc_observers
                0x0000000000030d78        0x8
                [!provide]                        PROVIDE (__start_sdh_soc_observers = .)
 *(SORT_BY_NAME(.sdh_soc_observers*))
 .sdh_soc_observers1
                0x0000000000030d78        0x8 _build/simple_ble.o
                [!provide]                        PROVIDE (__stop_sdh_soc_observers = .)

.crypto_data    0x0000000000030d80        0x0
                [!provide]                        PROVIDE (__start_crypto_data = .)
 *(SORT_BY_NAME(.crypto_data*))
                [!provide]                        PROVIDE (__stop_crypto_data = .)

.log_const_data
                0x0000000000030d80       0x90
                0x0000000000030d80                PROVIDE (__start_log_const_data = .)
 *(SORT_BY_NAME(.log_const_data*))
 .log_const_data_CLOCK
                0x0000000000030d80        0x8 _build/nrfx_clock.o
                0x0000000000030d80                m_nrf_log_CLOCK_logs_data_const
 .log_const_data_GPIOTE
                0x0000000000030d88        0x8 _build/nrfx_gpiote.o
                0x0000000000030d88                m_nrf_log_GPIOTE_logs_data_const
 .log_const_data_PPI
                0x0000000000030d90        0x8 _build/nrfx_ppi.o
                0x0000000000030d90                m_nrf_log_PPI_logs_data_const
 .log_const_data_PRS
                0x0000000000030d98        0x8 _build/nrfx_prs.o
                0x0000000000030d98                m_nrf_log_PRS_logs_data_const
 .log_const_data_PWM
                0x0000000000030da0        0x8 _build/nrfx_pwm.o
                0x0000000000030da0                m_nrf_log_PWM_logs_data_const
 .log_const_data_SAADC
                0x0000000000030da8        0x8 _build/nrfx_saadc.o
                0x0000000000030da8                m_nrf_log_SAADC_logs_data_const
 .log_const_data_SPIM
                0x0000000000030db0        0x8 _build/nrfx_spim.o
                0x0000000000030db0                m_nrf_log_SPIM_logs_data_const
 .log_const_data_TIMER
                0x0000000000030db8        0x8 _build/nrfx_timer.o
                0x0000000000030db8                m_nrf_log_TIMER_logs_data_const
 .log_const_data_TWIM
                0x0000000000030dc0        0x8 _build/nrfx_twim.o
                0x0000000000030dc0                m_nrf_log_TWIM_logs_data_const
 .log_const_data_UART
                0x0000000000030dc8        0x8 _build/nrfx_uart.o
                0x0000000000030dc8                m_nrf_log_UART_logs_data_const
 .log_const_data_UARTE
                0x0000000000030dd0        0x8 _build/nrfx_uarte.o
                0x0000000000030dd0                m_nrf_log_UARTE_logs_data_const
 .log_const_data_app
                0x0000000000030dd8        0x8 _build/nrf_log_frontend.o
                0x0000000000030dd8                m_nrf_log_app_logs_data_const
 .log_const_data_hardfault
                0x0000000000030de0        0x8 _build/hardfault_implementation.o
                0x0000000000030de0                m_nrf_log_hardfault_logs_data_const
 .log_const_data_nrf_ble_gatt
                0x0000000000030de8        0x8 _build/nrf_ble_gatt.o
                0x0000000000030de8                m_nrf_log_nrf_ble_gatt_logs_data_const
 .log_const_data_nrf_fstorage
                0x0000000000030df0        0x8 _build/nrf_fstorage.o
                0x0000000000030df0                m_nrf_log_nrf_fstorage_logs_data_const
 .log_const_data_nrf_sdh
                0x0000000000030df8        0x8 _build/nrf_sdh.o
                0x0000000000030df8                m_nrf_log_nrf_sdh_logs_data_const
 .log_const_data_nrf_sdh_ble
                0x0000000000030e00        0x8 _build/nrf_sdh_ble.o
                0x0000000000030e00                m_nrf_log_nrf_sdh_ble_logs_data_const
 .log_const_data_pwr_mgmt
                0x0000000000030e08        0x8 _build/nrf_pwr_mgmt.o
                0x0000000000030e08                m_nrf_log_pwr_mgmt_logs_data_const
                0x0000000000030e10                PROVIDE (__stop_log_const_data = .)

.nrf_balloc     0x0000000000030e10       0x14
                [!provide]                        PROVIDE (__start_nrf_balloc = .)
 *(.nrf_balloc)
 .nrf_balloc    0x0000000000030e10       0x14 _build/nrf_log_frontend.o
                0x0000000000030e10                log_mempool
                [!provide]                        PROVIDE (__stop_nrf_balloc = .)

.nrf_queue      0x0000000000030e24        0x0
                [!provide]                        PROVIDE (__start_nrf_queue = .)
 *(.nrf_queue)
                [!provide]                        PROVIDE (__stop_nrf_queue = .)

.sdh_state_observers
                0x0000000000030e24        0x0
                0x0000000000030e24                PROVIDE (__start_sdh_state_observers = .)
 *(SORT_BY_NAME(.sdh_state_observers*))
                0x0000000000030e24                PROVIDE (__stop_sdh_state_observers = .)

.sdh_stack_observers
                0x0000000000030e24        0x8
                0x0000000000030e24                PROVIDE (__start_sdh_stack_observers = .)
 *(SORT_BY_NAME(.sdh_stack_observers*))
 .sdh_stack_observers0
                0x0000000000030e24        0x8 _build/nrf_sdh_ble.o
                0x0000000000030e2c                PROVIDE (__stop_sdh_stack_observers = .)

.sdh_req_observers
                0x0000000000030e2c        0x0
                0x0000000000030e2c                PROVIDE (__start_sdh_req_observers = .)
 *(SORT_BY_NAME(.sdh_req_observers*))
                0x0000000000030e2c                PROVIDE (__stop_sdh_req_observers = .)

.cli_command    0x0000000000030e2c        0x0
                [!provide]                        PROVIDE (__start_cli_command = .)
 *(.cli_command)
                [!provide]                        PROVIDE (__stop_cli_command = .)

.pwr_mgmt_data  0x0000000000030e2c        0x0
                0x0000000000030e2c                PROVIDE (__start_pwr_mgmt_data = .)
 *(SORT_BY_NAME(.pwr_mgmt_data*))
                0x0000000000030e2c                PROVIDE (__stop_pwr_mgmt_data = .)

.sdh_ble_observers
                0x0000000000030e2c       0x28
                0x0000000000030e2c                PROVIDE (__start_sdh_ble_observers = .)
 *(SORT_BY_NAME(.sdh_ble_observers*))
 .sdh_ble_observers1
                0x0000000000030e2c        0x8 _build/ble_conn_params.o
 .sdh_ble_observers1
                0x0000000000030e34       0x10 _build/simple_ble.o
 .sdh_ble_observers2
                0x0000000000030e44        0x8 _build/simple_ble.o
 .sdh_ble_observers3
                0x0000000000030e4c        0x8 _build/simple_ble.o
                0x0000000000030e54                PROVIDE (__stop_sdh_ble_observers = .)

.dfu_trans      0x0000000000030e54        0x0
                [!provide]                        PROVIDE (__start_dfu_trans = .)
 *(SORT_BY_NAME(.dfu_trans*))
                [!provide]                        PROVIDE (__stop_dfu_trans = .)

.ARM.extab
 *(.ARM.extab* .gnu.linkonce.armextab.*)
                0x0000000000030e54                __exidx_start = .

.ARM.exidx      0x0000000000030e54        0x8
 *(.ARM.exidx* .gnu.linkonce.armexidx.*)
 .ARM.exidx     0x0000000000030e54        0x8 /usr/local/Caskroom/gcc-arm-embedded/7-2018-q2-update/gcc-arm-none-eabi-7-2018-q2-update/bin/../lib/gcc/arm-none-eabi/7.3.1/../../../../arm-none-eabi/lib/thumb/v7e-m/fpv4-sp/hard/crt0.o
 .ARM.exidx     0x0000000000030e5c        0x0 /usr/local/Caskroom/gcc-arm-embedded/7-2018-q2-update/gcc-arm-none-eabi-7-2018-q2-update/bin/../lib/gcc/arm-none-eabi/7.3.1/thumb/v7e-m/fpv4-sp/hard/libgcc.a(_udivmoddi4.o)
                                          0x8 (size before relaxing)
                0x0000000000030e5c                __exidx_end = .
                0x0000000000030e5c                __etext = .

.rel.dyn        0x0000000000030e5c        0x0
 .rel.iplt      0x0000000000030e5c        0x0 /usr/local/Caskroom/gcc-arm-embedded/7-2018-q2-update/gcc-arm-none-eabi-7-2018-q2-update/bin/../lib/gcc/arm-none-eabi/7.3.1/thumb/v7e-m/fpv4-sp/hard/crtbegin.o

.data           0x00000000200094b8      0x9e8 load address 0x0000000000030e5c
                0x00000000200094b8                __data_start__ = .
 *(vtable)
 *(.data*)
 .data.spi_instance
                0x00000000200094b8       0x10 _build/main.o
 .data.spi_config
                0x00000000200094c8       0x10 _build/ab1815.o
 .data.m_scan_buffer
                0x00000000200094d8        0x8 _build/simple_ble.o
 .data.SystemCoreClock
                0x00000000200094e0        0x4 _build/system_nrf52840.o
                0x00000000200094e0                SystemCoreClock
 .data._impure_ptr
                0x00000000200094e4        0x4 /usr/local/Caskroom/gcc-arm-embedded/7-2018-q2-update/gcc-arm-none-eabi-7-2018-q2-update/bin/../lib/gcc/arm-none-eabi/7.3.1/../../../../arm-none-eabi/lib/thumb/v7e-m/fpv4-sp/hard/libc.a(lib_a-impure.o)
                0x00000000200094e4                _impure_ptr
 .data.impure_data
                0x00000000200094e8      0x428 /usr/local/Caskroom/gcc-arm-embedded/7-2018-q2-update/gcc-arm-none-eabi-7-2018-q2-update/bin/../lib/gcc/arm-none-eabi/7.3.1/../../../../arm-none-eabi/lib/thumb/v7e-m/fpv4-sp/hard/libc.a(lib_a-impure.o)
 .data.__global_locale
                0x0000000020009910      0x16c /usr/local/Caskroom/gcc-arm-embedded/7-2018-q2-update/gcc-arm-none-eabi-7-2018-q2-update/bin/../lib/gcc/arm-none-eabi/7.3.1/../../../../arm-none-eabi/lib/thumb/v7e-m/fpv4-sp/hard/libc.a(lib_a-locale.o)
                0x0000000020009910                __global_locale
 .data.__atexit_recursive_mutex
                0x0000000020009a7c        0x4 /usr/local/Caskroom/gcc-arm-embedded/7-2018-q2-update/gcc-arm-none-eabi-7-2018-q2-update/bin/../lib/gcc/arm-none-eabi/7.3.1/../../../../arm-none-eabi/lib/thumb/v7e-m/fpv4-sp/hard/libc.a(lib_a-__call_atexit.o)
                0x0000000020009a7c                __atexit_recursive_mutex
 .data.__malloc_av_
                0x0000000020009a80      0x408 /usr/local/Caskroom/gcc-arm-embedded/7-2018-q2-update/gcc-arm-none-eabi-7-2018-q2-update/bin/../lib/gcc/arm-none-eabi/7.3.1/../../../../arm-none-eabi/lib/thumb/v7e-m/fpv4-sp/hard/libc.a(lib_a-mallocr.o)
                0x0000000020009a80                __malloc_av_
 .data.__malloc_sbrk_base
                0x0000000020009e88        0x4 /usr/local/Caskroom/gcc-arm-embedded/7-2018-q2-update/gcc-arm-none-eabi-7-2018-q2-update/bin/../lib/gcc/arm-none-eabi/7.3.1/../../../../arm-none-eabi/lib/thumb/v7e-m/fpv4-sp/hard/libc.a(lib_a-mallocr.o)
                0x0000000020009e88                __malloc_sbrk_base
 .data.__malloc_trim_threshold
                0x0000000020009e8c        0x4 /usr/local/Caskroom/gcc-arm-embedded/7-2018-q2-update/gcc-arm-none-eabi-7-2018-q2-update/bin/../lib/gcc/arm-none-eabi/7.3.1/../../../../arm-none-eabi/lib/thumb/v7e-m/fpv4-sp/hard/libc.a(lib_a-mallocr.o)
                0x0000000020009e8c                __malloc_trim_threshold
                0x0000000020009e90                . = ALIGN (0x4)
                0x0000000020009e90                PROVIDE (__preinit_array_start = .)
 *(.preinit_array)
                0x0000000020009e90                PROVIDE (__preinit_array_end = .)
                0x0000000020009e90                . = ALIGN (0x4)
                0x0000000020009e90                PROVIDE (__init_array_start = .)
 *(SORT_BY_NAME(.init_array.*))
 .init_array.00000
                0x0000000020009e90        0x4 /usr/local/Caskroom/gcc-arm-embedded/7-2018-q2-update/gcc-arm-none-eabi-7-2018-q2-update/bin/../lib/gcc/arm-none-eabi/7.3.1/../../../../arm-none-eabi/lib/thumb/v7e-m/fpv4-sp/hard/libc.a(lib_a-__call_atexit.o)
 *(.init_array)
 .init_array    0x0000000020009e94        0x4 /usr/local/Caskroom/gcc-arm-embedded/7-2018-q2-update/gcc-arm-none-eabi-7-2018-q2-update/bin/../lib/gcc/arm-none-eabi/7.3.1/thumb/v7e-m/fpv4-sp/hard/crtbegin.o
 .init_array    0x0000000020009e98        0x4 _build/before_startup.o
                0x0000000020009e9c                PROVIDE (__init_array_end = .)
                0x0000000020009e9c                . = ALIGN (0x4)
                0x0000000020009e9c                PROVIDE (__fini_array_start = .)
 *(SORT_BY_NAME(.fini_array.*))
 *(.fini_array)
 .fini_array    0x0000000020009e9c        0x4 /usr/local/Caskroom/gcc-arm-embedded/7-2018-q2-update/gcc-arm-none-eabi-7-2018-q2-update/bin/../lib/gcc/arm-none-eabi/7.3.1/thumb/v7e-m/fpv4-sp/hard/crtbegin.o
                0x0000000020009ea0                PROVIDE (__fini_array_end = .)
 *(.jcr*)
                0x0000000020009ea0                . = ALIGN (0x4)
                0x0000000020009ea0                __data_end__ = .
LOAD /usr/local/Caskroom/gcc-arm-embedded/7-2018-q2-update/gcc-arm-none-eabi-7-2018-q2-update/bin/../lib/gcc/arm-none-eabi/7.3.1/thumb/v7e-m/fpv4-sp/hard/crti.o
LOAD /usr/local/Caskroom/gcc-arm-embedded/7-2018-q2-update/gcc-arm-none-eabi-7-2018-q2-update/bin/../lib/gcc/arm-none-eabi/7.3.1/thumb/v7e-m/fpv4-sp/hard/crtbegin.o
LOAD /usr/local/Caskroom/gcc-arm-embedded/7-2018-q2-update/gcc-arm-none-eabi-7-2018-q2-update/bin/../lib/gcc/arm-none-eabi/7.3.1/../../../../arm-none-eabi/lib/thumb/v7e-m/fpv4-sp/hard/crt0.o
START GROUP
LOAD _build/main.o
LOAD _build/better_error_handling.o
LOAD _build/ab1815.o
LOAD _build/app_error_handler_gcc.o
LOAD _build/app_error.o
LOAD _build/app_scheduler.o
LOAD _build/app_timer.o
LOAD _build/app_util_platform.o
LOAD _build/before_startup.o
LOAD _build/hardfault_handler_gcc.o
LOAD _build/hardfault_implementation.o
LOAD _build/nrf_assert.o
LOAD _build/nrf_atomic.o
LOAD _build/nrf_balloc.o
LOAD _build/nrf_drv_twi.o
LOAD _build/nrf_drv_spi.o
LOAD _build/nrf_twi_mngr.o
LOAD _build/nrf_fprintf.o
LOAD _build/nrf_fprintf_format.o
LOAD _build/nrf_log_backend_rtt.o
LOAD _build/nrf_log_backend_serial.o
LOAD _build/nrf_log_default_backends.o
LOAD _build/nrf_log_backend_uart.o
LOAD _build/nrf_log_frontend.o
LOAD _build/nrf_log_str_formatter.o
LOAD _build/nrf_pwr_mgmt.o
LOAD _build/nrf_memobj.o
LOAD _build/nrf_ringbuf.o
LOAD _build/nrf_section_iter.o
LOAD _build/nrf_strerror.o
LOAD _build/nrf_queue.o
LOAD _build/nrf_drv_clock.o
LOAD _build/nrf_drv_ppi.o
LOAD _build/nrf_drv_uart.o
LOAD _build/nrfx_gpiote.o
LOAD _build/nrfx_saadc.o
LOAD _build/nrfx_timer.o
LOAD _build/nrfx_twi.o
LOAD _build/nrfx_twim.o
LOAD _build/nrfx_spi.o
LOAD _build/nrfx_spim.o
LOAD _build/nrfx_clock.o
LOAD _build/nrfx_ppi.o
LOAD _build/nrfx_rtc.o
LOAD _build/nrfx_uart.o
LOAD _build/nrfx_uarte.o
LOAD _build/nrfx_prs.o
LOAD _build/nrfx_pwm.o
LOAD _build/nrf_serial.o
LOAD _build/mmc_nrf.o
LOAD _build/app_uart.o
LOAD _build/app_pwm.o
LOAD _build/simple_logger.o
LOAD _build/SEGGER_RTT.o
LOAD _build/SEGGER_RTT_Syscalls_GCC.o
LOAD _build/SEGGER_RTT_printf.o
LOAD _build/nrf_fstorage.o
LOAD _build/ff.o
LOAD _build/nrf_sdh.o
LOAD _build/ble_advdata.o
LOAD _build/ble_advertising.o
LOAD _build/ble_conn_params.o
LOAD _build/ble_srv_common.o
LOAD _build/nrf_ble_gatt.o
LOAD _build/nrf_ble_qwr.o
LOAD _build/nrf_sdh_ble.o
LOAD _build/simple_ble.o
LOAD _build/system_nrf52840.o
LOAD _build/app_error_weak.o
LOAD _build/gcc_startup_nrf52840.os
LOAD ../../nrf52x-base/sdk/nrf5_sdk_15.3.0_thread/external/openthread/lib/nrf52840/gcc/libopenthread-mtd.a
LOAD ../../nrf52x-base/sdk/nrf5_sdk_15.3.0_thread/external/openthread/lib/nrf52840/gcc/libopenthread-platform-utils.a
LOAD ../../nrf52x-base/sdk/nrf5_sdk_15.3.0_thread/external/openthread/lib/nrf52840/gcc/libopenthread-nrf52840-sdk.a
LOAD ../../nrf52x-base/sdk/nrf5_sdk_15.3.0_thread/external/openthread/lib/nrf52840/gcc/libopenthread-diag.a
LOAD ../../nrf52x-base/sdk/nrf5_sdk_15.3.0_thread/external/openthread/lib/nrf52840/gcc/libopenthread-radio.a
LOAD ../../nrf52x-base/sdk/nrf5_sdk_15.3.0_thread/external/openthread/lib/nrf52840/gcc/libnordicsemi-nrf52840-radio-driver.a
LOAD ../../nrf52x-base/sdk/nrf5_sdk_15.3.0_thread/external/openthread/lib/nrf52840/gcc/libmbedcrypto.a
LOAD ../../nrf52x-base/sdk/nrf5_sdk_15.3.0_thread/external/nrf_cc310/lib/libnrf_cc310_0.9.10.a
LOAD ../../nrf52x-base/sdk/nrf5_sdk_15.3.0_thread/external/nrf_cc310_bl/lib/libnrf_cc310_bl_0.9.10.a
LOAD /usr/local/Caskroom/gcc-arm-embedded/7-2018-q2-update/gcc-arm-none-eabi-7-2018-q2-update/bin/../lib/gcc/arm-none-eabi/7.3.1/../../../../arm-none-eabi/lib/thumb/v7e-m/fpv4-sp/hard/libc.a
LOAD /usr/local/Caskroom/gcc-arm-embedded/7-2018-q2-update/gcc-arm-none-eabi-7-2018-q2-update/bin/../lib/gcc/arm-none-eabi/7.3.1/../../../../arm-none-eabi/lib/thumb/v7e-m/fpv4-sp/hard/libnosys.a
LOAD /usr/local/Caskroom/gcc-arm-embedded/7-2018-q2-update/gcc-arm-none-eabi-7-2018-q2-update/bin/../lib/gcc/arm-none-eabi/7.3.1/../../../../arm-none-eabi/lib/thumb/v7e-m/fpv4-sp/hard/libm.a
LOAD /usr/local/Caskroom/gcc-arm-embedded/7-2018-q2-update/gcc-arm-none-eabi-7-2018-q2-update/bin/../lib/gcc/arm-none-eabi/7.3.1/../../../../arm-none-eabi/lib/thumb/v7e-m/fpv4-sp/hard/libstdc++.a
END GROUP
START GROUP
LOAD /usr/local/Caskroom/gcc-arm-embedded/7-2018-q2-update/gcc-arm-none-eabi-7-2018-q2-update/bin/../lib/gcc/arm-none-eabi/7.3.1/thumb/v7e-m/fpv4-sp/hard/libgcc.a
LOAD /usr/local/Caskroom/gcc-arm-embedded/7-2018-q2-update/gcc-arm-none-eabi-7-2018-q2-update/bin/../lib/gcc/arm-none-eabi/7.3.1/../../../../arm-none-eabi/lib/thumb/v7e-m/fpv4-sp/hard/libc.a
END GROUP
LOAD /usr/local/Caskroom/gcc-arm-embedded/7-2018-q2-update/gcc-arm-none-eabi-7-2018-q2-update/bin/../lib/gcc/arm-none-eabi/7.3.1/thumb/v7e-m/fpv4-sp/hard/crtend.o
LOAD /usr/local/Caskroom/gcc-arm-embedded/7-2018-q2-update/gcc-arm-none-eabi-7-2018-q2-update/bin/../lib/gcc/arm-none-eabi/7.3.1/thumb/v7e-m/fpv4-sp/hard/crtn.o
START GROUP
LOAD /usr/local/Caskroom/gcc-arm-embedded/7-2018-q2-update/gcc-arm-none-eabi-7-2018-q2-update/bin/../lib/gcc/arm-none-eabi/7.3.1/thumb/v7e-m/fpv4-sp/hard/libgcc.a
LOAD /usr/local/Caskroom/gcc-arm-embedded/7-2018-q2-update/gcc-arm-none-eabi-7-2018-q2-update/bin/../lib/gcc/arm-none-eabi/7.3.1/../../../../arm-none-eabi/lib/thumb/v7e-m/fpv4-sp/hard/libc.a
LOAD /usr/local/Caskroom/gcc-arm-embedded/7-2018-q2-update/gcc-arm-none-eabi-7-2018-q2-update/bin/../lib/gcc/arm-none-eabi/7.3.1/../../../../arm-none-eabi/lib/thumb/v7e-m/fpv4-sp/hard/libnosys.a
END GROUP

.igot.plt       0x0000000020009ea0        0x0 load address 0x0000000000031844
 .igot.plt      0x0000000020009ea0        0x0 /usr/local/Caskroom/gcc-arm-embedded/7-2018-q2-update/gcc-arm-none-eabi-7-2018-q2-update/bin/../lib/gcc/arm-none-eabi/7.3.1/thumb/v7e-m/fpv4-sp/hard/crtbegin.o

.bootloader_settings_page
                0x00000000000ff000        0x0
                [!provide]                        PROVIDE (__start_bootloader_settings_page = .)
 *(SORT_BY_NAME(.bootloader_settings_page*))
                [!provide]                        PROVIDE (__stop_bootloader_settings_page = .)

.uicr_bootloader_start_address
                0x0000000010001014        0x0
                [!provide]                        PROVIDE (__start_uicr_bootloader_start_address = .)
 *(SORT_BY_NAME(.uicr_bootloader_start_address*))
                [!provide]                        PROVIDE (__stop_uicr_bootloader_start_address = .)
                0x0000000010001014                . = ALIGN (0x4)

.mem_section_dummy_ram

.log_dynamic_data
                0x0000000020009ea0        0x0
                0x0000000020009ea0                PROVIDE (__start_log_dynamic_data = .)
 *(SORT_BY_NAME(.log_dynamic_data*))
                [!provide]                        PROVIDE (__stop_log_dynamic_data = .)

.cli_sorted_cmd_ptrs
                0x0000000020009ea0        0x0
                [!provide]                        PROVIDE (__start_cli_sorted_cmd_ptrs = .)
 *(.cli_sorted_cmd_ptrs)
                [!provide]                        PROVIDE (__stop_cli_sorted_cmd_ptrs = .)

.fs_data        0x0000000020009ea0        0x0
                0x0000000020009ea0                PROVIDE (__start_fs_data = .)
 *(.fs_data)
                0x0000000020009ea0                PROVIDE (__stop_fs_data = .)

.bss            0x0000000020009ea0      0xd5c load address 0x0000000000031844
                0x0000000020009ea0                . = ALIGN (0x4)
                0x0000000020009ea0                __bss_start__ = .
 *(.bss*)
 .bss           0x0000000020009ea0       0x1c /usr/local/Caskroom/gcc-arm-embedded/7-2018-q2-update/gcc-arm-none-eabi-7-2018-q2-update/bin/../lib/gcc/arm-none-eabi/7.3.1/thumb/v7e-m/fpv4-sp/hard/crtbegin.o
 .bss.ctrl_config
                0x0000000020009ebc        0x9 _build/ab1815.o
 *fill*         0x0000000020009ec5        0x3 
 .bss.spi_instance
                0x0000000020009ec8        0x4 _build/ab1815.o
 .bss.m_op_queue
                0x0000000020009ecc      0x10c _build/app_timer.o
 .bss.m_rtc1_reset
                0x0000000020009fd8        0x1 _build/app_timer.o
 .bss.m_rtc1_running
                0x0000000020009fd9        0x1 _build/app_timer.o
 *fill*         0x0000000020009fda        0x2 
 .bss.m_ticks_elapsed
                0x0000000020009fdc        0x8 _build/app_timer.o
 .bss.m_ticks_elapsed_q_read_ind
                0x0000000020009fe4        0x1 _build/app_timer.o
 .bss.m_ticks_elapsed_q_write_ind
                0x0000000020009fe5        0x1 _build/app_timer.o
 *fill*         0x0000000020009fe6        0x2 
 .bss.m_ticks_latest
                0x0000000020009fe8        0x4 _build/app_timer.o
 .bss.mp_timer_id_head
                0x0000000020009fec        0x4 _build/app_timer.o
 .bss.m_in_critical_region
                0x0000000020009ff0        0x4 _build/app_util_platform.o
 .bss.m_contexts
                0x0000000020009ff4       0x10 _build/nrf_drv_spi.o
 .bss.m_handlers
                0x000000002000a004       0x10 _build/nrf_drv_spi.o
 .bss.log_mempool_nrf_balloc_cb
                0x000000002000a014        0x8 _build/nrf_log_frontend.o
 .bss.log_mempool_nrf_balloc_pool_mem
                0x000000002000a01c       0xc0 _build/nrf_log_frontend.o
 .bss.log_mempool_nrf_balloc_pool_stack
                0x000000002000a0dc        0x8 _build/nrf_log_frontend.o
 .bss.m_log_data
                0x000000002000a0e4      0x424 _build/nrf_log_frontend.o
 .bss.m_cb      0x000000002000a508       0x6c _build/nrfx_gpiote.o
 .bss.m_cb      0x000000002000a574       0x30 _build/nrfx_saadc.o
 .bss.m_cb      0x000000002000a5a4       0x18 _build/nrfx_timer.o
 .bss.m_cb      0x000000002000a5bc       0x34 _build/nrfx_twim.o
 .bss.m_cb      0x000000002000a5f0       0x24 _build/nrfx_spim.o
 .bss.m_clock_cb
                0x000000002000a614        0x8 _build/nrfx_clock.o
 .bss.m_prs_box_4
                0x000000002000a61c        0x8 _build/nrfx_prs.o
 .bss.m_cb      0x000000002000a624       0x18 _build/nrfx_pwm.o
 .bss._acDownBuffer
                0x000000002000a63c       0x10 _build/SEGGER_RTT.o
 .bss._acUpBuffer
                0x000000002000a64c      0x200 _build/SEGGER_RTT.o
 .bss.m_conn_params_config
                0x000000002000a84c       0x1c _build/ble_conn_params.o
 .bss.m_conn_params_instances
                0x000000002000a868       0x14 _build/ble_conn_params.o
 .bss.m_preferred_conn_params
                0x000000002000a87c        0x8 _build/ble_conn_params.o
 .bss.m_stack_is_enabled
                0x000000002000a884        0x1 _build/nrf_sdh_ble.o
 *fill*         0x000000002000a885        0x3 
 .bss.m_advertising
                0x000000002000a888      0x258 _build/simple_ble.o
 .bss.m_gatt    0x000000002000aae0       0x14 _build/simple_ble.o
 .bss.m_qwr     0x000000002000aaf4        0xc _build/simple_ble.o
 .bss.scan_buffer
                0x000000002000ab00       0x1f _build/simple_ble.o
 *fill*         0x000000002000ab1f        0x1 
 .bss.__malloc_current_mallinfo
                0x000000002000ab20       0x28 /usr/local/Caskroom/gcc-arm-embedded/7-2018-q2-update/gcc-arm-none-eabi-7-2018-q2-update/bin/../lib/gcc/arm-none-eabi/7.3.1/../../../../arm-none-eabi/lib/thumb/v7e-m/fpv4-sp/hard/libc.a(lib_a-mallocr.o)
                0x000000002000ab20                __malloc_current_mallinfo
 .bss.__malloc_max_sbrked_mem
                0x000000002000ab48        0x4 /usr/local/Caskroom/gcc-arm-embedded/7-2018-q2-update/gcc-arm-none-eabi-7-2018-q2-update/bin/../lib/gcc/arm-none-eabi/7.3.1/../../../../arm-none-eabi/lib/thumb/v7e-m/fpv4-sp/hard/libc.a(lib_a-mallocr.o)
                0x000000002000ab48                __malloc_max_sbrked_mem
 .bss.__malloc_max_total_mem
                0x000000002000ab4c        0x4 /usr/local/Caskroom/gcc-arm-embedded/7-2018-q2-update/gcc-arm-none-eabi-7-2018-q2-update/bin/../lib/gcc/arm-none-eabi/7.3.1/../../../../arm-none-eabi/lib/thumb/v7e-m/fpv4-sp/hard/libc.a(lib_a-mallocr.o)
                0x000000002000ab4c                __malloc_max_total_mem
 .bss.__malloc_top_pad
                0x000000002000ab50        0x4 /usr/local/Caskroom/gcc-arm-embedded/7-2018-q2-update/gcc-arm-none-eabi-7-2018-q2-update/bin/../lib/gcc/arm-none-eabi/7.3.1/../../../../arm-none-eabi/lib/thumb/v7e-m/fpv4-sp/hard/libc.a(lib_a-mallocr.o)
                0x000000002000ab50                __malloc_top_pad
 .bss.heap_end.5377
                0x000000002000ab54        0x4 /usr/local/Caskroom/gcc-arm-embedded/7-2018-q2-update/gcc-arm-none-eabi-7-2018-q2-update/bin/../lib/gcc/arm-none-eabi/7.3.1/../../../../arm-none-eabi/lib/thumb/v7e-m/fpv4-sp/hard/libnosys.a(sbrk.o)
 *(COMMON)
 COMMON         0x000000002000ab58       0x78 _build/SEGGER_RTT.o
                0x000000002000ab58                _SEGGER_RTT
 COMMON         0x000000002000abd0        0x2 _build/simple_ble.o
                0x000000002000abd0                app
 *fill*         0x000000002000abd2        0x2 
 COMMON         0x000000002000abd4       0x21 /usr/local/Caskroom/gcc-arm-embedded/7-2018-q2-update/gcc-arm-none-eabi-7-2018-q2-update/bin/../lib/gcc/arm-none-eabi/7.3.1/../../../../arm-none-eabi/lib/thumb/v7e-m/fpv4-sp/hard/libc.a(lib_a-lock.o)
                0x000000002000abd4                __lock___atexit_recursive_mutex
                0x000000002000abd8                __lock___arc4random_mutex
                0x000000002000abdc                __lock___env_recursive_mutex
                0x000000002000abe0                __lock___sinit_recursive_mutex
                0x000000002000abe4                __lock___malloc_recursive_mutex
                0x000000002000abe8                __lock___at_quick_exit_mutex
                0x000000002000abec                __lock___dd_hash_mutex
                0x000000002000abf0                __lock___tz_mutex
                0x000000002000abf4                __lock___sfp_recursive_mutex
 *fill*         0x000000002000abf5        0x3 