Archive member included to satisfy reference by file (symbol)

/usr/local/Caskroom/gcc-arm-embedded/7-2018-q2-update/gcc-arm-none-eabi-7-2018-q2-update/bin/../lib/gcc/arm-none-eabi/7.3.1/../../../../arm-none-eabi/lib/thumb/v7e-m/fpv4-sp/hard/libc.a(lib_a-exit.o)
                              /usr/local/Caskroom/gcc-arm-embedded/7-2018-q2-update/gcc-arm-none-eabi-7-2018-q2-update/bin/../lib/gcc/arm-none-eabi/7.3.1/../../../../arm-none-eabi/lib/thumb/v7e-m/fpv4-sp/hard/crt0.o (exit)
/usr/local/Caskroom/gcc-arm-embedded/7-2018-q2-update/gcc-arm-none-eabi-7-2018-q2-update/bin/../lib/gcc/arm-none-eabi/7.3.1/../../../../arm-none-eabi/lib/thumb/v7e-m/fpv4-sp/hard/libc.a(lib_a-gmtime.o)
                              _build/ab1815.o (gmtime)
/usr/local/Caskroom/gcc-arm-embedded/7-2018-q2-update/gcc-arm-none-eabi-7-2018-q2-update/bin/../lib/gcc/arm-none-eabi/7.3.1/../../../../arm-none-eabi/lib/thumb/v7e-m/fpv4-sp/hard/libc.a(lib_a-gmtime_r.o)
                              /usr/local/Caskroom/gcc-arm-embedded/7-2018-q2-update/gcc-arm-none-eabi-7-2018-q2-update/bin/../lib/gcc/arm-none-eabi/7.3.1/../../../../arm-none-eabi/lib/thumb/v7e-m/fpv4-sp/hard/libc.a(lib_a-gmtime.o) (gmtime_r)
/usr/local/Caskroom/gcc-arm-embedded/7-2018-q2-update/gcc-arm-none-eabi-7-2018-q2-update/bin/../lib/gcc/arm-none-eabi/7.3.1/../../../../arm-none-eabi/lib/thumb/v7e-m/fpv4-sp/hard/libc.a(lib_a-impure.o)
                              /usr/local/Caskroom/gcc-arm-embedded/7-2018-q2-update/gcc-arm-none-eabi-7-2018-q2-update/bin/../lib/gcc/arm-none-eabi/7.3.1/../../../../arm-none-eabi/lib/thumb/v7e-m/fpv4-sp/hard/libc.a(lib_a-exit.o) (_global_impure_ptr)
/usr/local/Caskroom/gcc-arm-embedded/7-2018-q2-update/gcc-arm-none-eabi-7-2018-q2-update/bin/../lib/gcc/arm-none-eabi/7.3.1/../../../../arm-none-eabi/lib/thumb/v7e-m/fpv4-sp/hard/libc.a(lib_a-init.o)
                              /usr/local/Caskroom/gcc-arm-embedded/7-2018-q2-update/gcc-arm-none-eabi-7-2018-q2-update/bin/../lib/gcc/arm-none-eabi/7.3.1/../../../../arm-none-eabi/lib/thumb/v7e-m/fpv4-sp/hard/crt0.o (__libc_init_array)
/usr/local/Caskroom/gcc-arm-embedded/7-2018-q2-update/gcc-arm-none-eabi-7-2018-q2-update/bin/../lib/gcc/arm-none-eabi/7.3.1/../../../../arm-none-eabi/lib/thumb/v7e-m/fpv4-sp/hard/libc.a(lib_a-locale.o)
                              _build/nrf_log_str_formatter.o (__locale_ctype_ptr)
/usr/local/Caskroom/gcc-arm-embedded/7-2018-q2-update/gcc-arm-none-eabi-7-2018-q2-update/bin/../lib/gcc/arm-none-eabi/7.3.1/../../../../arm-none-eabi/lib/thumb/v7e-m/fpv4-sp/hard/libc.a(lib_a-mbtowc_r.o)
                              /usr/local/Caskroom/gcc-arm-embedded/7-2018-q2-update/gcc-arm-none-eabi-7-2018-q2-update/bin/../lib/gcc/arm-none-eabi/7.3.1/../../../../arm-none-eabi/lib/thumb/v7e-m/fpv4-sp/hard/libc.a(lib_a-locale.o) (__ascii_mbtowc)
/usr/local/Caskroom/gcc-arm-embedded/7-2018-q2-update/gcc-arm-none-eabi-7-2018-q2-update/bin/../lib/gcc/arm-none-eabi/7.3.1/../../../../arm-none-eabi/lib/thumb/v7e-m/fpv4-sp/hard/libc.a(lib_a-memcmp.o)
                              _build/nrf_twi_mngr.o (memcmp)
/usr/local/Caskroom/gcc-arm-embedded/7-2018-q2-update/gcc-arm-none-eabi-7-2018-q2-update/bin/../lib/gcc/arm-none-eabi/7.3.1/../../../../arm-none-eabi/lib/thumb/v7e-m/fpv4-sp/hard/libc.a(lib_a-memcpy.o)
                              _build/ab1815.o (memcpy)
/usr/local/Caskroom/gcc-arm-embedded/7-2018-q2-update/gcc-arm-none-eabi-7-2018-q2-update/bin/../lib/gcc/arm-none-eabi/7.3.1/../../../../arm-none-eabi/lib/thumb/v7e-m/fpv4-sp/hard/libc.a(lib_a-memset.o)
                              /usr/local/Caskroom/gcc-arm-embedded/7-2018-q2-update/gcc-arm-none-eabi-7-2018-q2-update/bin/../lib/gcc/arm-none-eabi/7.3.1/../../../../arm-none-eabi/lib/thumb/v7e-m/fpv4-sp/hard/crt0.o (memset)
/usr/local/Caskroom/gcc-arm-embedded/7-2018-q2-update/gcc-arm-none-eabi-7-2018-q2-update/bin/../lib/gcc/arm-none-eabi/7.3.1/../../../../arm-none-eabi/lib/thumb/v7e-m/fpv4-sp/hard/libc.a(lib_a-mktime.o)
                              _build/ab1815.o (mktime)
/usr/local/Caskroom/gcc-arm-embedded/7-2018-q2-update/gcc-arm-none-eabi-7-2018-q2-update/bin/../lib/gcc/arm-none-eabi/7.3.1/../../../../arm-none-eabi/lib/thumb/v7e-m/fpv4-sp/hard/libc.a(lib_a-printf.o)
                              _build/main.o (printf)
/usr/local/Caskroom/gcc-arm-embedded/7-2018-q2-update/gcc-arm-none-eabi-7-2018-q2-update/bin/../lib/gcc/arm-none-eabi/7.3.1/../../../../arm-none-eabi/lib/thumb/v7e-m/fpv4-sp/hard/libc.a(lib_a-setbuf.o)
                              _build/before_startup.o (setbuf)
/usr/local/Caskroom/gcc-arm-embedded/7-2018-q2-update/gcc-arm-none-eabi-7-2018-q2-update/bin/../lib/gcc/arm-none-eabi/7.3.1/../../../../arm-none-eabi/lib/thumb/v7e-m/fpv4-sp/hard/libc.a(lib_a-setvbuf.o)
                              /usr/local/Caskroom/gcc-arm-embedded/7-2018-q2-update/gcc-arm-none-eabi-7-2018-q2-update/bin/../lib/gcc/arm-none-eabi/7.3.1/../../../../arm-none-eabi/lib/thumb/v7e-m/fpv4-sp/hard/libc.a(lib_a-setbuf.o) (setvbuf)
[...]
Memory Configuration

Name             Origin             Length             Attributes
FLASH            0x0000000000026000 0x00000000000d9000 xr
RAM              0x00000000200094b8 0x0000000000036b48 xrw
bootloader_settings_page 0x00000000000ff000 0x0000000000001000 r
uicr_bootloader_start_address 0x0000000010001014 0x0000000000000004 r
*default*        0x0000000000000000 0xffffffffffffffff

Linker script and memory map


.text           0x0000000000026000     0xe428
 *(.isr_vector)
 .isr_vector    0x0000000000026000      0x200 _build/gcc_startup_nrf52840.os
                0x0000000000026000                __isr_vector
 *(.text*)
 .text          0x0000000000026200       0x40 /usr/local/Caskroom/gcc-arm-embedded/7-2018-q2-update/gcc-arm-none-eabi-7-2018-q2-update/bin/../lib/gcc/arm-none-eabi/7.3.1/thumb/v7e-m/fpv4-sp/hard/crtbegin.o
 .text          0x0000000000026240       0x74 /usr/local/Caskroom/gcc-arm-embedded/7-2018-q2-update/gcc-arm-none-eabi-7-2018-q2-update/bin/../lib/gcc/arm-none-eabi/7.3.1/../../../../arm-none-eabi/lib/thumb/v7e-m/fpv4-sp/hard/crt0.o
                0x0000000000026240                _mainCRTStartup
                0x0000000000026240                _start
 .text.nrf_gpio_pin_port_decode
                0x00000000000262b4       0x30 _build/main.o
 .text.nrf_gpio_cfg_output
                0x00000000000262e4       0x20 _build/main.o
 .text.startup.main
                0x0000000000026304      0x164 _build/main.o
                0x0000000000026304                main
 .text.nrf_delay_ms.part.0
                0x0000000000026468       0x1c _build/better_error_handling.o
 .text.app_error_fault_handler
                0x0000000000026484      0x128 _build/better_error_handling.o
                0x0000000000026484                app_error_fault_handler
 .text.HardFault_process
                0x00000000000265ac       0x9a _build/better_error_handling.o
                0x00000000000265ac                HardFault_process
 .text.app_error_handler
                0x0000000000026646       0x1a _build/app_error_handler_gcc.o
                0x0000000000026646                app_error_handler
 .text.user_op_alloc
                0x0000000000026660       0x2c _build/app_timer.o
 .text.timer_stop_op_schedule
                0x000000000002668c       0x50 _build/app_timer.o
 .text.nrfx_coredep_delay_us.constprop.3
                0x00000000000266dc       0x10 _build/app_timer.o
 .text.RTC1_IRQHandler
                0x00000000000266ec       0x9c _build/app_timer.o
                0x00000000000266ec                RTC1_IRQHandler
 .text.SWI0_EGU0_IRQHandler
                0x0000000000026788      0x2a4 _build/app_timer.o
                0x0000000000026788                SWI0_EGU0_IRQHandler
 .text.app_timer_init
                0x0000000000026a2c       0x88 _build/app_timer.o
                0x0000000000026a2c                app_timer_init
 .text.app_timer_create
                0x0000000000026ab4       0x24 _build/app_timer.o
                0x0000000000026ab4                app_timer_create
 .text.app_timer_start
                0x0000000000026ad8       0x88 _build/app_timer.o
                0x0000000000026ad8                app_timer_start
 .text.app_timer_stop
                0x0000000000026b60       0x20 _build/app_timer.o
                0x0000000000026b60                app_timer_stop
 .text.privilege_level_get
                0x0000000000026b80       0x1a _build/app_util_platform.o
                0x0000000000026b80                privilege_level_get
 *fill*         0x0000000000026b9a        0x2 
 .text.app_util_critical_region_enter
                0x0000000000026b9c       0x60 _build/app_util_platform.o
                0x0000000000026b9c                app_util_critical_region_enter
 .text.app_util_critical_region_exit
                0x0000000000026bfc       0x40 _build/app_util_platform.o
                0x0000000000026bfc                app_util_critical_region_exit
 .text.startup.called_first
                0x0000000000026c3c       0x10 _build/before_startup.o
                0x0000000000026c3c                called_first
 .text.HardFault_Handler
                0x0000000000026c4c       0x34 _build/hardfault_handler_gcc.o
                0x0000000000026c4c                HardFault_Handler
 .text.HardFault_c_handler
                0x0000000000026c80      0x104 _build/hardfault_implementation.o
                0x0000000000026c80                HardFault_c_handler
 .text.nrf_atomic_u32_fetch_store
                0x0000000000026d84       0x14 _build/nrf_atomic.o
                0x0000000000026d84                nrf_atomic_u32_fetch_store
 .text.nrf_atomic_u32_or
                0x0000000000026d98       0x16 _build/nrf_atomic.o
                0x0000000000026d98                nrf_atomic_u32_or
 .text.nrf_atomic_u32_fetch_and
                0x0000000000026dae       0x16 _build/nrf_atomic.o
                0x0000000000026dae                nrf_atomic_u32_fetch_and
 .text.nrf_atomic_u32_add
                0x0000000000026dc4       0x16 _build/nrf_atomic.o
                0x0000000000026dc4                nrf_atomic_u32_add
 .text.nrf_atomic_u32_sub
                0x0000000000026dda       0x16 _build/nrf_atomic.o
                0x0000000000026dda                nrf_atomic_u32_sub
 .text.nrf_atomic_flag_set
                0x0000000000026df0        0x6 _build/nrf_atomic.o
                0x0000000000026df0                nrf_atomic_flag_set
 .text.nrf_atomic_flag_clear_fetch
                0x0000000000026df6        0x6 _build/nrf_atomic.o
                0x0000000000026df6                nrf_atomic_flag_clear_fetch
 .text.nrf_balloc_alloc
                0x0000000000026dfc       0x5c _build/nrf_balloc.o
                0x0000000000026dfc                nrf_balloc_alloc
 .text.nrf_balloc_free
                0x0000000000026e58       0x50 _build/nrf_balloc.o
                0x0000000000026e58                nrf_balloc_free
 .text.invalid_packets_omit
                0x0000000000026ea8       0x3a _build/nrf_log_frontend.o
 *fill*         0x0000000000026ee2        0x2 
 .text.buf_prealloc
                0x0000000000026ee4      0x138 _build/nrf_log_frontend.o
 .text.buffer_is_empty
                0x000000000002701c       0x14 _build/nrf_log_frontend.o
                0x000000000002701c                buffer_is_empty
 .text.nrf_log_frontend_dequeue
                0x0000000000027030      0x228 _build/nrf_log_frontend.o
                0x0000000000027030                nrf_log_frontend_dequeue
 .text.std_n    0x0000000000027258       0xd8 _build/nrf_log_frontend.o
 .text.nrf_log_frontend_std_0
                0x0000000000027330        0x8 _build/nrf_log_frontend.o
                0x0000000000027330                nrf_log_frontend_std_0
 .text.nrf_log_frontend_std_1
                0x0000000000027338       0x14 _build/nrf_log_frontend.o
                0x0000000000027338                nrf_log_frontend_std_1
 .text.nrf_log_frontend_std_2
                0x000000000002734c       0x14 _build/nrf_log_frontend.o
                0x000000000002734c                nrf_log_frontend_std_2
 .text.nrf_log_frontend_std_3
                0x0000000000027360       0x18 _build/nrf_log_frontend.o
                0x0000000000027360                nrf_log_frontend_std_3
 .text.nrf_log_frontend_std_4
                0x0000000000027378       0x1c _build/nrf_log_frontend.o
                0x0000000000027378                nrf_log_frontend_std_4
 .text.nrf_log_panic
                0x0000000000027394       0x2c _build/nrf_log_frontend.o
                0x0000000000027394                nrf_log_panic
 .text.memobj_op
                0x00000000000273c0       0xa4 _build/nrf_memobj.o
 .text.nrf_memobj_free
                0x0000000000027464       0x2c _build/nrf_memobj.o
                0x0000000000027464                nrf_memobj_free
 .text.nrf_memobj_alloc
                0x0000000000027490       0x5e _build/nrf_memobj.o
                0x0000000000027490                nrf_memobj_alloc
 .text.nrf_memobj_get
                0x00000000000274ee        0x8 _build/nrf_memobj.o
                0x00000000000274ee                nrf_memobj_get
 .text.nrf_memobj_put
                0x00000000000274f6       0x1e _build/nrf_memobj.o
                0x00000000000274f6                nrf_memobj_put
 .text.nrf_memobj_write
                0x0000000000027514       0x2c _build/nrf_memobj.o
                0x0000000000027514                nrf_memobj_write
 .text.nrf_section_iter_init
                0x0000000000027540       0x30 _build/nrf_section_iter.o
                0x0000000000027540                nrf_section_iter_init
 .text.nrf_section_iter_next
                0x0000000000027570       0x38 _build/nrf_section_iter.o
                0x0000000000027570                nrf_section_iter_next
 .text.nrf_strerror_find
                0x00000000000275a8       0x3c _build/nrf_strerror.o
                0x00000000000275a8                nrf_strerror_find
 .text.nrf_strerror_get
                0x00000000000275e4       0x14 _build/nrf_strerror.o
                0x00000000000275e4                nrf_strerror_get
 .text.nrf_gpiote_event_clear
                0x00000000000275f8       0x18 _build/nrfx_gpiote.o
 .text.channel_free
                0x0000000000027610       0x1c _build/nrfx_gpiote.o
 .text.nrf_gpio_pin_port_decode
                0x000000000002762c       0x30 _build/nrfx_gpiote.o
 .text.nrf_gpio_cfg_sense_set
                0x000000000002765c       0x32 _build/nrfx_gpiote.o
 *fill*         0x000000000002768e        0x2 
 .text.nrf_gpio_ports_read.constprop.2
                0x0000000000027690       0x18 _build/nrfx_gpiote.o
 .text.nrfx_gpiote_init
                0x00000000000276a8       0x6c _build/nrfx_gpiote.o
                0x00000000000276a8                nrfx_gpiote_init
 .text.nrfx_gpiote_is_init
                0x0000000000027714       0x14 _build/nrfx_gpiote.o
                0x0000000000027714                nrfx_gpiote_is_init
 .text.nrfx_gpiote_out_init
                0x0000000000027728      0x11c _build/nrfx_gpiote.o
                0x0000000000027728                nrfx_gpiote_out_init
 .text.nrfx_gpiote_out_set
                0x0000000000027844       0x5c _build/nrfx_gpiote.o
                0x0000000000027844                nrfx_gpiote_out_set
 .text.nrfx_gpiote_out_clear
                0x00000000000278a0       0x5c _build/nrfx_gpiote.o
                0x00000000000278a0                nrfx_gpiote_out_clear
 .text.GPIOTE_IRQHandler
                0x00000000000278fc      0x198 _build/nrfx_gpiote.o
                0x00000000000278fc                GPIOTE_IRQHandler
 .text.nrf_saadc_event_clear
                0x0000000000027a94       0x18 _build/nrfx_saadc.o
 .text.SAADC_IRQHandler
                0x0000000000027aac      0x164 _build/nrfx_saadc.o
                0x0000000000027aac                SAADC_IRQHandler
 .text.irq_handler.constprop.0
                0x0000000000027c10       0x4c _build/nrfx_timer.o
 .text.TIMER0_IRQHandler
                0x0000000000027c5c       0x10 _build/nrfx_timer.o
                0x0000000000027c5c                TIMER0_IRQHandler
 .text.TIMER1_IRQHandler
                0x0000000000027c6c       0x10 _build/nrfx_timer.o
                0x0000000000027c6c                TIMER1_IRQHandler
 .text.nrf_twim_event_clear
                0x0000000000027c7c       0x10 _build/nrfx_twim.o
 .text.SPIM0_SPIS0_TWIM0_TWIS0_SPI0_TWI0_IRQHandler
                0x0000000000027c8c      0x158 _build/nrfx_twim.o
                0x0000000000027c8c                SPIM0_SPIS0_TWIM0_TWIS0_SPI0_TWI0_IRQHandler
 .text.nrf_gpio_pin_port_decode
                0x0000000000027de4       0x30 _build/nrfx_spim.o
 .text.nrf_gpio_pin_clear
                0x0000000000027e14       0x1e _build/nrfx_spim.o
 .text.nrf_gpio_pin_set
                0x0000000000027e32       0x1e _build/nrfx_spim.o
 .text.SPIM1_SPIS1_TWIM1_TWIS1_SPI1_TWI1_IRQHandler
                0x0000000000027e50       0x64 _build/nrfx_spim.o
                0x0000000000027e50                SPIM1_SPIS1_TWIM1_TWIS1_SPI1_TWI1_IRQHandler
 .text.POWER_CLOCK_IRQHandler
                0x0000000000027eb4       0x64 _build/nrfx_clock.o
                0x0000000000027eb4                POWER_CLOCK_IRQHandler
 .text.UARTE0_UART0_IRQHandler
                0x0000000000027f18       0x20 _build/nrfx_prs.o
                0x0000000000027f18                UARTE0_UART0_IRQHandler
 .text.nrf_pwm_event_clear
                0x0000000000027f38       0x10 _build/nrfx_pwm.o
 .text.irq_handler
                0x0000000000027f48       0x80 _build/nrfx_pwm.o
 .text.PWM0_IRQHandler
                0x0000000000027fc8       0x10 _build/nrfx_pwm.o
                0x0000000000027fc8                PWM0_IRQHandler
 .text.PWM1_IRQHandler
                0x0000000000027fd8       0x10 _build/nrfx_pwm.o
                0x0000000000027fd8                PWM1_IRQHandler
 .text.PWM2_IRQHandler
                0x0000000000027fe8       0x10 _build/nrfx_pwm.o
                0x0000000000027fe8                PWM2_IRQHandler
 .text.xchg_spi
                0x0000000000027ff8       0x1e _build/mmc_nrf.o
 *fill*         0x0000000000028016        0x2 
 .text.wait_ready
                0x0000000000028018       0x24 _build/mmc_nrf.o
 .text.nrf_gpio_pin_port_decode
                0x000000000002803c       0x30 _build/mmc_nrf.o
 .text.nrf_gpio_pin_set
                0x000000000002806c       0x1e _build/mmc_nrf.o
 .text.deselect_sd
                0x000000000002808a       0x12 _build/mmc_nrf.o
 .text.nrf_gpio_pin_clear
                0x000000000002809c       0x1e _build/mmc_nrf.o
 .text.select_sd
                0x00000000000280ba       0x26 _build/mmc_nrf.o
 .text.send_cmd
                0x00000000000280e0       0x84 _build/mmc_nrf.o
 .text.rcvr_datablock
                0x0000000000028164       0x48 _build/mmc_nrf.o
 .text.xmit_datablock.part.1
                0x00000000000281ac       0x32 _build/mmc_nrf.o
 *fill*         0x00000000000281de        0x2 
 .text.disk_initialize
                0x00000000000281e0      0x1b0 _build/mmc_nrf.o
                0x00000000000281e0                disk_initialize
 .text.disk_status
                0x0000000000028390       0x14 _build/mmc_nrf.o
                0x0000000000028390                disk_status
 .text.disk_read
                0x00000000000283a4       0xa4 _build/mmc_nrf.o
                0x00000000000283a4                disk_read
 .text.disk_write
                0x0000000000028448       0xec _build/mmc_nrf.o
                0x0000000000028448                disk_write
 .text.disk_ioctl
                0x0000000000028534      0x1fc _build/mmc_nrf.o
                0x0000000000028534                disk_ioctl
 .text.disk_restart
                0x0000000000028730       0x28 _build/mmc_nrf.o
                0x0000000000028730                disk_restart
 .text.disk_timerproc
                0x0000000000028758       0x34 _build/mmc_nrf.o
                0x0000000000028758                disk_timerproc
 .text.heartbeat
                0x000000000002878c        0x4 _build/simple_logger.o
 .text.logger_init
                0x0000000000028790      0x16c _build/simple_logger.o
 .text.error    0x00000000000288fc       0x20 _build/simple_logger.o
 .text.simple_logger_init
                0x000000000002891c       0xb0 _build/simple_logger.o
                0x000000000002891c                simple_logger_init
 .text.simple_logger_log_header
                0x00000000000289cc       0x60 _build/simple_logger.o
                0x00000000000289cc                simple_logger_log_header
 .text.simple_logger_log
                0x0000000000028a2c       0x5c _build/simple_logger.o
                0x0000000000028a2c                simple_logger_log
 .text._GetAvailWriteSpace
                0x0000000000028a88       0x1c _build/SEGGER_RTT.o
 .text._WriteNoCheck
                0x0000000000028aa4       0x3a _build/SEGGER_RTT.o
 .text._WriteBlocking
                0x0000000000028ade       0x52 _build/SEGGER_RTT.o
 .text._DoInit  0x0000000000028b30       0x60 _build/SEGGER_RTT.o
 .text.SEGGER_RTT_WriteNoLock
                0x0000000000028b90       0x68 _build/SEGGER_RTT.o
                0x0000000000028b90                SEGGER_RTT_WriteNoLock
 .text.SEGGER_RTT_Write
                0x0000000000028bf8       0x3c _build/SEGGER_RTT.o
                0x0000000000028bf8                SEGGER_RTT_Write
 .text._write_r
                0x0000000000028c34       0x12 _build/SEGGER_RTT_Syscalls_GCC.o
                0x0000000000028c34                _write_r
 .text.ld_dword
                0x0000000000028c46       0x10 _build/ff.o
 .text.st_dword
                0x0000000000028c56       0x10 _build/ff.o
 .text.mem_set  0x0000000000028c66        0xc _build/ff.o
 .text.mem_cmp  0x0000000000028c72       0x1c _build/ff.o
 .text.clst2sect
                0x0000000000028c8e       0x16 _build/ff.o
 .text.get_ldnumber
                0x0000000000028ca4       0x40 _build/ff.o
 .text.validate
                0x0000000000028ce4       0x34 _build/ff.o
 .text.mem_cpy.part.0
                0x0000000000028d18       0x12 _build/ff.o
 .text.ld_clust.isra.3
                0x0000000000028d2a       0x1c _build/ff.o
 .text.st_clust.isra.4
                0x0000000000028d46       0x18 _build/ff.o
 .text.sync_window.part.6
                0x0000000000028d5e       0x40 _build/ff.o
 .text.move_window
                0x0000000000028d9e       0x3c _build/ff.o
 *fill*         0x0000000000028dda        0x2 
 .text.check_fs
                0x0000000000028ddc       0x70 _build/ff.o
 .text.find_volume
                0x0000000000028e4c      0x28c _build/ff.o
 .text.put_fat  0x00000000000290d8       0xf8 _build/ff.o
 .text.get_fat.isra.10
                0x00000000000291d0       0xb4 _build/ff.o
 .text.dir_sdi  0x0000000000029284       0x7a _build/ff.o
 .text.create_chain
                0x00000000000292fe       0xe8 _build/ff.o
 .text.remove_chain
                0x00000000000293e6       0x6e _build/ff.o
 .text.sync_fs  0x0000000000029454       0x9e _build/ff.o
 .text.dir_clear
                0x00000000000294f2       0x58 _build/ff.o
 .text.dir_next
                0x000000000002954a       0xaa _build/ff.o
 .text.follow_path
                0x00000000000295f4      0x1cc _build/ff.o
 .text.dir_alloc.constprop.13
                0x00000000000297c0       0x34 _build/ff.o
 .text.dir_register
                0x00000000000297f4       0x38 _build/ff.o
 .text.f_mount  0x000000000002982c       0x4c _build/ff.o
                0x000000000002982c                f_mount
 .text.f_open   0x0000000000029878      0x1d2 _build/ff.o
                0x0000000000029878                f_open
 .text.f_write  0x0000000000029a4a      0x18a _build/ff.o
                0x0000000000029a4a                f_write
 .text.putc_bfd
                0x0000000000029bd4       0x38 _build/ff.o
 .text.putc_flush
                0x0000000000029c0c       0x2e _build/ff.o
 .text.f_sync   0x0000000000029c3a       0x8e _build/ff.o
                0x0000000000029c3a                f_sync
 .text.f_close  0x0000000000029cc8       0x1a _build/ff.o
                0x0000000000029cc8                f_close
 .text.f_lseek  0x0000000000029ce2      0x134 _build/ff.o
                0x0000000000029ce2                f_lseek
 *fill*         0x0000000000029e16        0x2 
 .text.f_mkfs   0x0000000000029e18      0x56c _build/ff.o
                0x0000000000029e18                f_mkfs
 .text.f_puts   0x000000000002a384       0x2c _build/ff.o
                0x000000000002a384                f_puts
 .text.sd_softdevice_enable
                0x000000000002a3b0        0x4 _build/nrf_sdh.o
 .text.sdh_request_observer_notify
                0x000000000002a3b4       0x30 _build/nrf_sdh.o
 .text.sdh_state_observer_notify
                0x000000000002a3e4       0x28 _build/nrf_sdh.o
 .text.softdevices_evt_irq_enable
                0x000000000002a40c       0x40 _build/nrf_sdh.o
 .text.nrf_sdh_enable_request
                0x000000000002a44c       0x78 _build/nrf_sdh.o
                0x000000000002a44c                nrf_sdh_enable_request
 .text.nrf_sdh_evts_poll
                0x000000000002a4c4       0x28 _build/nrf_sdh.o
                0x000000000002a4c4                nrf_sdh_evts_poll
 .text.SWI2_EGU2_IRQHandler
                0x000000000002a4ec        0x4 _build/nrf_sdh.o
                0x000000000002a4ec                SWI2_EGU2_IRQHandler
 .text.ble_advdata_search
                0x000000000002a4f0       0x38 _build/ble_advdata.o
                0x000000000002a4f0                ble_advdata_search
 .text.ble_advdata_parse
                0x000000000002a528       0x20 _build/ble_advdata.o
                0x000000000002a528                ble_advdata_parse
 .text.sd_ble_gap_adv_set_configure
                0x000000000002a548        0x4 _build/ble_advertising.o
 .text.sd_ble_gap_adv_start
                0x000000000002a54c        0x4 _build/ble_advertising.o
 .text.flags_set
                0x000000000002a550       0x2c _build/ble_advertising.o
 .text.ble_advertising_start
                0x000000000002a57c      0x21c _build/ble_advertising.o
                0x000000000002a57c                ble_advertising_start
 .text.ble_advertising_on_ble_evt
                0x000000000002a798       0x6a _build/ble_advertising.o
                0x000000000002a798                ble_advertising_on_ble_evt
 .text.ble_advertising_on_sys_evt
                0x000000000002a802        0x2 _build/ble_advertising.o
                0x000000000002a802                ble_advertising_on_sys_evt
 .text.instance_get
                0x000000000002a804       0x14 _build/ble_conn_params.o
 .text.send_error_evt
                0x000000000002a818       0x10 _build/ble_conn_params.o
 .text.conn_params_negotiation
                0x000000000002a828       0x48 _build/ble_conn_params.o
 .text.is_conn_params_ok.constprop.3
                0x000000000002a870       0x3a _build/ble_conn_params.o
 *fill*         0x000000000002a8aa        0x2 
 .text.ble_evt_handler
                0x000000000002a8ac       0xe0 _build/ble_conn_params.o
 .text.ble_srv_is_notification_enabled
                0x000000000002a98c        0x8 _build/ble_srv_common.o
                0x000000000002a98c                ble_srv_is_notification_enabled
 .text.sd_ble_gap_data_length_update
                0x000000000002a994        0x4 _build/nrf_ble_gatt.o
 .text.sd_ble_gattc_exchange_mtu_request
                0x000000000002a998        0x4 _build/nrf_ble_gatt.o
 .text.sd_ble_gatts_exchange_mtu_reply
                0x000000000002a99c        0x4 _build/nrf_ble_gatt.o
 .text.data_length_update
                0x000000000002a9a0       0x7c _build/nrf_ble_gatt.o
 .text.nrf_ble_gatt_on_ble_evt
                0x000000000002aa1c      0x1b0 _build/nrf_ble_gatt.o
                0x000000000002aa1c                nrf_ble_gatt_on_ble_evt
 .text.sd_ble_gatts_rw_authorize_reply
                0x000000000002abcc        0x4 _build/nrf_ble_qwr.o
 .text.sd_ble_user_mem_reply
                0x000000000002abd0        0x4 _build/nrf_ble_qwr.o
 .text.user_mem_reply.part.0
                0x000000000002abd4       0x24 _build/nrf_ble_qwr.o
 .text.nrf_ble_qwr_conn_handle_assign
                0x000000000002abf8       0x16 _build/nrf_ble_qwr.o
                0x000000000002abf8                nrf_ble_qwr_conn_handle_assign
 .text.nrf_ble_qwr_on_ble_evt
                0x000000000002ac0e       0xa0 _build/nrf_ble_qwr.o
                0x000000000002ac0e                nrf_ble_qwr_on_ble_evt
 .text.sd_ble_evt_get
                0x000000000002acae        0x4 _build/nrf_sdh_ble.o
 *fill*         0x000000000002acb2        0x2 
 .text.nrf_sdh_ble_evts_poll.part.0
                0x000000000002acb4       0x58 _build/nrf_sdh_ble.o
 .text.nrf_sdh_ble_evts_poll
                0x000000000002ad0c       0x10 _build/nrf_sdh_ble.o
 .text.sd_ble_gap_disconnect
                0x000000000002ad1c        0x4 _build/simple_ble.o
 .text.sd_ble_gap_sec_params_reply
                0x000000000002ad20        0x4 _build/simple_ble.o
 .text.sd_ble_gap_sec_info_reply
                0x000000000002ad24        0x4 _build/simple_ble.o
 .text.sd_ble_gap_scan_start
                0x000000000002ad28        0x4 _build/simple_ble.o
 .text.sd_ble_gap_phy_update
                0x000000000002ad2c        0x4 _build/simple_ble.o
 .text.sd_ble_gatts_sys_attr_set
                0x000000000002ad30        0x4 _build/simple_ble.o
 .text.sd_power_system_off
                0x000000000002ad34        0x4 _build/simple_ble.o
 .text.on_ble_evt
                0x000000000002ad38      0x1d0 _build/simple_ble.o
 .text.assert_nrf_callback
                0x000000000002af08       0x20 _build/simple_ble.o
                0x000000000002af08                assert_nrf_callback
 .text.errata_98
                0x000000000002af28       0x20 _build/system_nrf52840.o
 .text.SystemInit
                0x000000000002af48      0x1b8 _build/system_nrf52840.o
                0x000000000002af48                SystemInit
 .text          0x000000000002b100       0x3c _build/gcc_startup_nrf52840.os
                0x000000000002b100                Reset_Handler
                0x000000000002b128                NMI_Handler
                0x000000000002b12c                MemoryManagement_Handler
                0x000000000002b12e                BusFault_Handler
                0x000000000002b130                UsageFault_Handler
                0x000000000002b132                SVC_Handler
                0x000000000002b134                DebugMon_Handler
                0x000000000002b136                PendSV_Handler
                0x000000000002b138                SysTick_Handler
                0x000000000002b13a                USBD_IRQHandler
                0x000000000002b13a                TIMER4_IRQHandler
                0x000000000002b13a                CRYPTOCELL_IRQHandler
                0x000000000002b13a                I2S_IRQHandler
                0x000000000002b13a                SWI4_EGU4_IRQHandler
                0x000000000002b13a                UARTE1_IRQHandler
                0x000000000002b13a                SPIM3_IRQHandler
                0x000000000002b13a                ECB_IRQHandler
                0x000000000002b13a                Default_Handler
                0x000000000002b13a                CCM_AAR_IRQHandler
                0x000000000002b13a                WDT_IRQHandler
                0x000000000002b13a                SWI5_EGU5_IRQHandler
                0x000000000002b13a                RNG_IRQHandler
                0x000000000002b13a                RTC2_IRQHandler
                0x000000000002b13a                SWI3_EGU3_IRQHandler
                0x000000000002b13a                SWI1_EGU1_IRQHandler
                0x000000000002b13a                SPIM2_SPIS2_SPI2_IRQHandler
                0x000000000002b13a                NFCT_IRQHandler
                0x000000000002b13a                MWU_IRQHandler
                0x000000000002b13a                QSPI_IRQHandler
                0x000000000002b13a                TIMER2_IRQHandler
                0x000000000002b13a                COMP_LPCOMP_IRQHandler
                0x000000000002b13a                RTC0_IRQHandler
                0x000000000002b13a                RADIO_IRQHandler
                0x000000000002b13a                PDM_IRQHandler
                0x000000000002b13a                TEMP_IRQHandler
                0x000000000002b13a                QDEC_IRQHandler
                0x000000000002b13a                TIMER3_IRQHandler
                0x000000000002b13a                PWM3_IRQHandler
                0x000000000002b13a                FPU_IRQHandler
 .text.exit     0x000000000002b13c       0x20 /usr/local/Caskroom/gcc-arm-embedded/7-2018-q2-update/gcc-arm-none-eabi-7-2018-q2-update/bin/../lib/gcc/arm-none-eabi/7.3.1/../../../../arm-none-eabi/lib/thumb/v7e-m/fpv4-sp/hard/libc.a(lib_a-exit.o)
                0x000000000002b13c                exit
 .text.__libc_init_array
                0x000000000002b15c       0x48 /usr/local/Caskroom/gcc-arm-embedded/7-2018-q2-update/gcc-arm-none-eabi-7-2018-q2-update/bin/../lib/gcc/arm-none-eabi/7.3.1/../../../../arm-none-eabi/lib/thumb/v7e-m/fpv4-sp/hard/libc.a(lib_a-init.o)
                0x000000000002b15c                __libc_init_array
 .text.__locale_mb_cur_max
                0x000000000002b1a4       0x1c /usr/local/Caskroom/gcc-arm-embedded/7-2018-q2-update/gcc-arm-none-eabi-7-2018-q2-update/bin/../lib/gcc/arm-none-eabi/7.3.1/../../../../arm-none-eabi/lib/thumb/v7e-m/fpv4-sp/hard/libc.a(lib_a-locale.o)
                0x000000000002b1a4                __locale_mb_cur_max
 .text.__ascii_mbtowc
                0x000000000002b1c0       0x2c /usr/local/Caskroom/gcc-arm-embedded/7-2018-q2-update/gcc-arm-none-eabi-7-2018-q2-update/bin/../lib/gcc/arm-none-eabi/7.3.1/../../../../arm-none-eabi/lib/thumb/v7e-m/fpv4-sp/hard/libc.a(lib_a-mbtowc_r.o)
                0x000000000002b1c0                __ascii_mbtowc
 .text          0x000000000002b1ec      0x134 /usr/local/Caskroom/gcc-arm-embedded/7-2018-q2-update/gcc-arm-none-eabi-7-2018-q2-update/bin/../lib/gcc/arm-none-eabi/7.3.1/../../../../arm-none-eabi/lib/thumb/v7e-m/fpv4-sp/hard/libc.a(lib_a-memcpy.o)
                0x000000000002b1ec                memcpy
 .text.memset   0x000000000002b320       0x94 /usr/local/Caskroom/gcc-arm-embedded/7-2018-q2-update/gcc-arm-none-eabi-7-2018-q2-update/bin/../lib/gcc/arm-none-eabi/7.3.1/../../../../arm-none-eabi/lib/thumb/v7e-m/fpv4-sp/hard/libc.a(lib_a-memset.o)
                0x000000000002b320                memset
 .text.printf   0x000000000002b3b4       0x28 /usr/local/Caskroom/gcc-arm-embedded/7-2018-q2-update/gcc-arm-none-eabi-7-2018-q2-update/bin/../lib/gcc/arm-none-eabi/7.3.1/../../../../arm-none-eabi/lib/thumb/v7e-m/fpv4-sp/hard/libc.a(lib_a-printf.o)
                0x000000000002b3b4                printf
 .text.setbuf   0x000000000002b3dc       0x10 /usr/local/Caskroom/gcc-arm-embedded/7-2018-q2-update/gcc-arm-none-eabi-7-2018-q2-update/bin/../lib/gcc/arm-none-eabi/7.3.1/../../../../arm-none-eabi/lib/thumb/v7e-m/fpv4-sp/hard/libc.a(lib_a-setbuf.o)
                0x000000000002b3dc                setbuf
 .text.setvbuf  0x000000000002b3ec      0x180 /usr/local/Caskroom/gcc-arm-embedded/7-2018-q2-update/gcc-arm-none-eabi-7-2018-q2-update/bin/../lib/gcc/arm-none-eabi/7.3.1/../../../../arm-none-eabi/lib/thumb/v7e-m/fpv4-sp/hard/libc.a(lib_a-setvbuf.o)
                0x000000000002b3ec                setvbuf
 .text.strcpy   0x000000000002b56c       0xbc /usr/local/Caskroom/gcc-arm-embedded/7-2018-q2-update/gcc-arm-none-eabi-7-2018-q2-update/bin/../lib/gcc/arm-none-eabi/7.3.1/../../../../arm-none-eabi/lib/thumb/v7e-m/fpv4-sp/hard/libc.a(lib_a-strcpy.o)
                0x000000000002b56c                strcpy
 *fill*         0x000000000002b628       0x18 
 .text          0x000000000002b640       0xdc /usr/local/Caskroom/gcc-arm-embedded/7-2018-q2-update/gcc-arm-none-eabi-7-2018-q2-update/bin/../lib/gcc/arm-none-eabi/7.3.1/../../../../arm-none-eabi/lib/thumb/v7e-m/fpv4-sp/hard/libc.a(lib_a-strlen.o)
                0x000000000002b640                strlen
 *fill*         0x000000000002b71c        0x4 
 .text._vfprintf_r
                0x000000000002b720     0x1a7c /usr/local/Caskroom/gcc-arm-embedded/7-2018-q2-update/gcc-arm-none-eabi-7-2018-q2-update/bin/../lib/gcc/arm-none-eabi/7.3.1/../../../../arm-none-eabi/lib/thumb/v7e-m/fpv4-sp/hard/libc.a(lib_a-vfprintf.o)
                0x000000000002b720                _vfprintf_r
 .text.__sbprintf
                0x000000000002d19c       0x84 /usr/local/Caskroom/gcc-arm-embedded/7-2018-q2-update/gcc-arm-none-eabi-7-2018-q2-update/bin/../lib/gcc/arm-none-eabi/7.3.1/../../../../arm-none-eabi/lib/thumb/v7e-m/fpv4-sp/hard/libc.a(lib_a-vfprintf.o)
 .text._vsnprintf_r
                0x000000000002d220       0x70 /usr/local/Caskroom/gcc-arm-embedded/7-2018-q2-update/gcc-arm-none-eabi-7-2018-q2-update/bin/../lib/gcc/arm-none-eabi/7.3.1/../../../../arm-none-eabi/lib/thumb/v7e-m/fpv4-sp/hard/libc.a(lib_a-vsnprintf.o)
                0x000000000002d220                _vsnprintf_r
 .text.vsnprintf
                0x000000000002d290       0x20 /usr/local/Caskroom/gcc-arm-embedded/7-2018-q2-update/gcc-arm-none-eabi-7-2018-q2-update/bin/../lib/gcc/arm-none-eabi/7.3.1/../../../../arm-none-eabi/lib/thumb/v7e-m/fpv4-sp/hard/libc.a(lib_a-vsnprintf.o)
                0x000000000002d290                vsnprintf
 .text.__ascii_wctomb
                0x000000000002d2b0       0x1c /usr/local/Caskroom/gcc-arm-embedded/7-2018-q2-update/gcc-arm-none-eabi-7-2018-q2-update/bin/../lib/gcc/arm-none-eabi/7.3.1/../../../../arm-none-eabi/lib/thumb/v7e-m/fpv4-sp/hard/libc.a(lib_a-wctomb_r.o)
                0x000000000002d2b0                __ascii_wctomb
 .text.__swsetup_r
                0x000000000002d2cc       0xcc /usr/local/Caskroom/gcc-arm-embedded/7-2018-q2-update/gcc-arm-none-eabi-7-2018-q2-update/bin/../lib/gcc/arm-none-eabi/7.3.1/../../../../arm-none-eabi/lib/thumb/v7e-m/fpv4-sp/hard/libc.a(lib_a-wsetup.o)
                0x000000000002d2cc                __swsetup_r
 .text.startup.register_fini
                0x000000000002d398       0x14 /usr/local/Caskroom/gcc-arm-embedded/7-2018-q2-update/gcc-arm-none-eabi-7-2018-q2-update/bin/../lib/gcc/arm-none-eabi/7.3.1/../../../../arm-none-eabi/lib/thumb/v7e-m/fpv4-sp/hard/libc.a(lib_a-__call_atexit.o)
 .text.__call_exitprocs
                0x000000000002d3ac       0xe8 /usr/local/Caskroom/gcc-arm-embedded/7-2018-q2-update/gcc-arm-none-eabi-7-2018-q2-update/bin/../lib/gcc/arm-none-eabi/7.3.1/../../../../arm-none-eabi/lib/thumb/v7e-m/fpv4-sp/hard/libc.a(lib_a-__call_atexit.o)
                0x000000000002d3ac                __call_exitprocs
 .text.atexit   0x000000000002d494        0xc /usr/local/Caskroom/gcc-arm-embedded/7-2018-q2-update/gcc-arm-none-eabi-7-2018-q2-update/bin/../lib/gcc/arm-none-eabi/7.3.1/../../../../arm-none-eabi/lib/thumb/v7e-m/fpv4-sp/hard/libc.a(lib_a-atexit.o)
                0x000000000002d494                atexit
 .text.quorem   0x000000000002d4a0      0x124 /usr/local/Caskroom/gcc-arm-embedded/7-2018-q2-update/gcc-arm-none-eabi-7-2018-q2-update/bin/../lib/gcc/arm-none-eabi/7.3.1/../../../../arm-none-eabi/lib/thumb/v7e-m/fpv4-sp/hard/libc.a(lib_a-dtoa.o)
 *fill*         0x000000000002d5c4        0x4 
 .text._dtoa_r  0x000000000002d5c8      0xe20 /usr/local/Caskroom/gcc-arm-embedded/7-2018-q2-update/gcc-arm-none-eabi-7-2018-q2-update/bin/../lib/gcc/arm-none-eabi/7.3.1/../../../../arm-none-eabi/lib/thumb/v7e-m/fpv4-sp/hard/libc.a(lib_a-dtoa.o)
                0x000000000002d5c8                _dtoa_r
 .text.__sflush_r
                0x000000000002e3e8      0x154 /usr/local/Caskroom/gcc-arm-embedded/7-2018-q2-update/gcc-arm-none-eabi-7-2018-q2-update/bin/../lib/gcc/arm-none-eabi/7.3.1/../../../../arm-none-eabi/lib/thumb/v7e-m/fpv4-sp/hard/libc.a(lib_a-fflush.o)
                0x000000000002e3e8                __sflush_r
 .text._fflush_r
                0x000000000002e53c       0x5c /usr/local/Caskroom/gcc-arm-embedded/7-2018-q2-update/gcc-arm-none-eabi-7-2018-q2-update/bin/../lib/gcc/arm-none-eabi/7.3.1/../../../../arm-none-eabi/lib/thumb/v7e-m/fpv4-sp/hard/libc.a(lib_a-fflush.o)
                0x000000000002e53c                _fflush_r
 .text.std      0x000000000002e598       0x50 /usr/local/Caskroom/gcc-arm-embedded/7-2018-q2-update/gcc-arm-none-eabi-7-2018-q2-update/bin/../lib/gcc/arm-none-eabi/7.3.1/../../../../arm-none-eabi/lib/thumb/v7e-m/fpv4-sp/hard/libc.a(lib_a-findfp.o)
 .text._cleanup_r
                0x000000000002e5e8        0xc /usr/local/Caskroom/gcc-arm-embedded/7-2018-q2-update/gcc-arm-none-eabi-7-2018-q2-update/bin/../lib/gcc/arm-none-eabi/7.3.1/../../../../arm-none-eabi/lib/thumb/v7e-m/fpv4-sp/hard/libc.a(lib_a-findfp.o)
                0x000000000002e5e8                _cleanup_r
 .text.__sinit  0x000000000002e5f4       0x58 /usr/local/Caskroom/gcc-arm-embedded/7-2018-q2-update/gcc-arm-none-eabi-7-2018-q2-update/bin/../lib/gcc/arm-none-eabi/7.3.1/../../../../arm-none-eabi/lib/thumb/v7e-m/fpv4-sp/hard/libc.a(lib_a-findfp.o)
                0x000000000002e5f4                __sinit
 .text.__sfp_lock_acquire
                0x000000000002e64c        0xc /usr/local/Caskroom/gcc-arm-embedded/7-2018-q2-update/gcc-arm-none-eabi-7-2018-q2-update/bin/../lib/gcc/arm-none-eabi/7.3.1/../../../../arm-none-eabi/lib/thumb/v7e-m/fpv4-sp/hard/libc.a(lib_a-findfp.o)
                0x000000000002e64c                __sfp_lock_acquire
 .text.__sfp_lock_release
                0x000000000002e658        0xc /usr/local/Caskroom/gcc-arm-embedded/7-2018-q2-update/gcc-arm-none-eabi-7-2018-q2-update/bin/../lib/gcc/arm-none-eabi/7.3.1/../../../../arm-none-eabi/lib/thumb/v7e-m/fpv4-sp/hard/libc.a(lib_a-findfp.o)
                0x000000000002e658                __sfp_lock_release
 .text.__libc_fini_array
                0x000000000002e664       0x34 /usr/local/Caskroom/gcc-arm-embedded/7-2018-q2-update/gcc-arm-none-eabi-7-2018-q2-update/bin/../lib/gcc/arm-none-eabi/7.3.1/../../../../arm-none-eabi/lib/thumb/v7e-m/fpv4-sp/hard/libc.a(lib_a-fini.o)
                0x000000000002e664                __libc_fini_array
 .text._malloc_trim_r
                0x000000000002e698       0xa0 /usr/local/Caskroom/gcc-arm-embedded/7-2018-q2-update/gcc-arm-none-eabi-7-2018-q2-update/bin/../lib/gcc/arm-none-eabi/7.3.1/../../../../arm-none-eabi/lib/thumb/v7e-m/fpv4-sp/hard/libc.a(lib_a-freer.o)
                0x000000000002e698                _malloc_trim_r
 .text._free_r  0x000000000002e738      0x1e8 /usr/local/Caskroom/gcc-arm-embedded/7-2018-q2-update/gcc-arm-none-eabi-7-2018-q2-update/bin/../lib/gcc/arm-none-eabi/7.3.1/../../../../arm-none-eabi/lib/thumb/v7e-m/fpv4-sp/hard/libc.a(lib_a-freer.o)
                0x000000000002e738                _free_r
 .text._fwalk_reent
                0x000000000002e920       0x54 /usr/local/Caskroom/gcc-arm-embedded/7-2018-q2-update/gcc-arm-none-eabi-7-2018-q2-update/bin/../lib/gcc/arm-none-eabi/7.3.1/../../../../arm-none-eabi/lib/thumb/v7e-m/fpv4-sp/hard/libc.a(lib_a-fwalk.o)
                0x000000000002e920                _fwalk_reent
 .text._localeconv_r
                0x000000000002e974       0x1c /usr/local/Caskroom/gcc-arm-embedded/7-2018-q2-update/gcc-arm-none-eabi-7-2018-q2-update/bin/../lib/gcc/arm-none-eabi/7.3.1/../../../../arm-none-eabi/lib/thumb/v7e-m/fpv4-sp/hard/libc.a(lib_a-localeconv.o)
                0x000000000002e974                _localeconv_r
 .text.__retarget_lock_init_recursive
                0x000000000002e990        0x4 /usr/local/Caskroom/gcc-arm-embedded/7-2018-q2-update/gcc-arm-none-eabi-7-2018-q2-update/bin/../lib/gcc/arm-none-eabi/7.3.1/../../../../arm-none-eabi/lib/thumb/v7e-m/fpv4-sp/hard/libc.a(lib_a-lock.o)
                0x000000000002e990                __retarget_lock_init_recursive
 .text.__retarget_lock_close_recursive
                0x000000000002e994        0x4 /usr/local/Caskroom/gcc-arm-embedded/7-2018-q2-update/gcc-arm-none-eabi-7-2018-q2-update/bin/../lib/gcc/arm-none-eabi/7.3.1/../../../../arm-none-eabi/lib/thumb/v7e-m/fpv4-sp/hard/libc.a(lib_a-lock.o)
                0x000000000002e994                __retarget_lock_close_recursive
 .text.__retarget_lock_acquire_recursive
                0x000000000002e998        0x4 /usr/local/Caskroom/gcc-arm-embedded/7-2018-q2-update/gcc-arm-none-eabi-7-2018-q2-update/bin/../lib/gcc/arm-none-eabi/7.3.1/../../../../arm-none-eabi/lib/thumb/v7e-m/fpv4-sp/hard/libc.a(lib_a-lock.o)
                0x000000000002e998                __retarget_lock_acquire_recursive
 .text.__retarget_lock_release_recursive
                0x000000000002e99c        0x4 /usr/local/Caskroom/gcc-arm-embedded/7-2018-q2-update/gcc-arm-none-eabi-7-2018-q2-update/bin/../lib/gcc/arm-none-eabi/7.3.1/../../../../arm-none-eabi/lib/thumb/v7e-m/fpv4-sp/hard/libc.a(lib_a-lock.o)
                0x000000000002e99c                __retarget_lock_release_recursive
 .text.__swhatbuf_r
                0x000000000002e9a0       0x5c /usr/local/Caskroom/gcc-arm-embedded/7-2018-q2-update/gcc-arm-none-eabi-7-2018-q2-update/bin/../lib/gcc/arm-none-eabi/7.3.1/../../../../arm-none-eabi/lib/thumb/v7e-m/fpv4-sp/hard/libc.a(lib_a-makebuf.o)
                0x000000000002e9a0                __swhatbuf_r
 .text.__smakebuf_r
                0x000000000002e9fc       0x94 /usr/local/Caskroom/gcc-arm-embedded/7-2018-q2-update/gcc-arm-none-eabi-7-2018-q2-update/bin/../lib/gcc/arm-none-eabi/7.3.1/../../../../arm-none-eabi/lib/thumb/v7e-m/fpv4-sp/hard/libc.a(lib_a-makebuf.o)
                0x000000000002e9fc                __smakebuf_r
 .text.malloc   0x000000000002ea90       0x10 /usr/local/Caskroom/gcc-arm-embedded/7-2018-q2-update/gcc-arm-none-eabi-7-2018-q2-update/bin/../lib/gcc/arm-none-eabi/7.3.1/../../../../arm-none-eabi/lib/thumb/v7e-m/fpv4-sp/hard/libc.a(lib_a-malloc.o)
                0x000000000002ea90                malloc
 .text.free     0x000000000002eaa0       0x10 /usr/local/Caskroom/gcc-arm-embedded/7-2018-q2-update/gcc-arm-none-eabi-7-2018-q2-update/bin/../lib/gcc/arm-none-eabi/7.3.1/../../../../arm-none-eabi/lib/thumb/v7e-m/fpv4-sp/hard/libc.a(lib_a-malloc.o)
                0x000000000002eaa0                free
 .text._malloc_r
                0x000000000002eab0      0x548 /usr/local/Caskroom/gcc-arm-embedded/7-2018-q2-update/gcc-arm-none-eabi-7-2018-q2-update/bin/../lib/gcc/arm-none-eabi/7.3.1/../../../../arm-none-eabi/lib/thumb/v7e-m/fpv4-sp/hard/libc.a(lib_a-mallocr.o)
                0x000000000002eab0                _malloc_r
 *fill*         0x000000000002eff8        0x8 
 .text          0x000000000002f000       0xa0 /usr/local/Caskroom/gcc-arm-embedded/7-2018-q2-update/gcc-arm-none-eabi-7-2018-q2-update/bin/../lib/gcc/arm-none-eabi/7.3.1/../../../../arm-none-eabi/lib/thumb/v7e-m/fpv4-sp/hard/libc.a(lib_a-memchr.o)
                0x000000000002f000                memchr
 .text.__malloc_lock
                0x000000000002f0a0        0xc /usr/local/Caskroom/gcc-arm-embedded/7-2018-q2-update/gcc-arm-none-eabi-7-2018-q2-update/bin/../lib/gcc/arm-none-eabi/7.3.1/../../../../arm-none-eabi/lib/thumb/v7e-m/fpv4-sp/hard/libc.a(lib_a-mlock.o)
                0x000000000002f0a0                __malloc_lock
 .text.__malloc_unlock
                0x000000000002f0ac        0xc /usr/local/Caskroom/gcc-arm-embedded/7-2018-q2-update/gcc-arm-none-eabi-7-2018-q2-update/bin/../lib/gcc/arm-none-eabi/7.3.1/../../../../arm-none-eabi/lib/thumb/v7e-m/fpv4-sp/hard/libc.a(lib_a-mlock.o)
                0x000000000002f0ac                __malloc_unlock
 .text._Balloc  0x000000000002f0b8       0x4c /usr/local/Caskroom/gcc-arm-embedded/7-2018-q2-update/gcc-arm-none-eabi-7-2018-q2-update/bin/../lib/gcc/arm-none-eabi/7.3.1/../../../../arm-none-eabi/lib/thumb/v7e-m/fpv4-sp/hard/libc.a(lib_a-mprec.o)
                0x000000000002f0b8                _Balloc
 .text._Bfree   0x000000000002f104       0x14 /usr/local/Caskroom/gcc-arm-embedded/7-2018-q2-update/gcc-arm-none-eabi-7-2018-q2-update/bin/../lib/gcc/arm-none-eabi/7.3.1/../../../../arm-none-eabi/lib/thumb/v7e-m/fpv4-sp/hard/libc.a(lib_a-mprec.o)
                0x000000000002f104                _Bfree
 .text.__multadd
                0x000000000002f118       0x80 /usr/local/Caskroom/gcc-arm-embedded/7-2018-q2-update/gcc-arm-none-eabi-7-2018-q2-update/bin/../lib/gcc/arm-none-eabi/7.3.1/../../../../arm-none-eabi/lib/thumb/v7e-m/fpv4-sp/hard/libc.a(lib_a-mprec.o)
                0x000000000002f118                __multadd
 .text.__hi0bits
                0x000000000002f198       0x40 /usr/local/Caskroom/gcc-arm-embedded/7-2018-q2-update/gcc-arm-none-eabi-7-2018-q2-update/bin/../lib/gcc/arm-none-eabi/7.3.1/../../../../arm-none-eabi/lib/thumb/v7e-m/fpv4-sp/hard/libc.a(lib_a-mprec.o)
                0x000000000002f198                __hi0bits
 .text.__lo0bits
                0x000000000002f1d8       0x60 /usr/local/Caskroom/gcc-arm-embedded/7-2018-q2-update/gcc-arm-none-eabi-7-2018-q2-update/bin/../lib/gcc/arm-none-eabi/7.3.1/../../../../arm-none-eabi/lib/thumb/v7e-m/fpv4-sp/hard/libc.a(lib_a-mprec.o)
                0x000000000002f1d8                __lo0bits
 .text.__i2b    0x000000000002f238       0x14 /usr/local/Caskroom/gcc-arm-embedded/7-2018-q2-update/gcc-arm-none-eabi-7-2018-q2-update/bin/../lib/gcc/arm-none-eabi/7.3.1/../../../../arm-none-eabi/lib/thumb/v7e-m/fpv4-sp/hard/libc.a(lib_a-mprec.o)
                0x000000000002f238                __i2b
 .text.__multiply
                0x000000000002f24c      0x14c /usr/local/Caskroom/gcc-arm-embedded/7-2018-q2-update/gcc-arm-none-eabi-7-2018-q2-update/bin/../lib/gcc/arm-none-eabi/7.3.1/../../../../arm-none-eabi/lib/thumb/v7e-m/fpv4-sp/hard/libc.a(lib_a-mprec.o)
                0x000000000002f24c                __multiply
 .text.__pow5mult
                0x000000000002f398       0xa0 /usr/local/Caskroom/gcc-arm-embedded/7-2018-q2-update/gcc-arm-none-eabi-7-2018-q2-update/bin/../lib/gcc/arm-none-eabi/7.3.1/../../../../arm-none-eabi/lib/thumb/v7e-m/fpv4-sp/hard/libc.a(lib_a-mprec.o)
                0x000000000002f398                __pow5mult
 .text.__lshift
                0x000000000002f438       0xac /usr/local/Caskroom/gcc-arm-embedded/7-2018-q2-update/gcc-arm-none-eabi-7-2018-q2-update/bin/../lib/gcc/arm-none-eabi/7.3.1/../../../../arm-none-eabi/lib/thumb/v7e-m/fpv4-sp/hard/libc.a(lib_a-mprec.o)
                0x000000000002f438                __lshift
 .text.__mcmp   0x000000000002f4e4       0x38 /usr/local/Caskroom/gcc-arm-embedded/7-2018-q2-update/gcc-arm-none-eabi-7-2018-q2-update/bin/../lib/gcc/arm-none-eabi/7.3.1/../../../../arm-none-eabi/lib/thumb/v7e-m/fpv4-sp/hard/libc.a(lib_a-mprec.o)
                0x000000000002f4e4                __mcmp
 .text.__mdiff  0x000000000002f51c       0xec /usr/local/Caskroom/gcc-arm-embedded/7-2018-q2-update/gcc-arm-none-eabi-7-2018-q2-update/bin/../lib/gcc/arm-none-eabi/7.3.1/../../../../arm-none-eabi/lib/thumb/v7e-m/fpv4-sp/hard/libc.a(lib_a-mprec.o)
                0x000000000002f51c                __mdiff
 .text.__d2b    0x000000000002f608       0xc4 /usr/local/Caskroom/gcc-arm-embedded/7-2018-q2-update/gcc-arm-none-eabi-7-2018-q2-update/bin/../lib/gcc/arm-none-eabi/7.3.1/../../../../arm-none-eabi/lib/thumb/v7e-m/fpv4-sp/hard/libc.a(lib_a-mprec.o)
                0x000000000002f608                __d2b
 .text.frexp    0x000000000002f6cc       0x68 /usr/local/Caskroom/gcc-arm-embedded/7-2018-q2-update/gcc-arm-none-eabi-7-2018-q2-update/bin/../lib/gcc/arm-none-eabi/7.3.1/../../../../arm-none-eabi/lib/thumb/v7e-m/fpv4-sp/hard/libc.a(lib_a-s_frexp.o)
                0x000000000002f6cc                frexp
 .text._sbrk_r  0x000000000002f734       0x24 /usr/local/Caskroom/gcc-arm-embedded/7-2018-q2-update/gcc-arm-none-eabi-7-2018-q2-update/bin/../lib/gcc/arm-none-eabi/7.3.1/../../../../arm-none-eabi/lib/thumb/v7e-m/fpv4-sp/hard/libc.a(lib_a-sbrkr.o)
                0x000000000002f734                _sbrk_r
 .text.__sread  0x000000000002f758       0x24 /usr/local/Caskroom/gcc-arm-embedded/7-2018-q2-update/gcc-arm-none-eabi-7-2018-q2-update/bin/../lib/gcc/arm-none-eabi/7.3.1/../../../../arm-none-eabi/lib/thumb/v7e-m/fpv4-sp/hard/libc.a(lib_a-stdio.o)
                0x000000000002f758                __sread
 .text.__swrite
                0x000000000002f77c       0x3c /usr/local/Caskroom/gcc-arm-embedded/7-2018-q2-update/gcc-arm-none-eabi-7-2018-q2-update/bin/../lib/gcc/arm-none-eabi/7.3.1/../../../../arm-none-eabi/lib/thumb/v7e-m/fpv4-sp/hard/libc.a(lib_a-stdio.o)
                0x000000000002f77c                __swrite
 .text.__sseek  0x000000000002f7b8       0x20 /usr/local/Caskroom/gcc-arm-embedded/7-2018-q2-update/gcc-arm-none-eabi-7-2018-q2-update/bin/../lib/gcc/arm-none-eabi/7.3.1/../../../../arm-none-eabi/lib/thumb/v7e-m/fpv4-sp/hard/libc.a(lib_a-stdio.o)
                0x000000000002f7b8                __sseek
 .text.__sclose
                0x000000000002f7d8        0x8 /usr/local/Caskroom/gcc-arm-embedded/7-2018-q2-update/gcc-arm-none-eabi-7-2018-q2-update/bin/../lib/gcc/arm-none-eabi/7.3.1/../../../../arm-none-eabi/lib/thumb/v7e-m/fpv4-sp/hard/libc.a(lib_a-stdio.o)
                0x000000000002f7d8                __sclose
 .text.strncpy  0x000000000002f7e0       0x64 /usr/local/Caskroom/gcc-arm-embedded/7-2018-q2-update/gcc-arm-none-eabi-7-2018-q2-update/bin/../lib/gcc/arm-none-eabi/7.3.1/../../../../arm-none-eabi/lib/thumb/v7e-m/fpv4-sp/hard/libc.a(lib_a-strncpy.o)
                0x000000000002f7e0                strncpy
 *fill*         0x000000000002f844        0x4 
 .text._svfprintf_r
                0x000000000002f848     0x19cc /usr/local/Caskroom/gcc-arm-embedded/7-2018-q2-update/gcc-arm-none-eabi-7-2018-q2-update/bin/../lib/gcc/arm-none-eabi/7.3.1/../../../../arm-none-eabi/lib/thumb/v7e-m/fpv4-sp/hard/libc.a(lib_a-svfprintf.o)
                0x000000000002f848                _svfprintf_r
 .text.__sprint_r.part.0
                0x0000000000031214       0x78 /usr/local/Caskroom/gcc-arm-embedded/7-2018-q2-update/gcc-arm-none-eabi-7-2018-q2-update/bin/../lib/gcc/arm-none-eabi/7.3.1/../../../../arm-none-eabi/lib/thumb/v7e-m/fpv4-sp/hard/libc.a(lib_a-vfiprintf.o)
 .text.__sprint_r
                0x000000000003128c       0x14 /usr/local/Caskroom/gcc-arm-embedded/7-2018-q2-update/gcc-arm-none-eabi-7-2018-q2-update/bin/../lib/gcc/arm-none-eabi/7.3.1/../../../../arm-none-eabi/lib/thumb/v7e-m/fpv4-sp/hard/libc.a(lib_a-vfiprintf.o)
                0x000000000003128c                __sprint_r
 .text.__register_exitproc
                0x00000000000312a0       0xc0 /usr/local/Caskroom/gcc-arm-embedded/7-2018-q2-update/gcc-arm-none-eabi-7-2018-q2-update/bin/../lib/gcc/arm-none-eabi/7.3.1/../../../../arm-none-eabi/lib/thumb/v7e-m/fpv4-sp/hard/libc.a(lib_a-__atexit.o)
                0x00000000000312a0                __register_exitproc
 .text._calloc_r
                0x0000000000031360       0x68 /usr/local/Caskroom/gcc-arm-embedded/7-2018-q2-update/gcc-arm-none-eabi-7-2018-q2-update/bin/../lib/gcc/arm-none-eabi/7.3.1/../../../../arm-none-eabi/lib/thumb/v7e-m/fpv4-sp/hard/libc.a(lib_a-callocr.o)
                0x0000000000031360                _calloc_r
 .text._close_r
                0x00000000000313c8       0x24 /usr/local/Caskroom/gcc-arm-embedded/7-2018-q2-update/gcc-arm-none-eabi-7-2018-q2-update/bin/../lib/gcc/arm-none-eabi/7.3.1/../../../../arm-none-eabi/lib/thumb/v7e-m/fpv4-sp/hard/libc.a(lib_a-closer.o)
                0x00000000000313c8                _close_r
 .text._fclose_r
                0x00000000000313ec       0xd0 /usr/local/Caskroom/gcc-arm-embedded/7-2018-q2-update/gcc-arm-none-eabi-7-2018-q2-update/bin/../lib/gcc/arm-none-eabi/7.3.1/../../../../arm-none-eabi/lib/thumb/v7e-m/fpv4-sp/hard/libc.a(lib_a-fclose.o)
                0x00000000000313ec                _fclose_r
 .text.__fputwc
                0x00000000000314bc       0xa0 /usr/local/Caskroom/gcc-arm-embedded/7-2018-q2-update/gcc-arm-none-eabi-7-2018-q2-update/bin/../lib/gcc/arm-none-eabi/7.3.1/../../../../arm-none-eabi/lib/thumb/v7e-m/fpv4-sp/hard/libc.a(lib_a-fputwc.o)
                0x00000000000314bc                __fputwc
 .text._fputwc_r
                0x000000000003155c       0x64 /usr/local/Caskroom/gcc-arm-embedded/7-2018-q2-update/gcc-arm-none-eabi-7-2018-q2-update/bin/../lib/gcc/arm-none-eabi/7.3.1/../../../../arm-none-eabi/lib/thumb/v7e-m/fpv4-sp/hard/libc.a(lib_a-fputwc.o)
                0x000000000003155c                _fputwc_r
 .text._fstat_r
                0x00000000000315c0       0x28 /usr/local/Caskroom/gcc-arm-embedded/7-2018-q2-update/gcc-arm-none-eabi-7-2018-q2-update/bin/../lib/gcc/arm-none-eabi/7.3.1/../../../../arm-none-eabi/lib/thumb/v7e-m/fpv4-sp/hard/libc.a(lib_a-fstatr.o)
                0x00000000000315c0                _fstat_r
 .text.__sfvwrite_r
                0x00000000000315e8      0x2fc /usr/local/Caskroom/gcc-arm-embedded/7-2018-q2-update/gcc-arm-none-eabi-7-2018-q2-update/bin/../lib/gcc/arm-none-eabi/7.3.1/../../../../arm-none-eabi/lib/thumb/v7e-m/fpv4-sp/hard/libc.a(lib_a-fvwrite.o)
                0x00000000000315e8                __sfvwrite_r
 .text._isatty_r
                0x00000000000318e4       0x24 /usr/local/Caskroom/gcc-arm-embedded/7-2018-q2-update/gcc-arm-none-eabi-7-2018-q2-update/bin/../lib/gcc/arm-none-eabi/7.3.1/../../../../arm-none-eabi/lib/thumb/v7e-m/fpv4-sp/hard/libc.a(lib_a-isattyr.o)
                0x00000000000318e4                _isatty_r
 .text._lseek_r
                0x0000000000031908       0x2c /usr/local/Caskroom/gcc-arm-embedded/7-2018-q2-update/gcc-arm-none-eabi-7-2018-q2-update/bin/../lib/gcc/arm-none-eabi/7.3.1/../../../../arm-none-eabi/lib/thumb/v7e-m/fpv4-sp/hard/libc.a(lib_a-lseekr.o)
                0x0000000000031908                _lseek_r
 .text.memmove  0x0000000000031934       0xc8 /usr/local/Caskroom/gcc-arm-embedded/7-2018-q2-update/gcc-arm-none-eabi-7-2018-q2-update/bin/../lib/gcc/arm-none-eabi/7.3.1/../../../../arm-none-eabi/lib/thumb/v7e-m/fpv4-sp/hard/libc.a(lib_a-memmove.o)
                0x0000000000031934                memmove
 .text._read_r  0x00000000000319fc       0x2c /usr/local/Caskroom/gcc-arm-embedded/7-2018-q2-update/gcc-arm-none-eabi-7-2018-q2-update/bin/../lib/gcc/arm-none-eabi/7.3.1/../../../../arm-none-eabi/lib/thumb/v7e-m/fpv4-sp/hard/libc.a(lib_a-readr.o)
                0x00000000000319fc                _read_r
 .text._realloc_r
                0x0000000000031a28      0x35c /usr/local/Caskroom/gcc-arm-embedded/7-2018-q2-update/gcc-arm-none-eabi-7-2018-q2-update/bin/../lib/gcc/arm-none-eabi/7.3.1/../../../../arm-none-eabi/lib/thumb/v7e-m/fpv4-sp/hard/libc.a(lib_a-reallocr.o)
                0x0000000000031a28                _realloc_r
 .text.__ssprint_r
                0x0000000000031d84       0xf4 /usr/local/Caskroom/gcc-arm-embedded/7-2018-q2-update/gcc-arm-none-eabi-7-2018-q2-update/bin/../lib/gcc/arm-none-eabi/7.3.1/../../../../arm-none-eabi/lib/thumb/v7e-m/fpv4-sp/hard/libc.a(lib_a-svfiprintf.o)
                0x0000000000031d84                __ssprint_r
 .text.__swbuf_r
                0x0000000000031e78       0xb0 /usr/local/Caskroom/gcc-arm-embedded/7-2018-q2-update/gcc-arm-none-eabi-7-2018-q2-update/bin/../lib/gcc/arm-none-eabi/7.3.1/../../../../arm-none-eabi/lib/thumb/v7e-m/fpv4-sp/hard/libc.a(lib_a-wbuf.o)
                0x0000000000031e78                __swbuf_r
 .text._wcrtomb_r
                0x0000000000031f28       0x50 /usr/local/Caskroom/gcc-arm-embedded/7-2018-q2-update/gcc-arm-none-eabi-7-2018-q2-update/bin/../lib/gcc/arm-none-eabi/7.3.1/../../../../arm-none-eabi/lib/thumb/v7e-m/fpv4-sp/hard/libc.a(lib_a-wcrtomb.o)
                0x0000000000031f28                _wcrtomb_r
 .text._close   0x0000000000031f78       0x10 /usr/local/Caskroom/gcc-arm-embedded/7-2018-q2-update/gcc-arm-none-eabi-7-2018-q2-update/bin/../lib/gcc/arm-none-eabi/7.3.1/../../../../arm-none-eabi/lib/thumb/v7e-m/fpv4-sp/hard/libnosys.a(close.o)
                0x0000000000031f78                _close
 .text._fstat   0x0000000000031f88       0x10 /usr/local/Caskroom/gcc-arm-embedded/7-2018-q2-update/gcc-arm-none-eabi-7-2018-q2-update/bin/../lib/gcc/arm-none-eabi/7.3.1/../../../../arm-none-eabi/lib/thumb/v7e-m/fpv4-sp/hard/libnosys.a(fstat.o)
                0x0000000000031f88                _fstat
 .text._isatty  0x0000000000031f98       0x10 /usr/local/Caskroom/gcc-arm-embedded/7-2018-q2-update/gcc-arm-none-eabi-7-2018-q2-update/bin/../lib/gcc/arm-none-eabi/7.3.1/../../../../arm-none-eabi/lib/thumb/v7e-m/fpv4-sp/hard/libnosys.a(isatty.o)
                0x0000000000031f98                _isatty
 .text._lseek   0x0000000000031fa8       0x10 /usr/local/Caskroom/gcc-arm-embedded/7-2018-q2-update/gcc-arm-none-eabi-7-2018-q2-update/bin/../lib/gcc/arm-none-eabi/7.3.1/../../../../arm-none-eabi/lib/thumb/v7e-m/fpv4-sp/hard/libnosys.a(lseek.o)
                0x0000000000031fa8                _lseek
 .text._read    0x0000000000031fb8       0x10 /usr/local/Caskroom/gcc-arm-embedded/7-2018-q2-update/gcc-arm-none-eabi-7-2018-q2-update/bin/../lib/gcc/arm-none-eabi/7.3.1/../../../../arm-none-eabi/lib/thumb/v7e-m/fpv4-sp/hard/libnosys.a(read.o)
                0x0000000000031fb8                _read
 .text._sbrk    0x0000000000031fc8       0x1c /usr/local/Caskroom/gcc-arm-embedded/7-2018-q2-update/gcc-arm-none-eabi-7-2018-q2-update/bin/../lib/gcc/arm-none-eabi/7.3.1/../../../../arm-none-eabi/lib/thumb/v7e-m/fpv4-sp/hard/libnosys.a(sbrk.o)
                0x0000000000031fc8                _sbrk
 .text._exit    0x0000000000031fe4        0x4 /usr/local/Caskroom/gcc-arm-embedded/7-2018-q2-update/gcc-arm-none-eabi-7-2018-q2-update/bin/../lib/gcc/arm-none-eabi/7.3.1/../../../../arm-none-eabi/lib/thumb/v7e-m/fpv4-sp/hard/libnosys.a(_exit.o)
                0x0000000000031fe4                _exit
 .text          0x0000000000031fe8      0x378 /usr/local/Caskroom/gcc-arm-embedded/7-2018-q2-update/gcc-arm-none-eabi-7-2018-q2-update/bin/../lib/gcc/arm-none-eabi/7.3.1/thumb/v7e-m/fpv4-sp/hard/libgcc.a(_arm_addsubdf3.o)
                0x0000000000031fe8                __aeabi_drsub
                0x0000000000031ff0                __subdf3
                0x0000000000031ff0                __aeabi_dsub
                0x0000000000031ff4                __aeabi_dadd
                0x0000000000031ff4                __adddf3
                0x000000000003226c                __aeabi_ui2d
                0x000000000003226c                __floatunsidf
                0x000000000003228c                __floatsidf
                0x000000000003228c                __aeabi_i2d
                0x00000000000322b0                __extendsfdf2
                0x00000000000322b0                __aeabi_f2d
                0x00000000000322f4                __aeabi_ul2d
                0x00000000000322f4                __floatundidf
                0x0000000000032304                __aeabi_l2d
                0x0000000000032304                __floatdidf
 .text          0x0000000000032360      0x424 /usr/local/Caskroom/gcc-arm-embedded/7-2018-q2-update/gcc-arm-none-eabi-7-2018-q2-update/bin/../lib/gcc/arm-none-eabi/7.3.1/thumb/v7e-m/fpv4-sp/hard/libgcc.a(_arm_muldivdf3.o)
                0x0000000000032360                __aeabi_dmul
                0x0000000000032360                __muldf3
                0x00000000000325b4                __aeabi_ddiv
                0x00000000000325b4                __divdf3
 .text          0x0000000000032784      0x110 /usr/local/Caskroom/gcc-arm-embedded/7-2018-q2-update/gcc-arm-none-eabi-7-2018-q2-update/bin/../lib/gcc/arm-none-eabi/7.3.1/thumb/v7e-m/fpv4-sp/hard/libgcc.a(_arm_cmpdf2.o)
                0x0000000000032784                __gedf2
                0x0000000000032784                __gtdf2
                0x000000000003278c                __ledf2
                0x000000000003278c                __ltdf2
                0x0000000000032794                __cmpdf2
                0x0000000000032794                __eqdf2
                0x0000000000032794                __nedf2
                0x0000000000032810                __aeabi_cdrcmple
                0x0000000000032820                __aeabi_cdcmple
                0x0000000000032820                __aeabi_cdcmpeq
                0x0000000000032830                __aeabi_dcmpeq
                0x0000000000032844                __aeabi_dcmplt
                0x0000000000032858                __aeabi_dcmple
                0x000000000003286c                __aeabi_dcmpge
                0x0000000000032880                __aeabi_dcmpgt
 .text          0x0000000000032894       0x2c /usr/local/Caskroom/gcc-arm-embedded/7-2018-q2-update/gcc-arm-none-eabi-7-2018-q2-update/bin/../lib/gcc/arm-none-eabi/7.3.1/thumb/v7e-m/fpv4-sp/hard/libgcc.a(_arm_unorddf2.o)
                0x0000000000032894                __aeabi_dcmpun
                0x0000000000032894                __unorddf2
 .text          0x00000000000328c0       0x50 /usr/local/Caskroom/gcc-arm-embedded/7-2018-q2-update/gcc-arm-none-eabi-7-2018-q2-update/bin/../lib/gcc/arm-none-eabi/7.3.1/thumb/v7e-m/fpv4-sp/hard/libgcc.a(_arm_fixdfsi.o)
                0x00000000000328c0                __fixdfsi
                0x00000000000328c0                __aeabi_d2iz
 .text          0x0000000000032910       0x30 /usr/local/Caskroom/gcc-arm-embedded/7-2018-q2-update/gcc-arm-none-eabi-7-2018-q2-update/bin/../lib/gcc/arm-none-eabi/7.3.1/thumb/v7e-m/fpv4-sp/hard/libgcc.a(_aeabi_uldivmod.o)
                0x0000000000032910                __aeabi_uldivmod
 .text          0x0000000000032940      0x2cc /usr/local/Caskroom/gcc-arm-embedded/7-2018-q2-update/gcc-arm-none-eabi-7-2018-q2-update/bin/../lib/gcc/arm-none-eabi/7.3.1/thumb/v7e-m/fpv4-sp/hard/libgcc.a(_udivmoddi4.o)
                0x0000000000032940                __udivmoddi4
 .text          0x0000000000032c0c        0x4 /usr/local/Caskroom/gcc-arm-embedded/7-2018-q2-update/gcc-arm-none-eabi-7-2018-q2-update/bin/../lib/gcc/arm-none-eabi/7.3.1/thumb/v7e-m/fpv4-sp/hard/libgcc.a(_dvmd_tls.o)
                0x0000000000032c0c                __aeabi_ldiv0
                0x0000000000032c0c                __aeabi_idiv0
 *(.init)
 .init          0x0000000000032c10        0x4 /usr/local/Caskroom/gcc-arm-embedded/7-2018-q2-update/gcc-arm-none-eabi-7-2018-q2-update/bin/../lib/gcc/arm-none-eabi/7.3.1/thumb/v7e-m/fpv4-sp/hard/crti.o
                0x0000000000032c10                _init
 .init          0x0000000000032c14        0x8 /usr/local/Caskroom/gcc-arm-embedded/7-2018-q2-update/gcc-arm-none-eabi-7-2018-q2-update/bin/../lib/gcc/arm-none-eabi/7.3.1/thumb/v7e-m/fpv4-sp/hard/crtn.o
 *(.fini)
 .fini          0x0000000000032c1c        0x4 /usr/local/Caskroom/gcc-arm-embedded/7-2018-q2-update/gcc-arm-none-eabi-7-2018-q2-update/bin/../lib/gcc/arm-none-eabi/7.3.1/thumb/v7e-m/fpv4-sp/hard/crti.o
                0x0000000000032c1c                _fini
 .fini          0x0000000000032c20        0x8 /usr/local/Caskroom/gcc-arm-embedded/7-2018-q2-update/gcc-arm-none-eabi-7-2018-q2-update/bin/../lib/gcc/arm-none-eabi/7.3.1/thumb/v7e-m/fpv4-sp/hard/crtn.o
 *crtbegin.o(.ctors)
 *crtbegin?.o(.ctors)
 *(EXCLUDE_FILE(*crtend.o *crtend?.o) .ctors)
 *(SORT_BY_NAME(.ctors.*))
 *(.ctors)
 *crtbegin.o(.dtors)
 *crtbegin?.o(.dtors)
 *(EXCLUDE_FILE(*crtend.o *crtend?.o) .dtors)
 *(SORT_BY_NAME(.dtors.*))
 *(.dtors)
 *(.rodata*)
 .rodata.main.str1.1
                0x0000000000032c28       0xfc _build/main.o
 .rodata.nrf_gpio_pin_port_decode.str1.1
                0x0000000000032d24       0x4a _build/main.o
 .rodata.app_error_fault_handler.str1.1
                0x0000000000032d6e       0xb7 _build/better_error_handling.o
 *fill*         0x0000000000032e25        0xb 
 .rodata.delay_machine_code.8918
                0x0000000000032e30        0x6 _build/better_error_handling.o
 *fill*         0x0000000000032e36        0xa 
 .rodata.delay_machine_code.9562
                0x0000000000032e40        0x6 _build/app_timer.o
 .rodata.app_util_critical_region_enter.str1.1
                0x0000000000032e46       0x5c _build/app_util_platform.o
 .rodata.HardFault_c_handler.str1.1
                0x0000000000032ea2      0x12e _build/hardfault_implementation.o
 .rodata.cfsr_msgs.9757
                0x0000000000032fd0       0x68 _build/hardfault_implementation.o
 .rodata.str1.1
                0x0000000000033038      0x4c0 _build/hardfault_implementation.o
 .rodata.nrf_balloc_init.str1.1
                0x00000000000334f8       0x57 _build/nrf_balloc.o
 .rodata.buf_prealloc.str1.1
                0x000000000003354f       0x5e _build/nrf_log_frontend.o
 .rodata.nrf_log_frontend_dequeue.str1.1
                0x00000000000335ad       0x11 _build/nrf_log_frontend.o
 .rodata.str1.1
                0x00000000000335be        0x4 _build/nrf_log_frontend.o
 .rodata.str1.1
                0x00000000000335c2        0x9 _build/nrf_pwr_mgmt.o
 .rodata.memobj_op.str1.1
                0x00000000000335cb       0x57 _build/nrf_memobj.o
 .rodata.nrf_section_iter_init.str1.1
                0x0000000000033622       0x70 _build/nrf_section_iter.o
 .rodata.m_unknown_str
                0x0000000000033692       0x13 _build/nrf_strerror.o
 *fill*         0x00000000000336a5        0x3 
 .rodata.nrf_strerror_array
                0x00000000000336a8      0x128 _build/nrf_strerror.o
 .rodata.str1.1
                0x00000000000337d0      0x3ba _build/nrf_strerror.o
 .rodata.nrf_gpio_pin_port_decode.str1.1
                0x0000000000033b8a       0x4a _build/nrfx_gpiote.o
 .rodata.nrfx_gpiote_out_init.str1.1
                0x0000000000033b8a       0x55 _build/nrfx_gpiote.o
 .rodata.str1.1
                0x0000000000033bdf        0x7 _build/nrfx_gpiote.o
 .rodata.str1.1
                0x0000000000033be6        0x6 _build/nrfx_saadc.o
 .rodata.str1.1
                0x0000000000033bec        0x6 _build/nrfx_timer.o
 .rodata.SPIM0_SPIS0_TWIM0_TWIS0_SPI0_TWI0_IRQHandler.str1.1
                0x0000000000033bf2       0x53 _build/nrfx_twim.o
 .rodata.str1.1
                0x0000000000033c45        0x5 _build/nrfx_twim.o
 .rodata.SPIM1_SPIS1_TWIM1_TWIS1_SPI1_TWI1_IRQHandler.str1.1
                0x0000000000033c4a       0x53 _build/nrfx_spim.o
 .rodata.nrf_gpio_pin_port_decode.str1.1
                0x0000000000033c9d       0x4a _build/nrfx_spim.o
 .rodata.str1.1
                0x0000000000033c9d        0x5 _build/nrfx_spim.o
 .rodata.str1.1
                0x0000000000033ca2        0x6 _build/nrfx_clock.o
 .rodata.str1.1
                0x0000000000033ca8        0x4 _build/nrfx_ppi.o
 .rodata.str1.1
                0x0000000000033cac        0x5 _build/nrfx_uart.o
 .rodata.str1.1
                0x0000000000033cb1        0x6 _build/nrfx_uarte.o
 .rodata.UARTE0_UART0_IRQHandler.str1.1
                0x0000000000033cb7       0x56 _build/nrfx_prs.o
 .rodata.str1.1
                0x0000000000033d0d        0x4 _build/nrfx_prs.o
 .rodata.str1.1
                0x0000000000033d11        0x4 _build/nrfx_pwm.o
 *fill*         0x0000000000033d15        0xb 
 .rodata.delay_machine_code.8906
                0x0000000000033d20        0x6 _build/mmc_nrf.o
 .rodata.nrf_gpio_pin_port_decode.str1.1
                0x0000000000033d26       0x4a _build/mmc_nrf.o
 *fill*         0x0000000000033d26        0x2 
 .rodata.clock_timer
                0x0000000000033d28        0x4 _build/simple_logger.o
 .rodata.logger_init.str1.1
                0x0000000000033d2c       0x52 _build/simple_logger.o
                                         0x53 (size before relaxing)
 .rodata.simple_logger_init.str1.1
                0x0000000000033d7e       0x35 _build/simple_logger.o
 .rodata._DoInit.str1.1
                0x0000000000033db3       0x14 _build/SEGGER_RTT.o
 .rodata.str1.1
                0x0000000000033dc7        0xd _build/nrf_fstorage.o
 .rodata.ExCvt  0x0000000000033dd4       0x80 _build/ff.o
 .rodata.check_fs.str1.1
                0x0000000000033e54        0xa _build/ff.o
 .rodata.cst.5722
                0x0000000000033e5e        0xe _build/ff.o
 .rodata.cst32.5723
                0x0000000000033e6c        0xe _build/ff.o
 .rodata.f_mkfs.str1.1
                0x0000000000033e7a       0x34 _build/ff.o
 .rodata.follow_path.str1.1
                0x0000000000033eae        0xf _build/ff.o
 .rodata        0x0000000000033ebd        0x4 _build/nrf_sdh.o
 *fill*         0x0000000000033ec1        0x3 
 .rodata.sdh_req_observers
                0x0000000000033ec4        0xc _build/nrf_sdh.o
 .rodata.sdh_stack_observers
                0x0000000000033ed0        0xc _build/nrf_sdh.o
 .rodata.sdh_state_observers
                0x0000000000033edc        0xc _build/nrf_sdh.o
 .rodata.softdevices_evt_irq_enable.str1.1
                0x0000000000033ee8       0x55 _build/nrf_sdh.o
 .rodata.str1.1
                0x0000000000033f3d        0x8 _build/nrf_sdh.o
 .rodata.data_length_update.str1.1
                0x0000000000033f45       0xdf _build/nrf_ble_gatt.o
 .rodata.nrf_ble_gatt_on_ble_evt.str1.1
                0x0000000000034024       0x60 _build/nrf_ble_gatt.o
 .rodata.str1.1
                0x0000000000034084        0xd _build/nrf_ble_gatt.o
 .rodata.nrf_sdh_ble_evts_poll.part.0.str1.1
                0x0000000000034091       0x59 _build/nrf_sdh_ble.o
 *fill*         0x00000000000340ea        0x2 
 .rodata.sdh_ble_observers
                0x00000000000340ec        0xc _build/nrf_sdh_ble.o
 .rodata.str1.1
                0x00000000000340f8        0xc _build/nrf_sdh_ble.o
 .rodata.assert_nrf_callback.str1.1
                0x0000000000034104       0x25 _build/simple_ble.o
 .rodata.on_ble_evt.str1.1
                0x0000000000034129       0x51 _build/simple_ble.o
 *fill*         0x000000000003417a        0x2 
 .rodata._global_impure_ptr
                0x000000000003417c        0x4 /usr/local/Caskroom/gcc-arm-embedded/7-2018-q2-update/gcc-arm-none-eabi-7-2018-q2-update/bin/../lib/gcc/arm-none-eabi/7.3.1/../../../../arm-none-eabi/lib/thumb/v7e-m/fpv4-sp/hard/libc.a(lib_a-impure.o)
                0x000000000003417c                _global_impure_ptr
 .rodata._setlocale_r.str1.4
                0x0000000000034180        0xa /usr/local/Caskroom/gcc-arm-embedded/7-2018-q2-update/gcc-arm-none-eabi-7-2018-q2-update/bin/../lib/gcc/arm-none-eabi/7.3.1/../../../../arm-none-eabi/lib/thumb/v7e-m/fpv4-sp/hard/libc.a(lib_a-locale.o)
                                          0xd (size before relaxing)
 *fill*         0x000000000003418a        0x2 
 .rodata.str1.4
                0x000000000003418c        0x2 /usr/local/Caskroom/gcc-arm-embedded/7-2018-q2-update/gcc-arm-none-eabi-7-2018-q2-update/bin/../lib/gcc/arm-none-eabi/7.3.1/../../../../arm-none-eabi/lib/thumb/v7e-m/fpv4-sp/hard/libc.a(lib_a-locale.o)
 *fill*         0x000000000003418e        0x2 
 .rodata._vfprintf_r.str1.4
                0x0000000000034190       0x42 /usr/local/Caskroom/gcc-arm-embedded/7-2018-q2-update/gcc-arm-none-eabi-7-2018-q2-update/bin/../lib/gcc/arm-none-eabi/7.3.1/../../../../arm-none-eabi/lib/thumb/v7e-m/fpv4-sp/hard/libc.a(lib_a-vfprintf.o)
 *fill*         0x00000000000341d2        0x2 
 .rodata.blanks.8605
                0x00000000000341d4       0x10 /usr/local/Caskroom/gcc-arm-embedded/7-2018-q2-update/gcc-arm-none-eabi-7-2018-q2-update/bin/../lib/gcc/arm-none-eabi/7.3.1/../../../../arm-none-eabi/lib/thumb/v7e-m/fpv4-sp/hard/libc.a(lib_a-vfprintf.o)
 .rodata.zeroes.8606
                0x00000000000341e4       0x10 /usr/local/Caskroom/gcc-arm-embedded/7-2018-q2-update/gcc-arm-none-eabi-7-2018-q2-update/bin/../lib/gcc/arm-none-eabi/7.3.1/../../../../arm-none-eabi/lib/thumb/v7e-m/fpv4-sp/hard/libc.a(lib_a-vfprintf.o)
 .rodata._ctype_
                0x00000000000341f4      0x101 /usr/local/Caskroom/gcc-arm-embedded/7-2018-q2-update/gcc-arm-none-eabi-7-2018-q2-update/bin/../lib/gcc/arm-none-eabi/7.3.1/../../../../arm-none-eabi/lib/thumb/v7e-m/fpv4-sp/hard/libc.a(lib_a-ctype_.o)
                0x00000000000341f4                _ctype_
 *fill*         0x00000000000342f5        0x3 
 .rodata._dtoa_r.str1.4
                0x00000000000342f8       0x10 /usr/local/Caskroom/gcc-arm-embedded/7-2018-q2-update/gcc-arm-none-eabi-7-2018-q2-update/bin/../lib/gcc/arm-none-eabi/7.3.1/../../../../arm-none-eabi/lib/thumb/v7e-m/fpv4-sp/hard/libc.a(lib_a-dtoa.o)
                                         0x12 (size before relaxing)
 .rodata.__mprec_bigtens
                0x0000000000034308       0x28 /usr/local/Caskroom/gcc-arm-embedded/7-2018-q2-update/gcc-arm-none-eabi-7-2018-q2-update/bin/../lib/gcc/arm-none-eabi/7.3.1/../../../../arm-none-eabi/lib/thumb/v7e-m/fpv4-sp/hard/libc.a(lib_a-mprec.o)
                0x0000000000034308                __mprec_bigtens
 .rodata.__mprec_tens
                0x0000000000034330       0xc8 /usr/local/Caskroom/gcc-arm-embedded/7-2018-q2-update/gcc-arm-none-eabi-7-2018-q2-update/bin/../lib/gcc/arm-none-eabi/7.3.1/../../../../arm-none-eabi/lib/thumb/v7e-m/fpv4-sp/hard/libc.a(lib_a-mprec.o)
                0x0000000000034330                __mprec_tens
 .rodata.p05.7367
                0x00000000000343f8        0xc /usr/local/Caskroom/gcc-arm-embedded/7-2018-q2-update/gcc-arm-none-eabi-7-2018-q2-update/bin/../lib/gcc/arm-none-eabi/7.3.1/../../../../arm-none-eabi/lib/thumb/v7e-m/fpv4-sp/hard/libc.a(lib_a-mprec.o)
 .rodata._svfprintf_r.str1.4
                0x0000000000034404       0x42 /usr/local/Caskroom/gcc-arm-embedded/7-2018-q2-update/gcc-arm-none-eabi-7-2018-q2-update/bin/../lib/gcc/arm-none-eabi/7.3.1/../../../../arm-none-eabi/lib/thumb/v7e-m/fpv4-sp/hard/libc.a(lib_a-svfprintf.o)
 .rodata.blanks.8590
                0x0000000000034404       0x10 /usr/local/Caskroom/gcc-arm-embedded/7-2018-q2-update/gcc-arm-none-eabi-7-2018-q2-update/bin/../lib/gcc/arm-none-eabi/7.3.1/../../../../arm-none-eabi/lib/thumb/v7e-m/fpv4-sp/hard/libc.a(lib_a-svfprintf.o)
 .rodata.zeroes.8591
                0x0000000000034414       0x10 /usr/local/Caskroom/gcc-arm-embedded/7-2018-q2-update/gcc-arm-none-eabi-7-2018-q2-update/bin/../lib/gcc/arm-none-eabi/7.3.1/../../../../arm-none-eabi/lib/thumb/v7e-m/fpv4-sp/hard/libc.a(lib_a-svfprintf.o)
 *(.eh_frame*)
 .eh_frame      0x0000000000034424        0x0 /usr/local/Caskroom/gcc-arm-embedded/7-2018-q2-update/gcc-arm-none-eabi-7-2018-q2-update/bin/../lib/gcc/arm-none-eabi/7.3.1/thumb/v7e-m/fpv4-sp/hard/crtbegin.o
 .eh_frame      0x0000000000034424        0x4 /usr/local/Caskroom/gcc-arm-embedded/7-2018-q2-update/gcc-arm-none-eabi-7-2018-q2-update/bin/../lib/gcc/arm-none-eabi/7.3.1/thumb/v7e-m/fpv4-sp/hard/crtend.o

.glue_7         0x0000000000034428        0x0
 .glue_7        0x0000000000034428        0x0 linker stubs

.glue_7t        0x0000000000034428        0x0
 .glue_7t       0x0000000000034428        0x0 linker stubs

.vfp11_veneer   0x0000000000034428        0x0
 .vfp11_veneer  0x0000000000034428        0x0 linker stubs

.v4_bx          0x0000000000034428        0x0
 .v4_bx         0x0000000000034428        0x0 linker stubs

.iplt           0x0000000000034428        0x0
 .iplt          0x0000000000034428        0x0 /usr/local/Caskroom/gcc-arm-embedded/7-2018-q2-update/gcc-arm-none-eabi-7-2018-q2-update/bin/../lib/gcc/arm-none-eabi/7.3.1/thumb/v7e-m/fpv4-sp/hard/crtbegin.o

.mem_section_dummy_rom

.sdh_soc_observers
                0x0000000000034428        0x8
                [!provide]                        PROVIDE (__start_sdh_soc_observers = .)
 *(SORT_BY_NAME(.sdh_soc_observers*))
 .sdh_soc_observers1
                0x0000000000034428        0x8 _build/simple_ble.o
                [!provide]                        PROVIDE (__stop_sdh_soc_observers = .)

.crypto_data    0x0000000000034430        0x0
                [!provide]                        PROVIDE (__start_crypto_data = .)
 *(SORT_BY_NAME(.crypto_data*))
                [!provide]                        PROVIDE (__stop_crypto_data = .)

.log_const_data
                0x0000000000034430       0x90
                0x0000000000034430                PROVIDE (__start_log_const_data = .)
 *(SORT_BY_NAME(.log_const_data*))
 .log_const_data_CLOCK
                0x0000000000034430        0x8 _build/nrfx_clock.o
                0x0000000000034430                m_nrf_log_CLOCK_logs_data_const
 .log_const_data_GPIOTE
                0x0000000000034438        0x8 _build/nrfx_gpiote.o
                0x0000000000034438                m_nrf_log_GPIOTE_logs_data_const
 .log_const_data_PPI
                0x0000000000034440        0x8 _build/nrfx_ppi.o
                0x0000000000034440                m_nrf_log_PPI_logs_data_const
 .log_const_data_PRS
                0x0000000000034448        0x8 _build/nrfx_prs.o
                0x0000000000034448                m_nrf_log_PRS_logs_data_const
 .log_const_data_PWM
                0x0000000000034450        0x8 _build/nrfx_pwm.o
                0x0000000000034450                m_nrf_log_PWM_logs_data_const
 .log_const_data_SAADC
                0x0000000000034458        0x8 _build/nrfx_saadc.o
                0x0000000000034458                m_nrf_log_SAADC_logs_data_const
 .log_const_data_SPIM
                0x0000000000034460        0x8 _build/nrfx_spim.o
                0x0000000000034460                m_nrf_log_SPIM_logs_data_const
 .log_const_data_TIMER
                0x0000000000034468        0x8 _build/nrfx_timer.o
                0x0000000000034468                m_nrf_log_TIMER_logs_data_const
 .log_const_data_TWIM
                0x0000000000034470        0x8 _build/nrfx_twim.o
                0x0000000000034470                m_nrf_log_TWIM_logs_data_const
 .log_const_data_UART
                0x0000000000034478        0x8 _build/nrfx_uart.o
                0x0000000000034478                m_nrf_log_UART_logs_data_const
 .log_const_data_UARTE
                0x0000000000034480        0x8 _build/nrfx_uarte.o
                0x0000000000034480                m_nrf_log_UARTE_logs_data_const
 .log_const_data_app
                0x0000000000034488        0x8 _build/nrf_log_frontend.o
                0x0000000000034488                m_nrf_log_app_logs_data_const
 .log_const_data_hardfault
                0x0000000000034490        0x8 _build/hardfault_implementation.o
                0x0000000000034490                m_nrf_log_hardfault_logs_data_const
 .log_const_data_nrf_ble_gatt
                0x0000000000034498        0x8 _build/nrf_ble_gatt.o
                0x0000000000034498                m_nrf_log_nrf_ble_gatt_logs_data_const
 .log_const_data_nrf_fstorage
                0x00000000000344a0        0x8 _build/nrf_fstorage.o
                0x00000000000344a0                m_nrf_log_nrf_fstorage_logs_data_const
 .log_const_data_nrf_sdh
                0x00000000000344a8        0x8 _build/nrf_sdh.o
                0x00000000000344a8                m_nrf_log_nrf_sdh_logs_data_const
 .log_const_data_nrf_sdh_ble
                0x00000000000344b0        0x8 _build/nrf_sdh_ble.o
                0x00000000000344b0                m_nrf_log_nrf_sdh_ble_logs_data_const
 .log_const_data_pwr_mgmt
                0x00000000000344b8        0x8 _build/nrf_pwr_mgmt.o
                0x00000000000344b8                m_nrf_log_pwr_mgmt_logs_data_const
                0x00000000000344c0                PROVIDE (__stop_log_const_data = .)

.nrf_balloc     0x00000000000344c0       0x14
                [!provide]                        PROVIDE (__start_nrf_balloc = .)
 *(.nrf_balloc)
 .nrf_balloc    0x00000000000344c0       0x14 _build/nrf_log_frontend.o
                0x00000000000344c0                log_mempool
                [!provide]                        PROVIDE (__stop_nrf_balloc = .)

.nrf_queue      0x00000000000344d4        0x0
                [!provide]                        PROVIDE (__start_nrf_queue = .)
 *(.nrf_queue)
                [!provide]                        PROVIDE (__stop_nrf_queue = .)

.sdh_state_observers
                0x00000000000344d4        0x0
                0x00000000000344d4                PROVIDE (__start_sdh_state_observers = .)
 *(SORT_BY_NAME(.sdh_state_observers*))
                0x00000000000344d4                PROVIDE (__stop_sdh_state_observers = .)

.sdh_stack_observers
                0x00000000000344d4        0x8
                0x00000000000344d4                PROVIDE (__start_sdh_stack_observers = .)
 *(SORT_BY_NAME(.sdh_stack_observers*))
 .sdh_stack_observers0
                0x00000000000344d4        0x8 _build/nrf_sdh_ble.o
                0x00000000000344dc                PROVIDE (__stop_sdh_stack_observers = .)

.sdh_req_observers
                0x00000000000344dc        0x0
                0x00000000000344dc                PROVIDE (__start_sdh_req_observers = .)
 *(SORT_BY_NAME(.sdh_req_observers*))
                0x00000000000344dc                PROVIDE (__stop_sdh_req_observers = .)

.cli_command    0x00000000000344dc        0x0
                [!provide]                        PROVIDE (__start_cli_command = .)
 *(.cli_command)
                [!provide]                        PROVIDE (__stop_cli_command = .)

.pwr_mgmt_data  0x00000000000344dc        0x0
                0x00000000000344dc                PROVIDE (__start_pwr_mgmt_data = .)
 *(SORT_BY_NAME(.pwr_mgmt_data*))
                0x00000000000344dc                PROVIDE (__stop_pwr_mgmt_data = .)

.sdh_ble_observers
                0x00000000000344dc       0x28
                0x00000000000344dc                PROVIDE (__start_sdh_ble_observers = .)
 *(SORT_BY_NAME(.sdh_ble_observers*))
 .sdh_ble_observers1
                0x00000000000344dc        0x8 _build/ble_conn_params.o
 .sdh_ble_observers1
                0x00000000000344e4       0x10 _build/simple_ble.o
 .sdh_ble_observers2
                0x00000000000344f4        0x8 _build/simple_ble.o
 .sdh_ble_observers3
                0x00000000000344fc        0x8 _build/simple_ble.o
                0x0000000000034504                PROVIDE (__stop_sdh_ble_observers = .)

.dfu_trans      0x0000000000034504        0x0
                [!provide]                        PROVIDE (__start_dfu_trans = .)
 *(SORT_BY_NAME(.dfu_trans*))
                [!provide]                        PROVIDE (__stop_dfu_trans = .)

.ARM.extab
 *(.ARM.extab* .gnu.linkonce.armextab.*)
                0x0000000000034504                __exidx_start = .

.ARM.exidx      0x0000000000034504        0x8
 *(.ARM.exidx* .gnu.linkonce.armexidx.*)
 .ARM.exidx     0x0000000000034504        0x8 /usr/local/Caskroom/gcc-arm-embedded/7-2018-q2-update/gcc-arm-none-eabi-7-2018-q2-update/bin/../lib/gcc/arm-none-eabi/7.3.1/../../../../arm-none-eabi/lib/thumb/v7e-m/fpv4-sp/hard/crt0.o
 .ARM.exidx     0x000000000003450c        0x0 /usr/local/Caskroom/gcc-arm-embedded/7-2018-q2-update/gcc-arm-none-eabi-7-2018-q2-update/bin/../lib/gcc/arm-none-eabi/7.3.1/thumb/v7e-m/fpv4-sp/hard/libgcc.a(_udivmoddi4.o)
                                          0x8 (size before relaxing)
                0x000000000003450c                __exidx_end = .
                0x000000000003450c                __etext = .

.rel.dyn        0x000000000003450c        0x0
 .rel.iplt      0x000000000003450c        0x0 /usr/local/Caskroom/gcc-arm-embedded/7-2018-q2-update/gcc-arm-none-eabi-7-2018-q2-update/bin/../lib/gcc/arm-none-eabi/7.3.1/thumb/v7e-m/fpv4-sp/hard/crtbegin.o

.data           0x00000000200094b8      0x9d0 load address 0x000000000003450c
                0x00000000200094b8                __data_start__ = .
 *(vtable)
 *(.data*)
 .data.Stat     0x00000000200094b8        0x1 _build/mmc_nrf.o
 *fill*         0x00000000200094b9        0x3 
 .data.m_scan_buffer
                0x00000000200094bc        0x8 _build/simple_ble.o
 .data.SystemCoreClock
                0x00000000200094c4        0x4 _build/system_nrf52840.o
                0x00000000200094c4                SystemCoreClock
 .data._impure_ptr
                0x00000000200094c8        0x4 /usr/local/Caskroom/gcc-arm-embedded/7-2018-q2-update/gcc-arm-none-eabi-7-2018-q2-update/bin/../lib/gcc/arm-none-eabi/7.3.1/../../../../arm-none-eabi/lib/thumb/v7e-m/fpv4-sp/hard/libc.a(lib_a-impure.o)
                0x00000000200094c8                _impure_ptr
 *fill*         0x00000000200094cc        0x4 
 .data.impure_data
                0x00000000200094d0      0x428 /usr/local/Caskroom/gcc-arm-embedded/7-2018-q2-update/gcc-arm-none-eabi-7-2018-q2-update/bin/../lib/gcc/arm-none-eabi/7.3.1/../../../../arm-none-eabi/lib/thumb/v7e-m/fpv4-sp/hard/libc.a(lib_a-impure.o)
 .data.__global_locale
                0x00000000200098f8      0x16c /usr/local/Caskroom/gcc-arm-embedded/7-2018-q2-update/gcc-arm-none-eabi-7-2018-q2-update/bin/../lib/gcc/arm-none-eabi/7.3.1/../../../../arm-none-eabi/lib/thumb/v7e-m/fpv4-sp/hard/libc.a(lib_a-locale.o)
                0x00000000200098f8                __global_locale
 .data.__atexit_recursive_mutex
                0x0000000020009a64        0x4 /usr/local/Caskroom/gcc-arm-embedded/7-2018-q2-update/gcc-arm-none-eabi-7-2018-q2-update/bin/../lib/gcc/arm-none-eabi/7.3.1/../../../../arm-none-eabi/lib/thumb/v7e-m/fpv4-sp/hard/libc.a(lib_a-__call_atexit.o)
                0x0000000020009a64                __atexit_recursive_mutex
 .data.__malloc_av_
                0x0000000020009a68      0x408 /usr/local/Caskroom/gcc-arm-embedded/7-2018-q2-update/gcc-arm-none-eabi-7-2018-q2-update/bin/../lib/gcc/arm-none-eabi/7.3.1/../../../../arm-none-eabi/lib/thumb/v7e-m/fpv4-sp/hard/libc.a(lib_a-mallocr.o)
                0x0000000020009a68                __malloc_av_
 .data.__malloc_sbrk_base
                0x0000000020009e70        0x4 /usr/local/Caskroom/gcc-arm-embedded/7-2018-q2-update/gcc-arm-none-eabi-7-2018-q2-update/bin/../lib/gcc/arm-none-eabi/7.3.1/../../../../arm-none-eabi/lib/thumb/v7e-m/fpv4-sp/hard/libc.a(lib_a-mallocr.o)
                0x0000000020009e70                __malloc_sbrk_base
 .data.__malloc_trim_threshold
                0x0000000020009e74        0x4 /usr/local/Caskroom/gcc-arm-embedded/7-2018-q2-update/gcc-arm-none-eabi-7-2018-q2-update/bin/../lib/gcc/arm-none-eabi/7.3.1/../../../../arm-none-eabi/lib/thumb/v7e-m/fpv4-sp/hard/libc.a(lib_a-mallocr.o)
                0x0000000020009e74                __malloc_trim_threshold
                0x0000000020009e78                . = ALIGN (0x4)
                0x0000000020009e78                PROVIDE (__preinit_array_start = .)
 *(.preinit_array)
                0x0000000020009e78                PROVIDE (__preinit_array_end = .)
                0x0000000020009e78                . = ALIGN (0x4)
                0x0000000020009e78                PROVIDE (__init_array_start = .)
 *(SORT_BY_NAME(.init_array.*))
 .init_array.00000
                0x0000000020009e78        0x4 /usr/local/Caskroom/gcc-arm-embedded/7-2018-q2-update/gcc-arm-none-eabi-7-2018-q2-update/bin/../lib/gcc/arm-none-eabi/7.3.1/../../../../arm-none-eabi/lib/thumb/v7e-m/fpv4-sp/hard/libc.a(lib_a-__call_atexit.o)
 *(.init_array)
 .init_array    0x0000000020009e7c        0x4 /usr/local/Caskroom/gcc-arm-embedded/7-2018-q2-update/gcc-arm-none-eabi-7-2018-q2-update/bin/../lib/gcc/arm-none-eabi/7.3.1/thumb/v7e-m/fpv4-sp/hard/crtbegin.o
 .init_array    0x0000000020009e80        0x4 _build/before_startup.o
                0x0000000020009e84                PROVIDE (__init_array_end = .)
                0x0000000020009e84                . = ALIGN (0x4)
                0x0000000020009e84                PROVIDE (__fini_array_start = .)
 *(SORT_BY_NAME(.fini_array.*))
 *(.fini_array)
 .fini_array    0x0000000020009e84        0x4 /usr/local/Caskroom/gcc-arm-embedded/7-2018-q2-update/gcc-arm-none-eabi-7-2018-q2-update/bin/../lib/gcc/arm-none-eabi/7.3.1/thumb/v7e-m/fpv4-sp/hard/crtbegin.o
                0x0000000020009e88                PROVIDE (__fini_array_end = .)
 *(.jcr*)
                0x0000000020009e88                . = ALIGN (0x4)
                0x0000000020009e88                __data_end__ = .
LOAD /usr/local/Caskroom/gcc-arm-embedded/7-2018-q2-update/gcc-arm-none-eabi-7-2018-q2-update/bin/../lib/gcc/arm-none-eabi/7.3.1/thumb/v7e-m/fpv4-sp/hard/crti.o
LOAD /usr/local/Caskroom/gcc-arm-embedded/7-2018-q2-update/gcc-arm-none-eabi-7-2018-q2-update/bin/../lib/gcc/arm-none-eabi/7.3.1/thumb/v7e-m/fpv4-sp/hard/crtbegin.o
LOAD /usr/local/Caskroom/gcc-arm-embedded/7-2018-q2-update/gcc-arm-none-eabi-7-2018-q2-update/bin/../lib/gcc/arm-none-eabi/7.3.1/../../../../arm-none-eabi/lib/thumb/v7e-m/fpv4-sp/hard/crt0.o
START GROUP
LOAD _build/main.o
LOAD _build/better_error_handling.o
LOAD _build/ab1815.o
LOAD _build/app_error_handler_gcc.o
LOAD _build/app_error.o
LOAD _build/app_scheduler.o
LOAD _build/app_timer.o
LOAD _build/app_util_platform.o
LOAD _build/before_startup.o
LOAD _build/hardfault_handler_gcc.o
LOAD _build/hardfault_implementation.o
LOAD _build/nrf_assert.o
LOAD _build/nrf_atomic.o
LOAD _build/nrf_balloc.o
LOAD _build/nrf_drv_twi.o
LOAD _build/nrf_drv_spi.o
LOAD _build/nrf_twi_mngr.o
LOAD _build/nrf_fprintf.o
LOAD _build/nrf_fprintf_format.o
LOAD _build/nrf_log_backend_rtt.o
LOAD _build/nrf_log_backend_serial.o
LOAD _build/nrf_log_default_backends.o
LOAD _build/nrf_log_backend_uart.o
LOAD _build/nrf_log_frontend.o
LOAD _build/nrf_log_str_formatter.o
LOAD _build/nrf_pwr_mgmt.o
LOAD _build/nrf_memobj.o
LOAD _build/nrf_ringbuf.o
LOAD _build/nrf_section_iter.o
LOAD _build/nrf_strerror.o
LOAD _build/nrf_queue.o
LOAD _build/nrf_drv_clock.o
LOAD _build/nrf_drv_ppi.o
LOAD _build/nrf_drv_uart.o
LOAD _build/nrfx_gpiote.o
LOAD _build/nrfx_saadc.o
LOAD _build/nrfx_timer.o
LOAD _build/nrfx_twi.o
LOAD _build/nrfx_twim.o
LOAD _build/nrfx_spi.o
LOAD _build/nrfx_spim.o
LOAD _build/nrfx_clock.o
LOAD _build/nrfx_ppi.o
LOAD _build/nrfx_rtc.o
LOAD _build/nrfx_uart.o
LOAD _build/nrfx_uarte.o
LOAD _build/nrfx_prs.o
LOAD _build/nrfx_pwm.o
LOAD _build/nrf_serial.o
LOAD _build/mmc_nrf.o
LOAD _build/app_uart.o
LOAD _build/app_pwm.o
LOAD _build/simple_logger.o
LOAD _build/SEGGER_RTT.o
LOAD _build/SEGGER_RTT_Syscalls_GCC.o
LOAD _build/SEGGER_RTT_printf.o
LOAD _build/nrf_fstorage.o
LOAD _build/ff.o
LOAD _build/nrf_sdh.o
LOAD _build/ble_advdata.o
LOAD _build/ble_advertising.o
LOAD _build/ble_conn_params.o
LOAD _build/ble_srv_common.o
LOAD _build/nrf_ble_gatt.o
LOAD _build/nrf_ble_qwr.o
LOAD _build/nrf_sdh_ble.o
LOAD _build/simple_ble.o
LOAD _build/system_nrf52840.o
LOAD _build/app_error_weak.o
LOAD _build/gcc_startup_nrf52840.os
LOAD ../../nrf52x-base//sdk/nrf5_sdk_15.3.0_thread/external/openthread/lib/nrf52840/gcc/libopenthread-mtd.a
LOAD ../../nrf52x-base//sdk/nrf5_sdk_15.3.0_thread/external/openthread/lib/nrf52840/gcc/libopenthread-platform-utils.a
LOAD ../../nrf52x-base//sdk/nrf5_sdk_15.3.0_thread/external/openthread/lib/nrf52840/gcc/libopenthread-nrf52840-sdk.a
LOAD ../../nrf52x-base//sdk/nrf5_sdk_15.3.0_thread/external/openthread/lib/nrf52840/gcc/libopenthread-diag.a
LOAD ../../nrf52x-base//sdk/nrf5_sdk_15.3.0_thread/external/openthread/lib/nrf52840/gcc/libopenthread-radio.a
LOAD ../../nrf52x-base//sdk/nrf5_sdk_15.3.0_thread/external/openthread/lib/nrf52840/gcc/libnordicsemi-nrf52840-radio-driver.a
LOAD ../../nrf52x-base//sdk/nrf5_sdk_15.3.0_thread/external/openthread/lib/nrf52840/gcc/libmbedcrypto.a
LOAD ../../nrf52x-base//sdk/nrf5_sdk_15.3.0_thread/external/nrf_cc310/lib/libnrf_cc310_0.9.10.a
LOAD ../../nrf52x-base//sdk/nrf5_sdk_15.3.0_thread/external/nrf_cc310_bl/lib/libnrf_cc310_bl_0.9.10.a
LOAD /usr/local/Caskroom/gcc-arm-embedded/7-2018-q2-update/gcc-arm-none-eabi-7-2018-q2-update/bin/../lib/gcc/arm-none-eabi/7.3.1/../../../../arm-none-eabi/lib/thumb/v7e-m/fpv4-sp/hard/libc.a
LOAD /usr/local/Caskroom/gcc-arm-embedded/7-2018-q2-update/gcc-arm-none-eabi-7-2018-q2-update/bin/../lib/gcc/arm-none-eabi/7.3.1/../../../../arm-none-eabi/lib/thumb/v7e-m/fpv4-sp/hard/libnosys.a
LOAD /usr/local/Caskroom/gcc-arm-embedded/7-2018-q2-update/gcc-arm-none-eabi-7-2018-q2-update/bin/../lib/gcc/arm-none-eabi/7.3.1/../../../../arm-none-eabi/lib/thumb/v7e-m/fpv4-sp/hard/libm.a
LOAD /usr/local/Caskroom/gcc-arm-embedded/7-2018-q2-update/gcc-arm-none-eabi-7-2018-q2-update/bin/../lib/gcc/arm-none-eabi/7.3.1/../../../../arm-none-eabi/lib/thumb/v7e-m/fpv4-sp/hard/libstdc++.a
END GROUP
START GROUP
LOAD /usr/local/Caskroom/gcc-arm-embedded/7-2018-q2-update/gcc-arm-none-eabi-7-2018-q2-update/bin/../lib/gcc/arm-none-eabi/7.3.1/thumb/v7e-m/fpv4-sp/hard/libgcc.a
LOAD /usr/local/Caskroom/gcc-arm-embedded/7-2018-q2-update/gcc-arm-none-eabi-7-2018-q2-update/bin/../lib/gcc/arm-none-eabi/7.3.1/../../../../arm-none-eabi/lib/thumb/v7e-m/fpv4-sp/hard/libc.a
END GROUP
LOAD /usr/local/Caskroom/gcc-arm-embedded/7-2018-q2-update/gcc-arm-none-eabi-7-2018-q2-update/bin/../lib/gcc/arm-none-eabi/7.3.1/thumb/v7e-m/fpv4-sp/hard/crtend.o
LOAD /usr/local/Caskroom/gcc-arm-embedded/7-2018-q2-update/gcc-arm-none-eabi-7-2018-q2-update/bin/../lib/gcc/arm-none-eabi/7.3.1/thumb/v7e-m/fpv4-sp/hard/crtn.o
START GROUP
LOAD /usr/local/Caskroom/gcc-arm-embedded/7-2018-q2-update/gcc-arm-none-eabi-7-2018-q2-update/bin/../lib/gcc/arm-none-eabi/7.3.1/thumb/v7e-m/fpv4-sp/hard/libgcc.a
LOAD /usr/local/Caskroom/gcc-arm-embedded/7-2018-q2-update/gcc-arm-none-eabi-7-2018-q2-update/bin/../lib/gcc/arm-none-eabi/7.3.1/../../../../arm-none-eabi/lib/thumb/v7e-m/fpv4-sp/hard/libc.a
LOAD /usr/local/Caskroom/gcc-arm-embedded/7-2018-q2-update/gcc-arm-none-eabi-7-2018-q2-update/bin/../lib/gcc/arm-none-eabi/7.3.1/../../../../arm-none-eabi/lib/thumb/v7e-m/fpv4-sp/hard/libnosys.a
END GROUP

.igot.plt       0x0000000020009e88        0x0 load address 0x0000000000034edc
 .igot.plt      0x0000000020009e88        0x0 /usr/local/Caskroom/gcc-arm-embedded/7-2018-q2-update/gcc-arm-none-eabi-7-2018-q2-update/bin/../lib/gcc/arm-none-eabi/7.3.1/thumb/v7e-m/fpv4-sp/hard/crtbegin.o

.bootloader_settings_page
                0x00000000000ff000        0x0
                [!provide]                        PROVIDE (__start_bootloader_settings_page = .)
 *(SORT_BY_NAME(.bootloader_settings_page*))
                [!provide]                        PROVIDE (__stop_bootloader_settings_page = .)

.uicr_bootloader_start_address
                0x0000000010001014        0x0
                [!provide]                        PROVIDE (__start_uicr_bootloader_start_address = .)
 *(SORT_BY_NAME(.uicr_bootloader_start_address*))
                [!provide]                        PROVIDE (__stop_uicr_bootloader_start_address = .)
                0x0000000010001014                . = ALIGN (0x4)

.mem_section_dummy_ram

.log_dynamic_data
                0x0000000020009e88        0x0
                0x0000000020009e88                PROVIDE (__start_log_dynamic_data = .)
 *(SORT_BY_NAME(.log_dynamic_data*))
                [!provide]                        PROVIDE (__stop_log_dynamic_data = .)

.cli_sorted_cmd_ptrs
                0x0000000020009e88        0x0
                [!provide]                        PROVIDE (__start_cli_sorted_cmd_ptrs = .)
 *(.cli_sorted_cmd_ptrs)
                [!provide]                        PROVIDE (__stop_cli_sorted_cmd_ptrs = .)

.fs_data        0x0000000020009e88        0x0
                0x0000000020009e88                PROVIDE (__start_fs_data = .)
 *(.fs_data)
                0x0000000020009e88                PROVIDE (__stop_fs_data = .)

.bss            0x0000000020009e88     0x15d8 load address 0x0000000000034edc
                0x0000000020009e88                . = ALIGN (0x4)
                0x0000000020009e88                __bss_start__ = .
 *(.bss*)
 .bss           0x0000000020009e88       0x1c /usr/local/Caskroom/gcc-arm-embedded/7-2018-q2-update/gcc-arm-none-eabi-7-2018-q2-update/bin/../lib/gcc/arm-none-eabi/7.3.1/thumb/v7e-m/fpv4-sp/hard/crtbegin.o
 .bss.m_op_queue
                0x0000000020009ea4      0x10c _build/app_timer.o
 .bss.m_rtc1_reset
                0x0000000020009fb0        0x1 _build/app_timer.o